Component: ARM Compiler 5.06 update 7 (build 960) Tool: armlink [4d3601]

==============================================================================

Section Cross References

    startup_stm32f407xx.o(RESET) refers to startup_stm32f407xx.o(STACK) for __initial_sp
    startup_stm32f407xx.o(RESET) refers to startup_stm32f407xx.o(.text) for Reset_Handler
    startup_stm32f407xx.o(RESET) refers to stm32f4xx_it.o(i.NMI_Handler) for NMI_Handler
    startup_stm32f407xx.o(RESET) refers to stm32f4xx_it.o(i.HardFault_Handler) for HardFault_Handler
    startup_stm32f407xx.o(RESET) refers to stm32f4xx_it.o(i.MemManage_Handler) for MemManage_Handler
    startup_stm32f407xx.o(RESET) refers to stm32f4xx_it.o(i.BusFault_Handler) for BusFault_Handler
    startup_stm32f407xx.o(RESET) refers to stm32f4xx_it.o(i.UsageFault_Handler) for UsageFault_Handler
    startup_stm32f407xx.o(RESET) refers to port.o(.emb_text) for SVC_Handler
    startup_stm32f407xx.o(RESET) refers to stm32f4xx_it.o(i.DebugMon_Handler) for DebugMon_Handler
    startup_stm32f407xx.o(RESET) refers to cmsis_os2.o(i.SysTick_Handler) for SysTick_Handler
    startup_stm32f407xx.o(RESET) refers to stm32f4xx_it.o(i.DMA1_Stream1_IRQHandler) for DMA1_Stream1_IRQHandler
    startup_stm32f407xx.o(RESET) refers to stm32f4xx_it.o(i.USART3_IRQHandler) for USART3_IRQHandler
    startup_stm32f407xx.o(RESET) refers to stm32f4xx_it.o(i.TIM6_DAC_IRQHandler) for TIM6_DAC_IRQHandler
    startup_stm32f407xx.o(.text) refers to system_stm32f4xx.o(i.SystemInit) for SystemInit
    startup_stm32f407xx.o(.text) refers to entry.o(.ARM.Collect$$$$00000000) for __main
    main.o(i.HAL_TIM_PeriodElapsedCallback) refers to stm32f4xx_hal.o(i.HAL_IncTick) for HAL_IncTick
    main.o(i.SystemClock_Config) refers to memseta.o(.text) for __aeabi_memclr4
    main.o(i.SystemClock_Config) refers to stm32f4xx_hal_rcc.o(i.HAL_RCC_OscConfig) for HAL_RCC_OscConfig
    main.o(i.SystemClock_Config) refers to stm32f4xx_hal_rcc.o(i.HAL_RCC_ClockConfig) for HAL_RCC_ClockConfig
    main.o(i.main) refers to stm32f4xx_hal.o(i.HAL_Init) for HAL_Init
    main.o(i.main) refers to main.o(i.SystemClock_Config) for SystemClock_Config
    main.o(i.main) refers to gpio.o(i.MX_GPIO_Init) for MX_GPIO_Init
    main.o(i.main) refers to dma.o(i.MX_DMA_Init) for MX_DMA_Init
    main.o(i.main) refers to usart.o(i.MX_USART1_UART_Init) for MX_USART1_UART_Init
    main.o(i.main) refers to usart.o(i.MX_USART3_UART_Init) for MX_USART3_UART_Init
    main.o(i.main) refers to adc.o(i.MX_ADC1_Init) for MX_ADC1_Init
    main.o(i.main) refers to adc.o(i.MX_ADC3_Init) for MX_ADC3_Init
    main.o(i.main) refers to can.o(i.MX_CAN1_Init) for MX_CAN1_Init
    main.o(i.main) refers to usart.o(i.MX_USART6_UART_Init) for MX_USART6_UART_Init
    main.o(i.main) refers to cmsis_os2.o(i.osKernelInitialize) for osKernelInitialize
    main.o(i.main) refers to tp_thread.o(i.TP_Thread_Init) for TP_Thread_Init
    main.o(i.main) refers to cmsis_os2.o(i.osKernelStart) for osKernelStart
    gpio.o(i.MX_GPIO_Init) refers to memseta.o(.text) for __aeabi_memclr4
    gpio.o(i.MX_GPIO_Init) refers to stm32f4xx_hal_gpio.o(i.HAL_GPIO_WritePin) for HAL_GPIO_WritePin
    gpio.o(i.MX_GPIO_Init) refers to stm32f4xx_hal_gpio.o(i.HAL_GPIO_Init) for HAL_GPIO_Init
    adc.o(i.HAL_ADC_MspDeInit) refers to stm32f4xx_hal_gpio.o(i.HAL_GPIO_DeInit) for HAL_GPIO_DeInit
    adc.o(i.HAL_ADC_MspInit) refers to memseta.o(.text) for __aeabi_memclr4
    adc.o(i.HAL_ADC_MspInit) refers to stm32f4xx_hal_gpio.o(i.HAL_GPIO_Init) for HAL_GPIO_Init
    adc.o(i.MX_ADC1_Init) refers to stm32f4xx_hal_adc.o(i.HAL_ADC_Init) for HAL_ADC_Init
    adc.o(i.MX_ADC1_Init) refers to main.o(i.Error_Handler) for Error_Handler
    adc.o(i.MX_ADC1_Init) refers to stm32f4xx_hal_adc.o(i.HAL_ADC_ConfigChannel) for HAL_ADC_ConfigChannel
    adc.o(i.MX_ADC1_Init) refers to adc.o(.bss) for .bss
    adc.o(i.MX_ADC3_Init) refers to stm32f4xx_hal_adc.o(i.HAL_ADC_Init) for HAL_ADC_Init
    adc.o(i.MX_ADC3_Init) refers to main.o(i.Error_Handler) for Error_Handler
    adc.o(i.MX_ADC3_Init) refers to stm32f4xx_hal_adc.o(i.HAL_ADC_ConfigChannel) for HAL_ADC_ConfigChannel
    adc.o(i.MX_ADC3_Init) refers to adc.o(.bss) for .bss
    can.o(i.HAL_CAN_MspDeInit) refers to stm32f4xx_hal_gpio.o(i.HAL_GPIO_DeInit) for HAL_GPIO_DeInit
    can.o(i.HAL_CAN_MspInit) refers to memseta.o(.text) for __aeabi_memclr4
    can.o(i.HAL_CAN_MspInit) refers to stm32f4xx_hal_gpio.o(i.HAL_GPIO_Init) for HAL_GPIO_Init
    can.o(i.MX_CAN1_Init) refers to stm32f4xx_hal_can.o(i.HAL_CAN_Init) for HAL_CAN_Init
    can.o(i.MX_CAN1_Init) refers to main.o(i.Error_Handler) for Error_Handler
    can.o(i.MX_CAN1_Init) refers to can.o(.bss) for .bss
    dma.o(i.MX_DMA_Init) refers to stm32f4xx_hal_cortex.o(i.HAL_NVIC_SetPriority) for HAL_NVIC_SetPriority
    dma.o(i.MX_DMA_Init) refers to stm32f4xx_hal_cortex.o(i.HAL_NVIC_EnableIRQ) for HAL_NVIC_EnableIRQ
[...]
    i._cbSendTaskList                        0x08003560   Section        0  segger_sysview_tp_thread.o(i._cbSendTaskList)
    _cbSendTaskList                          0x08003561   Thumb Code    52  segger_sysview_tp_thread.o(i._cbSendTaskList)
    i._printf_core                           0x0800359c   Section        0  printf1.o(i._printf_core)
    _printf_core                             0x0800359d   Thumb Code   336  printf1.o(i._printf_core)
    i.fputc                                  0x080036f0   Section        0  drv_uart.o(i.fputc)
    i.main                                   0x08003708   Section        0  main.o(i.main)
    i.osDelay                                0x0800373e   Section        0  cmsis_os2.o(i.osDelay)
    i.osKernelInitialize                     0x08003758   Section        0  cmsis_os2.o(i.osKernelInitialize)
    i.osKernelStart                          0x0800377c   Section        0  cmsis_os2.o(i.osKernelStart)
    i.osThreadNew                            0x080037b4   Section        0  cmsis_os2.o(i.osThreadNew)
    i.prvAddCurrentTaskToDelayedList         0x08003840   Section        0  task.o(i.prvAddCurrentTaskToDelayedList)
    prvAddCurrentTaskToDelayedList           0x08003841   Thumb Code    84  task.o(i.prvAddCurrentTaskToDelayedList)
    i.prvAddNewTaskToReadyList               0x0800389c   Section        0  task.o(i.prvAddNewTaskToReadyList)
    prvAddNewTaskToReadyList                 0x0800389d   Thumb Code   222  task.o(i.prvAddNewTaskToReadyList)
    i.prvCheckForValidListAndQueue           0x0800398c   Section        0  timer.o(i.prvCheckForValidListAndQueue)
    prvCheckForValidListAndQueue             0x0800398d   Thumb Code    72  timer.o(i.prvCheckForValidListAndQueue)
    i.prvCopyDataFromQueue                   0x080039e4   Section        0  queue.o(i.prvCopyDataFromQueue)
    prvCopyDataFromQueue                     0x080039e5   Thumb Code    38  queue.o(i.prvCopyDataFromQueue)
    i.prvCopyDataToQueue                     0x08003a0a   Section        0  queue.o(i.prvCopyDataToQueue)
    prvCopyDataToQueue                       0x08003a0b   Thumb Code   108  queue.o(i.prvCopyDataToQueue)
    i.prvDeleteTCB                           0x08003a76   Section        0  task.o(i.prvDeleteTCB)
    prvDeleteTCB                             0x08003a77   Thumb Code    52  task.o(i.prvDeleteTCB)
    i.prvHeapInit                            0x08003aac   Section        0  heap_4.o(i.prvHeapInit)
    prvHeapInit                              0x08003aad   Thumb Code    66  heap_4.o(i.prvHeapInit)
    i.prvIdleTask                            0x08003af8   Section        0  task.o(i.prvIdleTask)
    prvIdleTask                              0x08003af9   Thumb Code    82  task.o(i.prvIdleTask)
    i.prvInitialiseNewQueue                  0x08003b58   Section        0  queue.o(i.prvInitialiseNewQueue)
    prvInitialiseNewQueue                    0x08003b59   Thumb Code    52  queue.o(i.prvInitialiseNewQueue)
    i.prvInitialiseNewTask                   0x08003b8c   Section        0  task.o(i.prvInitialiseNewTask)
    prvInitialiseNewTask                     0x08003b8d   Thumb Code   176  task.o(i.prvInitialiseNewTask)
    i.prvInsertBlockIntoFreeList             0x08003c3c   Section        0  heap_4.o(i.prvInsertBlockIntoFreeList)
    prvInsertBlockIntoFreeList               0x08003c3d   Thumb Code    72  heap_4.o(i.prvInsertBlockIntoFreeList)
    i.prvInsertTimerInActiveList             0x08003c88   Section        0  timer.o(i.prvInsertTimerInActiveList)
    prvInsertTimerInActiveList               0x08003c89   Thumb Code    52  timer.o(i.prvInsertTimerInActiveList)
    i.prvIsQueueEmpty                        0x08003cc0   Section        0  queue.o(i.prvIsQueueEmpty)
    prvIsQueueEmpty                          0x08003cc1   Thumb Code    28  queue.o(i.prvIsQueueEmpty)
    i.prvProcessReceivedCommands             0x08003cdc   Section        0  timer.o(i.prvProcessReceivedCommands)
    prvProcessReceivedCommands               0x08003cdd   Thumb Code   248  timer.o(i.prvProcessReceivedCommands)
    i.prvProcessTimerOrBlockTask             0x08003dd8   Section        0  timer.o(i.prvProcessTimerOrBlockTask)
    prvProcessTimerOrBlockTask               0x08003dd9   Thumb Code   182  timer.o(i.prvProcessTimerOrBlockTask)
    i.prvResetNextTaskUnblockTime            0x08003e98   Section        0  task.o(i.prvResetNextTaskUnblockTime)
    prvResetNextTaskUnblockTime              0x08003e99   Thumb Code    26  task.o(i.prvResetNextTaskUnblockTime)
    i.prvSampleTimeNow                       0x08003eb8   Section        0  timer.o(i.prvSampleTimeNow)
    prvSampleTimeNow                         0x08003eb9   Thumb Code    36  timer.o(i.prvSampleTimeNow)
    i.prvSwitchTimerLists                    0x08003ee0   Section        0  timer.o(i.prvSwitchTimerLists)
    prvSwitchTimerLists                      0x08003ee1   Thumb Code   104  timer.o(i.prvSwitchTimerLists)
    i.prvTaskCheckFreeStackSpace             0x08003f4c   Section        0  task.o(i.prvTaskCheckFreeStackSpace)
    prvTaskCheckFreeStackSpace               0x08003f4d   Thumb Code    20  task.o(i.prvTaskCheckFreeStackSpace)
    i.prvTaskExitError                       0x08003f60   Section        0  port.o(i.prvTaskExitError)
    prvTaskExitError                         0x08003f61   Thumb Code    36  port.o(i.prvTaskExitError)
    i.prvTimerTask                           0x08003f88   Section        0  timer.o(i.prvTimerTask)
    prvTimerTask                             0x08003f89   Thumb Code    32  timer.o(i.prvTimerTask)
    i.prvUnlockQueue                         0x08003fac   Section        0  queue.o(i.prvUnlockQueue)
    prvUnlockQueue                           0x08003fad   Thumb Code   106  queue.o(i.prvUnlockQueue)
    i.pvPortMalloc                           0x08004018   Section        0  heap_4.o(i.pvPortMalloc)
    i.pxPortInitialiseStack                  0x080040f4   Section        0  port.o(i.pxPortInitialiseStack)
    i.uxListRemove                           0x08004120   Section        0  list.o(i.uxListRemove)
    i.uxTaskGetStackHighWaterMark            0x08004148   Section        0  task.o(i.uxTaskGetStackHighWaterMark)
    i.vApplicationGetIdleTaskMemory          0x08004158   Section        0  cmsis_os2.o(i.vApplicationGetIdleTaskMemory)
    i.vApplicationGetTimerTaskMemory         0x0800416c   Section        0  cmsis_os2.o(i.vApplicationGetTimerTaskMemory)
    i.vListInitialise                        0x08004184   Section        0  list.o(i.vListInitialise)
    i.vListInitialiseItem                    0x0800419a   Section        0  list.o(i.vListInitialiseItem)
    i.vListInsert                            0x080041a0   Section        0  list.o(i.vListInsert)
    i.vListInsertEnd                         0x080041d0   Section        0  list.o(i.vListInsertEnd)
    i.vPortEnterCritical                     0x080041e8   Section        0  port.o(i.vPortEnterCritical)
    i.vPortExitCritical                      0x08004228   Section        0  port.o(i.vPortExitCritical)
    i.vPortFree                              0x08004250   Section        0  heap_4.o(i.vPortFree)
    i.vPortSetupTimerInterrupt               0x080042b4   Section        0  port.o(i.vPortSetupTimerInterrupt)
    i.vPortValidateInterruptPriority         0x080042d8   Section        0  port.o(i.vPortValidateInterruptPriority)
    i.vQueueAddToRegistry                    0x0800432c   Section        0  queue.o(i.vQueueAddToRegistry)
    i.vQueueWaitForMessageRestricted         0x08004364   Section        0  queue.o(i.vQueueWaitForMessageRestricted)
    i.vTaskDelay                             0x080043a8   Section        0  task.o(i.vTaskDelay)
    i.vTaskInternalSetTimeOutState           0x080043fc   Section        0  task.o(i.vTaskInternalSetTimeOutState)
    i.vTaskMissedYield                       0x0800440c   Section        0  task.o(i.vTaskMissedYield)
    i.vTaskPlaceOnEventList                  0x08004418   Section        0  task.o(i.vTaskPlaceOnEventList)
    i.vTaskPlaceOnEventListRestricted        0x08004448   Section        0  task.o(i.vTaskPlaceOnEventListRestricted)
    i.vTaskStartScheduler                    0x08004488   Section        0  task.o(i.vTaskStartScheduler)
    i.vTaskSuspendAll                        0x08004528   Section        0  task.o(i.vTaskSuspendAll)
    i.vTaskSwitchContext                     0x08004538   Section        0  task.o(i.vTaskSwitchContext)
    i.xPortStartScheduler                    0x080045c0   Section        0  port.o(i.xPortStartScheduler)
    i.xPortSysTickHandler                    0x080046b4   Section        0  port.o(i.xPortSysTickHandler)
    i.xQueueGenericCreateStatic              0x080046e0   Section        0  queue.o(i.xQueueGenericCreateStatic)
    i.xQueueGenericReset                     0x08004748   Section        0  queue.o(i.xQueueGenericReset)
    i.xQueueGenericSend                      0x080047d0   Section        0  queue.o(i.xQueueGenericSend)
    i.xQueueGenericSendFromISR               0x08004958   Section        0  queue.o(i.xQueueGenericSendFromISR)
    i.xQueueReceive                          0x08004a38   Section        0  queue.o(i.xQueueReceive)
    i.xTaskCheckForTimeOut                   0x08004bac   Section        0  task.o(i.xTaskCheckForTimeOut)
    i.xTaskCreate                            0x08004c20   Section        0  task.o(i.xTaskCreate)
    i.xTaskCreateStatic                      0x08004c7a   Section        0  task.o(i.xTaskCreateStatic)
    i.xTaskGetSchedulerState                 0x08004cd0   Section        0  task.o(i.xTaskGetSchedulerState)
    i.xTaskGetTickCount                      0x08004cec   Section        0  task.o(i.xTaskGetTickCount)
    i.xTaskGetTickCountFromISR               0x08004cf8   Section        0  task.o(i.xTaskGetTickCountFromISR)
    i.xTaskIncrementTick                     0x08004d08   Section        0  task.o(i.xTaskIncrementTick)
    i.xTaskPriorityDisinherit                0x08004dd8   Section        0  task.o(i.xTaskPriorityDisinherit)
    i.xTaskRemoveFromEventList               0x08004e64   Section        0  task.o(i.xTaskRemoveFromEventList)
    i.xTaskResumeAll                         0x08004ed8   Section        0  task.o(i.xTaskResumeAll)
    i.xTimerCreateTimerTask                  0x08004fa0   Section        0  timer.o(i.xTimerCreateTimerTask)
    i.xTimerGenericCommand                   0x08005000   Section        0  timer.o(i.xTimerGenericCommand)
    .constdata                               0x08005068   Section       72  tp_thread.o(.constdata)
    .constdata                               0x080050b0   Section       17  segger_rtt.o(.constdata)
    _aInitStr                                0x080050b0   Data          17  segger_rtt.o(.constdata)
    .constdata                               0x080050c1   Section       26  segger_sysview.o(.constdata)
    _abSync                                  0x080050c1   Data          10  segger_sysview.o(.constdata)
    _aV2C                                    0x080050cb   Data          16  segger_sysview.o(.constdata)
    .constdata                               0x080050dc   Section        8  segger_sysview_tp_thread.o(.constdata)
    .constdata                               0x080050e4   Section        8  stm32f4xx_hal_dma.o(.constdata)
    flagBitshiftOffset                       0x080050e4   Data           8  stm32f4xx_hal_dma.o(.constdata)
    .constdata                               0x080050ec   Section       16  system_stm32f4xx.o(.constdata)
    .constdata                               0x080050fc   Section        8  system_stm32f4xx.o(.constdata)
    .conststring                             0x08005104   Section       14  tp_thread.o(.conststring)
    .conststring                             0x08005114   Section       80  segger_sysview_tp_thread.o(.conststring)
    .data                                    0x20000000   Section        1  prot_sbus.o(.data)
    .data                                    0x20000004   Section        8  tp_thread.o(.data)
    .data                                    0x2000000c   Section        4  cmsis_os2.o(.data)
    KernelState                              0x2000000c   Data           4  cmsis_os2.o(.data)
    .data                                    0x20000010   Section       32  heap_4.o(.data)
    pxEnd                                    0x20000010   Data           4  heap_4.o(.data)
    xFreeBytesRemaining                      0x20000014   Data           4  heap_4.o(.data)
    xMinimumEverFreeBytesRemaining           0x20000018   Data           4  heap_4.o(.data)
    xNumberOfSuccessfulAllocations           0x2000001c   Data           4  heap_4.o(.data)
    xNumberOfSuccessfulFrees                 0x20000020   Data           4  heap_4.o(.data)
    xBlockAllocatedBit                       0x20000024   Data           4  heap_4.o(.data)
    xStart                                   0x20000028   Data           8  heap_4.o(.data)
    .data                                    0x20000030   Section       12  port.o(.data)
    ucMaxSysCallPriority                     0x20000030   Data           1  port.o(.data)
    uxCriticalNesting                        0x20000034   Data           4  port.o(.data)
    ulMaxPRIGROUPValue                       0x20000038   Data           4  port.o(.data)
    .data                                    0x2000003c   Section       60  task.o(.data)
    uxDeletedTasksWaitingCleanUp             0x20000040   Data           4  task.o(.data)
    uxCurrentNumberOfTasks                   0x20000044   Data           4  task.o(.data)
    xTickCount                               0x20000048   Data           4  task.o(.data)
    uxTopReadyPriority                       0x2000004c   Data           4  task.o(.data)
    xSchedulerRunning                        0x20000050   Data           4  task.o(.data)
    xPendedTicks                             0x20000054   Data           4  task.o(.data)
    xYieldPending                            0x20000058   Data           4  task.o(.data)
    xNumOfOverflows                          0x2000005c   Data           4  task.o(.data)
    uxTaskNumber                             0x20000060   Data           4  task.o(.data)
    xNextTaskUnblockTime                     0x20000064   Data           4  task.o(.data)
    xIdleTaskHandle                          0x20000068   Data           4  task.o(.data)
    uxSchedulerSuspended                     0x2000006c   Data           4  task.o(.data)
    pxDelayedTaskList                        0x20000070   Data           4  task.o(.data)
    pxOverflowDelayedTaskList                0x20000074   Data           4  task.o(.data)
    .data                                    0x20000078   Section       20  timer.o(.data)
    xTimerQueue                              0x20000078   Data           4  timer.o(.data)
    xTimerTaskHandle                         0x2000007c   Data           4  timer.o(.data)
    xLastTime                                0x20000080   Data           4  timer.o(.data)
    pxCurrentTimerList                       0x20000084   Data           4  timer.o(.data)
    pxOverflowTimerList                      0x20000088   Data           4  timer.o(.data)
    .data                                    0x2000008c   Section       16  segger_sysview.o(.data)
    _NumModules                              0x2000008c   Data           1  segger_sysview.o(.data)
    _pFirstModule                            0x20000090   Data           4  segger_sysview.o(.data)
    _DownBuffer                              0x20000094   Data           8  segger_sysview.o(.data)
    .data                                    0x2000009c   Section        4  segger_sysview_tp_thread.o(.data)
    _NumTasks                                0x2000009c   Data           4  segger_sysview_tp_thread.o(.data)
    .data                                    0x200000a0   Section       12  stm32f4xx_hal.o(.data)
    .data                                    0x200000ac   Section        4  system_stm32f4xx.o(.data)
    .data                                    0x200000b0   Section        4  stdout.o(.data)
    .bss                                     0x200000b4   Section      144  adc.o(.bss)
    .bss                                     0x20000144   Section       40  can.o(.bss)
    .bss                                     0x2000016c   Section      312  usart.o(.bss)
    .bss                                     0x200002a4   Section       72  stm32f4xx_hal_timebase_tim.o(.bss)
    .bss                                     0x200002ec   Section      108  prot_sbus.o(.bss)
    .bss                                     0x20000358   Section     1720  cmsis_os2.o(.bss)
    Idle_TCB                                 0x20000358   Data          92  cmsis_os2.o(.bss)
    Idle_Stack                               0x200003b4   Data         512  cmsis_os2.o(.bss)
    Timer_TCB                                0x200005b4   Data          92  cmsis_os2.o(.bss)
    Timer_Stack                              0x20000610   Data        1024  cmsis_os2.o(.bss)
    .bss                                     0x20000a10   Section    15360  heap_4.o(.bss)
    ucHeap                                   0x20000a10   Data       15360  heap_4.o(.bss)
    .bss                                     0x20004610   Section       64  queue.o(.bss)
    .bss                                     0x20004650   Section     1220  task.o(.bss)
    pxReadyTasksLists                        0x20004650   Data        1120  task.o(.bss)
    xDelayedTaskList1                        0x20004ab0   Data          20  task.o(.bss)
    xDelayedTaskList2                        0x20004ac4   Data          20  task.o(.bss)
    xPendingReadyList                        0x20004ad8   Data          20  task.o(.bss)
    xTasksWaitingTermination                 0x20004aec   Data          20  task.o(.bss)
    xSuspendedTaskList                       0x20004b00   Data          20  task.o(.bss)
    .bss                                     0x20004b14   Section      280  timer.o(.bss)
    xStaticTimerQueue                        0x20004b14   Data          80  timer.o(.bss)
    ucStaticTimerQueueStorage                0x20004b64   Data         160  timer.o(.bss)
    xActiveTimerList1                        0x20004c04   Data          20  timer.o(.bss)
    xActiveTimerList2                        0x20004c18   Data          20  timer.o(.bss)
    .bss                                     0x20004c2c   Section     1208  segger_rtt.o(.bss)
    _acUpBuffer                              0x20004cd4   Data        1024  segger_rtt.o(.bss)
    _acDownBuffer                            0x200050d4   Data          16  segger_rtt.o(.bss)
    .bss                                     0x200050e4   Section     1291  segger_sysview.o(.bss)
    _UpBuffer                                0x200050e4   Data        1024  segger_sysview.o(.bss)
    _SYSVIEW_Globals                         0x200054e4   Data          40  segger_sysview.o(.bss)
    _aPacket                                 0x2000550c   Data         227  segger_sysview.o(.bss)
    .bss                                     0x200055f0   Section      160  segger_sysview_tp_thread.o(.bss)
    _aTasks                                  0x200055f0   Data         160  segger_sysview_tp_thread.o(.bss)
    STACK                                    0x20005690   Section     1024  startup_stm32f407xx.o(STACK)

    Global Symbols

    Symbol Name                              Value     Ov Type        Size  Object(Section)

    BuildAttributes$$THM_ISAv4$E$P$D$K$B$S$7EM$VFPi3$EXTD16$VFPS$VFMA$PE$A:L22UL41UL21$X:L11$S22US41US21$IEEE1$IW$USESV6$~STKCKD$USESV7$~SHL$OSPACE$ROPI$EBA8$MICROLIB$REQ8$PRES8$EABIv2 0x00000000   Number         0  anon$$obj.o ABSOLUTE
    __ARM_use_no_argv                        0x00000000   Number         0  main.o ABSOLUTE
    _printf_a                                0x00000000   Number         0  stubs.o ABSOLUTE
    _printf_c                                0x00000000   Number         0  stubs.o ABSOLUTE
    _printf_charcount                        0x00000000   Number         0  stubs.o ABSOLUTE
    _printf_d                                0x00000000   Number         0  stubs.o ABSOLUTE
    _printf_e                                0x00000000   Number         0  stubs.o ABSOLUTE
    _printf_f                                0x00000000   Number         0  stubs.o ABSOLUTE
    _printf_flags                            0x00000000   Number         0  stubs.o ABSOLUTE
    _printf_fp_dec                           0x00000000   Number         0  stubs.o ABSOLUTE
    _printf_fp_hex                           0x00000000   Number         0  stubs.o ABSOLUTE
    _printf_g                                0x00000000   Number         0  stubs.o ABSOLUTE
    _printf_i                                0x00000000   Number         0  stubs.o ABSOLUTE
    _printf_int_dec                          0x00000000   Number         0  stubs.o ABSOLUTE
    _printf_l                                0x00000000   Number         0  stubs.o ABSOLUTE
    _printf_lc                               0x00000000   Number         0  stubs.o ABSOLUTE
    _printf_ll                               0x00000000   Number         0  stubs.o ABSOLUTE
    _printf_lld                              0x00000000   Number         0  stubs.o ABSOLUTE
    _printf_lli                              0x00000000   Number         0  stubs.o ABSOLUTE
    _printf_llo                              0x00000000   Number         0  stubs.o ABSOLUTE
    _printf_llu                              0x00000000   Number         0  stubs.o ABSOLUTE
    _printf_llx                              0x00000000   Number         0  stubs.o ABSOLUTE
    _printf_longlong_dec                     0x00000000   Number         0  stubs.o ABSOLUTE
    _printf_longlong_hex                     0x00000000   Number         0  stubs.o ABSOLUTE
    _printf_longlong_oct                     0x00000000   Number         0  stubs.o ABSOLUTE
    _printf_ls                               0x00000000   Number         0  stubs.o ABSOLUTE
    _printf_mbtowc                           0x00000000   Number         0  stubs.o ABSOLUTE
    _printf_n                                0x00000000   Number         0  stubs.o ABSOLUTE
    _printf_o                                0x00000000   Number         0  stubs.o ABSOLUTE
    _printf_p                                0x00000000   Number         0  stubs.o ABSOLUTE
    _printf_percent                          0x00000000   Number         0  stubs.o ABSOLUTE
    _printf_pre_padding                      0x00000000   Number         0  stubs.o ABSOLUTE
    _printf_return_value                     0x00000000   Number         0  stubs.o ABSOLUTE
    _printf_s                                0x00000000   Number         0  stubs.o ABSOLUTE
    _printf_sizespec                         0x00000000   Number         0  stubs.o ABSOLUTE
    _printf_str                              0x00000000   Number         0  stubs.o ABSOLUTE
    _printf_truncate_signed                  0x00000000   Number         0  stubs.o ABSOLUTE
    _printf_truncate_unsigned                0x00000000   Number         0  stubs.o ABSOLUTE
    _printf_u                                0x00000000   Number         0  stubs.o ABSOLUTE
    _printf_wc                               0x00000000   Number         0  stubs.o ABSOLUTE
    _printf_wctomb                           0x00000000   Number         0  stubs.o ABSOLUTE
    _printf_widthprec                        0x00000000   Number         0  stubs.o ABSOLUTE
    _printf_x                                0x00000000   Number         0  stubs.o ABSOLUTE
    __arm_fini_                               - Undefined Weak Reference
    __cpp_initialize__aeabi_                  - Undefined Weak Reference
    __cxa_finalize                            - Undefined Weak Reference
    __decompress                              - Undefined Weak Reference
    _clock_init                               - Undefined Weak Reference
    _microlib_exit                            - Undefined Weak Reference
    __Vectors_Size                           0x00000188   Number         0  startup_stm32f407xx.o ABSOLUTE
    __Vectors                                0x08000000   Data           4  startup_stm32f407xx.o(RESET)
    __Vectors_End                            0x08000188   Data           0  startup_stm32f407xx.o(RESET)
    __main                                   0x08000189   Thumb Code     0  entry.o(.ARM.Collect$$$$00000000)
    _main_stk                                0x08000189   Thumb Code     0  entry2.o(.ARM.Collect$$$$00000001)
    _main_scatterload                        0x0800018d   Thumb Code     0  entry5.o(.ARM.Collect$$$$00000004)
    __main_after_scatterload                 0x08000191   Thumb Code     0  entry5.o(.ARM.Collect$$$$00000004)
    _main_clock                              0x08000191   Thumb Code     0  entry7b.o(.ARM.Collect$$$$00000008)
    _main_cpp_init                           0x08000191   Thumb Code     0  entry8b.o(.ARM.Collect$$$$0000000A)
    _main_init                               0x08000191   Thumb Code     0  entry9a.o(.ARM.Collect$$$$0000000B)
    __rt_lib_shutdown_fini                   0x08000199   Thumb Code     0  entry12b.o(.ARM.Collect$$$$0000000E)
    __rt_final_cpp                           0x0800019d   Thumb Code     0  entry10a.o(.ARM.Collect$$$$0000000F)
    __rt_final_exit                          0x0800019d   Thumb Code     0  entry11a.o(.ARM.Collect$$$$00000011)
    SVC_Handler                              0x080001a1   Thumb Code    28  port.o(.emb_text)
    __asm___6_port_c_39a90d8d__prvStartFirstTask 0x080001c1   Thumb Code    36  port.o(.emb_text)
    __asm___6_port_c_39a90d8d__prvEnableVFP  0x080001e9   Thumb Code    16  port.o(.emb_text)
    PendSV_Handler                           0x080001fd   Thumb Code    88  port.o(.emb_text)
    vPortGetIPSR                             0x08000259   Thumb Code     6  port.o(.emb_text)
    Reset_Handler                            0x08000261   Thumb Code     8  startup_stm32f407xx.o(.text)
    ADC_IRQHandler                           0x0800027b   Thumb Code     0  startup_stm32f407xx.o(.text)
    CAN1_RX0_IRQHandler                      0x0800027b   Thumb Code     0  startup_stm32f407xx.o(.text)
    CAN1_RX1_IRQHandler                      0x0800027b   Thumb Code     0  startup_stm32f407xx.o(.text)
    CAN1_SCE_IRQHandler                      0x0800027b   Thumb Code     0  startup_stm32f407xx.o(.text)
    CAN1_TX_IRQHandler                       0x0800027b   Thumb Code     0  startup_stm32f407xx.o(.text)
    CAN2_RX0_IRQHandler                      0x0800027b   Thumb Code     0  startup_stm32f407xx.o(.text)
    CAN2_RX1_IRQHandler                      0x0800027b   Thumb Code     0  startup_stm32f407xx.o(.text)
    CAN2_SCE_IRQHandler                      0x0800027b   Thumb Code     0  startup_stm32f407xx.o(.text)
    CAN2_TX_IRQHandler                       0x0800027b   Thumb Code     0  startup_stm32f407xx.o(.text)
    DCMI_IRQHandler                          0x0800027b   Thumb Code     0  startup_stm32f407xx.o(.text)
    DMA1_Stream0_IRQHandler                  0x0800027b   Thumb Code     0  startup_stm32f407xx.o(.text)
    DMA1_Stream2_IRQHandler                  0x0800027b   Thumb Code     0  startup_stm32f407xx.o(.text)
    DMA1_Stream3_IRQHandler                  0x0800027b   Thumb Code     0  startup_stm32f407xx.o(.text)
    DMA1_Stream4_IRQHandler                  0x0800027b   Thumb Code     0  startup_stm32f407xx.o(.text)
    DMA1_Stream5_IRQHandler                  0x0800027b   Thumb Code     0  startup_stm32f407xx.o(.text)
    DMA1_Stream6_IRQHandler                  0x0800027b   Thumb Code     0  startup_stm32f407xx.o(.text)
    DMA1_Stream7_IRQHandler                  0x0800027b   Thumb Code     0  startup_stm32f407xx.o(.text)
    DMA2_Stream0_IRQHandler                  0x0800027b   Thumb Code     0  startup_stm32f407xx.o(.text)
    DMA2_Stream1_IRQHandler                  0x0800027b   Thumb Code     0  startup_stm32f407xx.o(.text)
    DMA2_Stream2_IRQHandler                  0x0800027b   Thumb Code     0  startup_stm32f407xx.o(.text)
    DMA2_Stream3_IRQHandler                  0x0800027b   Thumb Code     0  startup_stm32f407xx.o(.text)
    DMA2_Stream4_IRQHandler                  0x0800027b   Thumb Code     0  startup_stm32f407xx.o(.text)
    DMA2_Stream5_IRQHandler                  0x0800027b   Thumb Code     0  startup_stm32f407xx.o(.text)
    DMA2_Stream6_IRQHandler                  0x0800027b   Thumb Code     0  startup_stm32f407xx.o(.text)
    DMA2_Stream7_IRQHandler                  0x0800027b   Thumb Code     0  startup_stm32f407xx.o(.text)
    ETH_IRQHandler                           0x0800027b   Thumb Code     0  startup_stm32f407xx.o(.text)
    ETH_WKUP_IRQHandler                      0x0800027b   Thumb Code     0  startup_stm32f407xx.o(.text)
    EXTI0_IRQHandler                         0x0800027b   Thumb Code     0  startup_stm32f407xx.o(.text)
    EXTI15_10_IRQHandler                     0x0800027b   Thumb Code     0  startup_stm32f407xx.o(.text)
    EXTI1_IRQHandler                         0x0800027b   Thumb Code     0  startup_stm32f407xx.o(.text)
    EXTI2_IRQHandler                         0x0800027b   Thumb Code     0  startup_stm32f407xx.o(.text)
    EXTI3_IRQHandler                         0x0800027b   Thumb Code     0  startup_stm32f407xx.o(.text)
    EXTI4_IRQHandler                         0x0800027b   Thumb Code     0  startup_stm32f407xx.o(.text)
    EXTI9_5_IRQHandler                       0x0800027b   Thumb Code     0  startup_stm32f407xx.o(.text)
    FLASH_IRQHandler                         0x0800027b   Thumb Code     0  startup_stm32f407xx.o(.text)
    FMC_IRQHandler                           0x0800027b   Thumb Code     0  startup_stm32f407xx.o(.text)
    FPU_IRQHandler                           0x0800027b   Thumb Code     0  startup_stm32f407xx.o(.text)
    HASH_RNG_IRQHandler                      0x0800027b   Thumb Code     0  startup_stm32f407xx.o(.text)
    I2C1_ER_IRQHandler                       0x0800027b   Thumb Code     0  startup_stm32f407xx.o(.text)
    I2C1_EV_IRQHandler                       0x0800027b   Thumb Code     0  startup_stm32f407xx.o(.text)
    I2C2_ER_IRQHandler                       0x0800027b   Thumb Code     0  startup_stm32f407xx.o(.text)
    I2C2_EV_IRQHandler                       0x0800027b   Thumb Code     0  startup_stm32f407xx.o(.text)
    I2C3_ER_IRQHandler                       0x0800027b   Thumb Code     0  startup_stm32f407xx.o(.text)
    I2C3_EV_IRQHandler                       0x0800027b   Thumb Code     0  startup_stm32f407xx.o(.text)
    OTG_FS_IRQHandler                        0x0800027b   Thumb Code     0  startup_stm32f407xx.o(.text)
    OTG_FS_WKUP_IRQHandler                   0x0800027b   Thumb Code     0  startup_stm32f407xx.o(.text)
    OTG_HS_EP1_IN_IRQHandler                 0x0800027b   Thumb Code     0  startup_stm32f407xx.o(.text)
    OTG_HS_EP1_OUT_IRQHandler                0x0800027b   Thumb Code     0  startup_stm32f407xx.o(.text)
    OTG_HS_IRQHandler                        0x0800027b   Thumb Code     0  startup_stm32f407xx.o(.text)
    OTG_HS_WKUP_IRQHandler                   0x0800027b   Thumb Code     0  startup_stm32f407xx.o(.text)
    PVD_IRQHandler                           0x0800027b   Thumb Code     0  startup_stm32f407xx.o(.text)
    RCC_IRQHandler                           0x0800027b   Thumb Code     0  startup_stm32f407xx.o(.text)
    RTC_Alarm_IRQHandler                     0x0800027b   Thumb Code     0  startup_stm32f407xx.o(.text)
    RTC_WKUP_IRQHandler                      0x0800027b   Thumb Code     0  startup_stm32f407xx.o(.text)
    SDIO_IRQHandler                          0x0800027b   Thumb Code     0  startup_stm32f407xx.o(.text)
    SPI1_IRQHandler                          0x0800027b   Thumb Code     0  startup_stm32f407xx.o(.text)
    SPI2_IRQHandler                          0x0800027b   Thumb Code     0  startup_stm32f407xx.o(.text)
    SPI3_IRQHandler                          0x0800027b   Thumb Code     0  startup_stm32f407xx.o(.text)
    TAMP_STAMP_IRQHandler                    0x0800027b   Thumb Code     0  startup_stm32f407xx.o(.text)
    TIM1_BRK_TIM9_IRQHandler                 0x0800027b   Thumb Code     0  startup_stm32f407xx.o(.text)
    TIM1_CC_IRQHandler                       0x0800027b   Thumb Code     0  startup_stm32f407xx.o(.text)
    TIM1_TRG_COM_TIM11_IRQHandler            0x0800027b   Thumb Code     0  startup_stm32f407xx.o(.text)
    TIM1_UP_TIM10_IRQHandler                 0x0800027b   Thumb Code     0  startup_stm32f407xx.o(.text)
    TIM2_IRQHandler                          0x0800027b   Thumb Code     0  startup_stm32f407xx.o(.text)
    TIM3_IRQHandler                          0x0800027b   Thumb Code     0  startup_stm32f407xx.o(.text)
    TIM4_IRQHandler                          0x0800027b   Thumb Code     0  startup_stm32f407xx.o(.text)
    TIM5_IRQHandler                          0x0800027b   Thumb Code     0  startup_stm32f407xx.o(.text)
    TIM7_IRQHandler                          0x0800027b   Thumb Code     0  startup_stm32f407xx.o(.text)
    TIM8_BRK_TIM12_IRQHandler                0x0800027b   Thumb Code     0  startup_stm32f407xx.o(.text)
    TIM8_CC_IRQHandler                       0x0800027b   Thumb Code     0  startup_stm32f407xx.o(.text)
    TIM8_TRG_COM_TIM14_IRQHandler            0x0800027b   Thumb Code     0  startup_stm32f407xx.o(.text)
    TIM8_UP_TIM13_IRQHandler                 0x0800027b   Thumb Code     0  startup_stm32f407xx.o(.text)
    UART4_IRQHandler                         0x0800027b   Thumb Code     0  startup_stm32f407xx.o(.text)
    UART5_IRQHandler                         0x0800027b   Thumb Code     0  startup_stm32f407xx.o(.text)
    USART1_IRQHandler                        0x0800027b   Thumb Code     0  startup_stm32f407xx.o(.text)
    USART2_IRQHandler                        0x0800027b   Thumb Code     0  startup_stm32f407xx.o(.text)
    USART6_IRQHandler                        0x0800027b   Thumb Code     0  startup_stm32f407xx.o(.text)
    WWDG_IRQHandler                          0x0800027b   Thumb Code     0  startup_stm32f407xx.o(.text)
    __aeabi_uldivmod                         0x08000285   Thumb Code    98  uldiv.o(.text)
    __aeabi_memcpy                           0x080002e7   Thumb Code    36  memcpya.o(.text)
    __aeabi_memcpy4                          0x080002e7   Thumb Code     0  memcpya.o(.text)
    __aeabi_memcpy8                          0x080002e7   Thumb Code     0  memcpya.o(.text)
    __aeabi_memset                           0x0800030b   Thumb Code    14  memseta.o(.text)
    __aeabi_memset4                          0x0800030b   Thumb Code     0  memseta.o(.text)
    __aeabi_memset8                          0x0800030b   Thumb Code     0  memseta.o(.text)
    __aeabi_memclr                           0x08000319   Thumb Code     4  memseta.o(.text)
    __aeabi_memclr4                          0x08000319   Thumb Code     0  memseta.o(.text)
    __aeabi_memclr8                          0x08000319   Thumb Code     0  memseta.o(.text)
    memset                                   0x0800031d   Thumb Code    18  memseta.o(.text)
    memcmp                                   0x0800032f   Thumb Code    26  memcmp.o(.text)
    __aeabi_uidiv                            0x08000349   Thumb Code     0  uidiv.o(.text)
    __aeabi_uidivmod                         0x08000349   Thumb Code    44  uidiv.o(.text)
    __aeabi_llsl                             0x08000375   Thumb Code    30  llshl.o(.text)
    _ll_shift_l                              0x08000375   Thumb Code     0  llshl.o(.text)
    __aeabi_llsr                             0x08000393   Thumb Code    32  llushr.o(.text)
    _ll_ushift_r                             0x08000393   Thumb Code     0  llushr.o(.text)
    __scatterload                            0x080003b5   Thumb Code    28  init.o(.text)
    __scatterload_rt2                        0x080003b5   Thumb Code     0  init.o(.text)
    BusFault_Handler                         0x08000501   Thumb Code     2  stm32f4xx_it.o(i.BusFault_Handler)
    DMA1_Stream1_IRQHandler                  0x08000505   Thumb Code     6  stm32f4xx_it.o(i.DMA1_Stream1_IRQHandler)
    DebugMon_Handler                         0x080005b5   Thumb Code     2  stm32f4xx_it.o(i.DebugMon_Handler)
    Error_Handler                            0x080005b7   Thumb Code     4  main.o(i.Error_Handler)
    HAL_ADC_ConfigChannel                    0x080005bd   Thumb Code   316  stm32f4xx_hal_adc.o(i.HAL_ADC_ConfigChannel)
    HAL_ADC_Init                             0x08000709   Thumb Code    84  stm32f4xx_hal_adc.o(i.HAL_ADC_Init)
    HAL_ADC_MspInit                          0x0800075d   Thumb Code   108  adc.o(i.HAL_ADC_MspInit)
    HAL_CAN_Init                             0x080007d9   Thumb Code   282  stm32f4xx_hal_can.o(i.HAL_CAN_Init)
    HAL_CAN_MspInit                          0x080008f5   Thumb Code    90  can.o(i.HAL_CAN_MspInit)
    HAL_DMA_Abort                            0x0800095d   Thumb Code   146  stm32f4xx_hal_dma.o(i.HAL_DMA_Abort)
    HAL_DMA_Abort_IT                         0x080009ef   Thumb Code    36  stm32f4xx_hal_dma.o(i.HAL_DMA_Abort_IT)
    HAL_DMA_IRQHandler                       0x08000a15   Thumb Code   412  stm32f4xx_hal_dma.o(i.HAL_DMA_IRQHandler)
    HAL_DMA_Init                             0x08000bb5   Thumb Code   206  stm32f4xx_hal_dma.o(i.HAL_DMA_Init)
    HAL_DMA_Start_IT                         0x08000c89   Thumb Code   110  stm32f4xx_hal_dma.o(i.HAL_DMA_Start_IT)
    HAL_GPIO_Init                            0x08000cf9   Thumb Code   450  stm32f4xx_hal_gpio.o(i.HAL_GPIO_Init)
    HAL_GPIO_TogglePin                       0x08000ee9   Thumb Code    16  stm32f4xx_hal_gpio.o(i.HAL_GPIO_TogglePin)
    HAL_GPIO_WritePin                        0x08000ef9   Thumb Code    10  stm32f4xx_hal_gpio.o(i.HAL_GPIO_WritePin)
    HAL_GetTick                              0x08000f05   Thumb Code     6  stm32f4xx_hal.o(i.HAL_GetTick)
    HAL_IncTick                              0x08000f11   Thumb Code    12  stm32f4xx_hal.o(i.HAL_IncTick)
    HAL_Init                                 0x08000f21   Thumb Code    48  stm32f4xx_hal.o(i.HAL_Init)
    HAL_InitTick                             0x08000f55   Thumb Code   132  stm32f4xx_hal_timebase_tim.o(i.HAL_InitTick)
    HAL_MspInit                              0x08000fed   Thumb Code    52  stm32f4xx_hal_msp.o(i.HAL_MspInit)
    HAL_NVIC_EnableIRQ                       0x08001025   Thumb Code    26  stm32f4xx_hal_cortex.o(i.HAL_NVIC_EnableIRQ)
    HAL_NVIC_SetPriority                     0x08001041   Thumb Code    60  stm32f4xx_hal_cortex.o(i.HAL_NVIC_SetPriority)
    HAL_NVIC_SetPriorityGrouping             0x08001081   Thumb Code    26  stm32f4xx_hal_cortex.o(i.HAL_NVIC_SetPriorityGrouping)
    HAL_RCC_ClockConfig                      0x080010a5   Thumb Code   288  stm32f4xx_hal_rcc.o(i.HAL_RCC_ClockConfig)
    HAL_RCC_GetClockConfig                   0x080011d9   Thumb Code    54  stm32f4xx_hal_rcc.o(i.HAL_RCC_GetClockConfig)
    HAL_RCC_GetPCLK1Freq                     0x08001219   Thumb Code    20  stm32f4xx_hal_rcc.o(i.HAL_RCC_GetPCLK1Freq)
    HAL_RCC_GetPCLK2Freq                     0x08001239   Thumb Code    20  stm32f4xx_hal_rcc.o(i.HAL_RCC_GetPCLK2Freq)
    HAL_RCC_GetSysClockFreq                  0x08001259   Thumb Code    88  stm32f4xx_hal_rcc.o(i.HAL_RCC_GetSysClockFreq)
    HAL_RCC_OscConfig                        0x080012bd   Thumb Code   856  stm32f4xx_hal_rcc.o(i.HAL_RCC_OscConfig)
    HAL_TIMEx_BreakCallback                  0x08001629   Thumb Code     2  stm32f4xx_hal_tim_ex.o(i.HAL_TIMEx_BreakCallback)
    HAL_TIMEx_CommutCallback                 0x0800162b   Thumb Code     2  stm32f4xx_hal_tim_ex.o(i.HAL_TIMEx_CommutCallback)
    HAL_TIM_Base_Init                        0x0800162d   Thumb Code    90  stm32f4xx_hal_tim.o(i.HAL_TIM_Base_Init)
    HAL_TIM_Base_MspInit                     0x08001687   Thumb Code     2  stm32f4xx_hal_tim.o(i.HAL_TIM_Base_MspInit)
    HAL_TIM_Base_Start_IT                    0x08001689   Thumb Code   100  stm32f4xx_hal_tim.o(i.HAL_TIM_Base_Start_IT)
    HAL_TIM_IC_CaptureCallback               0x08001709   Thumb Code     2  stm32f4xx_hal_tim.o(i.HAL_TIM_IC_CaptureCallback)
    HAL_TIM_IRQHandler                       0x0800170b   Thumb Code   304  stm32f4xx_hal_tim.o(i.HAL_TIM_IRQHandler)
    HAL_TIM_OC_DelayElapsedCallback          0x0800183b   Thumb Code     2  stm32f4xx_hal_tim.o(i.HAL_TIM_OC_DelayElapsedCallback)
    HAL_TIM_PWM_PulseFinishedCallback        0x0800183d   Thumb Code     2  stm32f4xx_hal_tim.o(i.HAL_TIM_PWM_PulseFinishedCallback)
    HAL_TIM_PeriodElapsedCallback            0x08001841   Thumb Code    14  main.o(i.HAL_TIM_PeriodElapsedCallback)
    HAL_TIM_TriggerCallback                  0x08001855   Thumb Code     2  stm32f4xx_hal_tim.o(i.HAL_TIM_TriggerCallback)
    HAL_UARTEx_RxEventCallback               0x08001857   Thumb Code     2  stm32f4xx_hal_uart.o(i.HAL_UARTEx_RxEventCallback)
    HAL_UART_DMAStop                         0x08001859   Thumb Code   112  stm32f4xx_hal_uart.o(i.HAL_UART_DMAStop)
    HAL_UART_ErrorCallback                   0x080018c9   Thumb Code     2  stm32f4xx_hal_uart.o(i.HAL_UART_ErrorCallback)
    HAL_UART_IRQHandler                      0x080018cd   Thumb Code   618  stm32f4xx_hal_uart.o(i.HAL_UART_IRQHandler)
    HAL_UART_IdleCpltCallback                0x08001b3d   Thumb Code    68  prot_sbus.o(i.HAL_UART_IdleCpltCallback)
    HAL_UART_Init                            0x08001b91   Thumb Code   100  stm32f4xx_hal_uart.o(i.HAL_UART_Init)
    HAL_UART_MspInit                         0x08001bf5   Thumb Code   328  usart.o(i.HAL_UART_MspInit)
    HAL_UART_Receive_DMA                     0x08001d65   Thumb Code    28  stm32f4xx_hal_uart.o(i.HAL_UART_Receive_DMA)
    HAL_UART_RxCpltCallback                  0x08001d81   Thumb Code     2  stm32f4xx_hal_uart.o(i.HAL_UART_RxCpltCallback)
    HAL_UART_RxHalfCpltCallback              0x08001d83   Thumb Code     2  stm32f4xx_hal_uart.o(i.HAL_UART_RxHalfCpltCallback)
    HAL_UART_Transmit                        0x08001d85   Thumb Code   160  stm32f4xx_hal_uart.o(i.HAL_UART_Transmit)
    HAL_UART_TxCpltCallback                  0x08001e25   Thumb Code     2  stm32f4xx_hal_uart.o(i.HAL_UART_TxCpltCallback)
    HardFault_Handler                        0x08001e27   Thumb Code     2  stm32f4xx_it.o(i.HardFault_Handler)
    Index_Entry                              0x08001e29   Thumb Code    26  task_index.o(i.Index_Entry)
    MX_ADC1_Init                             0x08001e49   Thumb Code    88  adc.o(i.MX_ADC1_Init)
    MX_ADC3_Init                             0x08001ead   Thumb Code    88  adc.o(i.MX_ADC3_Init)
    MX_CAN1_Init                             0x08001f11   Thumb Code    60  can.o(i.MX_CAN1_Init)
    MX_DMA_Init                              0x08001f55   Thumb Code    40  dma.o(i.MX_DMA_Init)
    MX_GPIO_Init                             0x08001f81   Thumb Code   180  gpio.o(i.MX_GPIO_Init)
    MX_USART1_UART_Init                      0x08002041   Thumb Code    48  usart.o(i.MX_USART1_UART_Init)
    MX_USART3_UART_Init                      0x08002079   Thumb Code    54  usart.o(i.MX_USART3_UART_Init)
    MX_USART6_UART_Init                      0x080020bd   Thumb Code    48  usart.o(i.MX_USART6_UART_Init)
    MemManage_Handler                        0x080020f5   Thumb Code     2  stm32f4xx_it.o(i.MemManage_Handler)
    Mixer_Entry                              0x080020f9   Thumb Code    22  task_mixer.o(i.Mixer_Entry)
    NMI_Handler                              0x0800211d   Thumb Code     2  stm32f4xx_it.o(i.NMI_Handler)
    SBUS_Init                                0x08002121   Thumb Code    22  prot_sbus.o(i.SBUS_Init)
    SBUS_Process                             0x08002141   Thumb Code   290  prot_sbus.o(i.SBUS_Process)
    SEGGER_RTT_AllocUpBuffer                 0x08002269   Thumb Code   100  segger_rtt.o(i.SEGGER_RTT_AllocUpBuffer)
    SEGGER_RTT_ConfigDownBuffer              0x080022d1   Thumb Code    88  segger_rtt.o(i.SEGGER_RTT_ConfigDownBuffer)
    SEGGER_RTT_ReadNoLock                    0x0800232d   Thumb Code   118  segger_rtt.o(i.SEGGER_RTT_ReadNoLock)
    SEGGER_RTT_WriteSkipNoLock               0x080023a9   Thumb Code   108  segger_rtt.o(i.SEGGER_RTT_WriteSkipNoLock)
    SEGGER_SYSVIEW_Conf                      0x08002419   Thumb Code    28  segger_sysview_config_tp_thread.o(i.SEGGER_SYSVIEW_Conf)
    SEGGER_SYSVIEW_GetSysDesc                0x08002441   Thumb Code   122  segger_sysview.o(i.SEGGER_SYSVIEW_GetSysDesc)
    SEGGER_SYSVIEW_Init                      0x080024c1   Thumb Code    72  segger_sysview.o(i.SEGGER_SYSVIEW_Init)
    SEGGER_SYSVIEW_OnIdle                    0x08002521   Thumb Code    30  segger_sysview.o(i.SEGGER_SYSVIEW_OnIdle)
    SEGGER_SYSVIEW_OnTaskCreate              0x08002545   Thumb Code    60  segger_sysview.o(i.SEGGER_SYSVIEW_OnTaskCreate)
    SEGGER_SYSVIEW_OnTaskStartExec           0x08002585   Thumb Code    60  segger_sysview.o(i.SEGGER_SYSVIEW_OnTaskStartExec)
    SEGGER_SYSVIEW_OnTaskStartReady          0x080025c5   Thumb Code    60  segger_sysview.o(i.SEGGER_SYSVIEW_OnTaskStartReady)
    SEGGER_SYSVIEW_RecordSystime             0x08002605   Thumb Code    42  segger_sysview.o(i.SEGGER_SYSVIEW_RecordSystime)
    SEGGER_SYSVIEW_RecordU32                 0x08002639   Thumb Code    54  segger_sysview.o(i.SEGGER_SYSVIEW_RecordU32)
    SEGGER_SYSVIEW_RecordU32x2               0x08002675   Thumb Code    76  segger_sysview.o(i.SEGGER_SYSVIEW_RecordU32x2)
    SEGGER_SYSVIEW_RecordU32x3               0x080026c5   Thumb Code   102  segger_sysview.o(i.SEGGER_SYSVIEW_RecordU32x3)
    SEGGER_SYSVIEW_RecordU32x4               0x08002731   Thumb Code   124  segger_sysview.o(i.SEGGER_SYSVIEW_RecordU32x4)
    SEGGER_SYSVIEW_RecordVoid                0x080027b1   Thumb Code    30  segger_sysview.o(i.SEGGER_SYSVIEW_RecordVoid)
    SEGGER_SYSVIEW_SendModule                0x080027d5   Thumb Code   128  segger_sysview.o(i.SEGGER_SYSVIEW_SendModule)
    SEGGER_SYSVIEW_SendModuleDescription     0x0800285d   Thumb Code    22  segger_sysview.o(i.SEGGER_SYSVIEW_SendModuleDescription)
    SEGGER_SYSVIEW_SendNumModules            0x08002879   Thumb Code    56  segger_sysview.o(i.SEGGER_SYSVIEW_SendNumModules)
    SEGGER_SYSVIEW_SendSysDesc               0x080028b9   Thumb Code    42  segger_sysview.o(i.SEGGER_SYSVIEW_SendSysDesc)
    SEGGER_SYSVIEW_SendTaskInfo              0x080028e9   Thumb Code   194  segger_sysview.o(i.SEGGER_SYSVIEW_SendTaskInfo)
    SEGGER_SYSVIEW_SendTaskList              0x080029b1   Thumb Code    18  segger_sysview.o(i.SEGGER_SYSVIEW_SendTaskList)
    SEGGER_SYSVIEW_SetRAMBase                0x080029c9   Thumb Code     6  segger_sysview.o(i.SEGGER_SYSVIEW_SetRAMBase)
    SEGGER_SYSVIEW_ShrinkId                  0x080029d5   Thumb Code     8  segger_sysview.o(i.SEGGER_SYSVIEW_ShrinkId)
    SEGGER_SYSVIEW_Start                     0x080029e1   Thumb Code   166  segger_sysview.o(i.SEGGER_SYSVIEW_Start)
    SEGGER_SYSVIEW_Stop                      0x08002a91   Thumb Code    42  segger_sysview.o(i.SEGGER_SYSVIEW_Stop)
    SEGGER_SYSVIEW_Warn                      0x08002ac1   Thumb Code    54  segger_sysview.o(i.SEGGER_SYSVIEW_Warn)
    SYSVIEW_AddTask                          0x08002afd   Thumb Code    90  segger_sysview_tp_thread.o(i.SYSVIEW_AddTask)
    SYSVIEW_SendTaskInfo                     0x08002b6d   Thumb Code    42  segger_sysview_tp_thread.o(i.SYSVIEW_SendTaskInfo)
    SysTick_Handler                          0x08002b97   Thumb Code    26  cmsis_os2.o(i.SysTick_Handler)
    SystemClock_Config                       0x08002bb1   Thumb Code   140  main.o(i.SystemClock_Config)
    SystemInit                               0x08002c45   Thumb Code    12  system_stm32f4xx.o(i.SystemInit)
    TIM6_DAC_IRQHandler                      0x08002c55   Thumb Code     6  stm32f4xx_it.o(i.TIM6_DAC_IRQHandler)
    TIM_Base_SetConfig                       0x08002c61   Thumb Code   170  stm32f4xx_hal_tim.o(i.TIM_Base_SetConfig)
    TP_Thread_Init                           0x08002d39   Thumb Code    36  tp_thread.o(i.TP_Thread_Init)
    UART_Start_Receive_DMA                   0x080030a5   Thumb Code   130  stm32f4xx_hal_uart.o(i.UART_Start_Receive_DMA)
    USART3_IRQHandler                        0x080031a9   Thumb Code    18  stm32f4xx_it.o(i.USART3_IRQHandler)
    UsageFault_Handler                       0x080031c5   Thumb Code     2  stm32f4xx_it.o(i.UsageFault_Handler)
    __0printf$1                              0x0800348d   Thumb Code    22  printf1.o(i.__0printf$1)
    __1printf$1                              0x0800348d   Thumb Code     0  printf1.o(i.__0printf$1)
    __2printf                                0x0800348d   Thumb Code     0  printf1.o(i.__0printf$1)
    __scatterload_copy                       0x080034cd   Thumb Code    14  handlers.o(i.__scatterload_copy)
    __scatterload_null                       0x080034db   Thumb Code     2  handlers.o(i.__scatterload_null)
    __scatterload_zeroinit                   0x080034dd   Thumb Code    14  handlers.o(i.__scatterload_zeroinit)
    fputc                                    0x080036f1   Thumb Code    18  drv_uart.o(i.fputc)
    main                                     0x08003709   Thumb Code    54  main.o(i.main)
    osDelay                                  0x0800373f   Thumb Code    26  cmsis_os2.o(i.osDelay)
    osKernelInitialize                       0x08003759   Thumb Code    32  cmsis_os2.o(i.osKernelInitialize)
    osKernelStart                            0x0800377d   Thumb Code    48  cmsis_os2.o(i.osKernelStart)
    osThreadNew                              0x080037b5   Thumb Code   138  cmsis_os2.o(i.osThreadNew)
    pvPortMalloc                             0x08004019   Thumb Code   216  heap_4.o(i.pvPortMalloc)
    pxPortInitialiseStack                    0x080040f5   Thumb Code    40  port.o(i.pxPortInitialiseStack)
    uxListRemove                             0x08004121   Thumb Code    38  list.o(i.uxListRemove)
    uxTaskGetStackHighWaterMark              0x08004149   Thumb Code    12  task.o(i.uxTaskGetStackHighWaterMark)
    vApplicationGetIdleTaskMemory            0x08004159   Thumb Code    16  cmsis_os2.o(i.vApplicationGetIdleTaskMemory)
    vApplicationGetTimerTaskMemory           0x0800416d   Thumb Code    18  cmsis_os2.o(i.vApplicationGetTimerTaskMemory)
    vListInitialise                          0x08004185   Thumb Code    22  list.o(i.vListInitialise)
    vListInitialiseItem                      0x0800419b   Thumb Code     6  list.o(i.vListInitialiseItem)
    vListInsert                              0x080041a1   Thumb Code    48  list.o(i.vListInsert)
    vListInsertEnd                           0x080041d1   Thumb Code    24  list.o(i.vListInsertEnd)
    vPortEnterCritical                       0x080041e9   Thumb Code    54  port.o(i.vPortEnterCritical)
    vPortExitCritical                        0x08004229   Thumb Code    34  port.o(i.vPortExitCritical)
    vPortFree                                0x08004251   Thumb Code    94  heap_4.o(i.vPortFree)
    vPortSetupTimerInterrupt                 0x080042b5   Thumb Code    32  port.o(i.vPortSetupTimerInterrupt)
    vPortValidateInterruptPriority           0x080042d9   Thumb Code    74  port.o(i.vPortValidateInterruptPriority)
    vQueueAddToRegistry                      0x0800432d   Thumb Code    50  queue.o(i.vQueueAddToRegistry)
    vQueueWaitForMessageRestricted           0x08004365   Thumb Code    68  queue.o(i.vQueueWaitForMessageRestricted)
    vTaskDelay                               0x080043a9   Thumb Code    74  task.o(i.vTaskDelay)
    vTaskInternalSetTimeOutState             0x080043fd   Thumb Code    12  task.o(i.vTaskInternalSetTimeOutState)
    vTaskMissedYield                         0x0800440d   Thumb Code     8  task.o(i.vTaskMissedYield)
    vTaskPlaceOnEventList                    0x08004419   Thumb Code    44  task.o(i.vTaskPlaceOnEventList)
    vTaskPlaceOnEventListRestricted          0x08004449   Thumb Code    58  task.o(i.vTaskPlaceOnEventListRestricted)
    vTaskStartScheduler                      0x08004489   Thumb Code   144  task.o(i.vTaskStartScheduler)
    vTaskSuspendAll                          0x08004529   Thumb Code    10  task.o(i.vTaskSuspendAll)
    vTaskSwitchContext                       0x08004539   Thumb Code   120  task.o(i.vTaskSwitchContext)
    xPortStartScheduler                      0x080045c1   Thumb Code   222  port.o(i.xPortStartScheduler)
    xPortSysTickHandler                      0x080046b5   Thumb Code    38  port.o(i.xPortSysTickHandler)
    xQueueGenericCreateStatic                0x080046e1   Thumb Code   102  queue.o(i.xQueueGenericCreateStatic)
    xQueueGenericReset                       0x08004749   Thumb Code   132  queue.o(i.xQueueGenericReset)
    xQueueGenericSend                        0x080047d1   Thumb Code   386  queue.o(i.xQueueGenericSend)
    xQueueGenericSendFromISR                 0x08004959   Thumb Code   222  queue.o(i.xQueueGenericSendFromISR)
    xQueueReceive                            0x08004a39   Thumb Code   366  queue.o(i.xQueueReceive)
    xTaskCheckForTimeOut                     0x08004bad   Thumb Code   112  task.o(i.xTaskCheckForTimeOut)
    xTaskCreate                              0x08004c21   Thumb Code    90  task.o(i.xTaskCreate)
    xTaskCreateStatic                        0x08004c7b   Thumb Code    86  task.o(i.xTaskCreateStatic)
    xTaskGetSchedulerState                   0x08004cd1   Thumb Code    22  task.o(i.xTaskGetSchedulerState)
    xTaskGetTickCount                        0x08004ced   Thumb Code     6  task.o(i.xTaskGetTickCount)
    xTaskGetTickCountFromISR                 0x08004cf9   Thumb Code    12  task.o(i.xTaskGetTickCountFromISR)
    xTaskIncrementTick                       0x08004d09   Thumb Code   198  task.o(i.xTaskIncrementTick)
    xTaskPriorityDisinherit                  0x08004dd9   Thumb Code   132  task.o(i.xTaskPriorityDisinherit)
    xTaskRemoveFromEventList                 0x08004e65   Thumb Code   104  task.o(i.xTaskRemoveFromEventList)
    xTaskResumeAll                           0x08004ed9   Thumb Code   186  task.o(i.xTaskResumeAll)
    xTimerCreateTimerTask                    0x08004fa1   Thumb Code    78  timer.o(i.xTimerCreateTimerTask)
    xTimerGenericCommand                     0x08005001   Thumb Code    98  timer.o(i.xTimerGenericCommand)
    Index_attributes                         0x08005068   Data          36  tp_thread.o(.constdata)
    Mixer_attributes                         0x0800508c   Data          36  tp_thread.o(.constdata)
    SYSVIEW_X_OS_TraceAPI                    0x080050dc   Data           8  segger_sysview_tp_thread.o(.constdata)
    AHBPrescTable                            0x080050ec   Data          16  system_stm32f4xx.o(.constdata)
    APBPrescTable                            0x080050fc   Data           8  system_stm32f4xx.o(.constdata)
    Region$$Table$$Base                      0x08005164   Number         0  anon$$obj.o(Region$$Table)
    Region$$Table$$Limit                     0x08005184   Number         0  anon$$obj.o(Region$$Table)
    sbus_state                               0x20000000   Data           1  prot_sbus.o(.data)
    IndexHandle                              0x20000004   Data           4  tp_thread.o(.data)
    MixerHandle                              0x20000008   Data           4  tp_thread.o(.data)
    pxCurrentTCB                             0x2000003c   Data           4  task.o(.data)
    uwTickFreq                               0x200000a0   Data           1  stm32f4xx_hal.o(.data)
    uwTickPrio                               0x200000a4   Data           4  stm32f4xx_hal.o(.data)
    uwTick                                   0x200000a8   Data           4  stm32f4xx_hal.o(.data)
    SystemCoreClock                          0x200000ac   Data           4  system_stm32f4xx.o(.data)
    __stdout                                 0x200000b0   Data           4  stdout.o(.data)
    hadc1                                    0x200000b4   Data          72  adc.o(.bss)
    hadc3                                    0x200000fc   Data          72  adc.o(.bss)
    hcan1                                    0x20000144   Data          40  can.o(.bss)
    huart1                                   0x2000016c   Data          72  usart.o(.bss)
    huart3                                   0x200001b4   Data          72  usart.o(.bss)
    huart6                                   0x200001fc   Data          72  usart.o(.bss)
    hdma_usart3_rx                           0x20000244   Data          96  usart.o(.bss)
    htim6                                    0x200002a4   Data          72  stm32f4xx_hal_timebase_tim.o(.bss)
    sbus_buf                                 0x200002ec   Data          25  prot_sbus.o(.bss)
    SBUS_CH                                  0x20000306   Data          82  prot_sbus.o(.bss)
    xQueueRegistry                           0x20004610   Data          64  queue.o(.bss)
    _SEGGER_RTT                              0x20004c2c   Data         168  segger_rtt.o(.bss)
    __initial_sp                             0x20005a90   Data           0  startup_stm32f407xx.o(STACK)



==============================================================================

Memory Map of the image

  Image Entry point : 0x08000189

  Load Region LR_IROM1 (Base: 0x08000000, Size: 0x00005238, Max: 0x00100000, ABSOLUTE)

    Execution Region ER_IROM1 (Exec base: 0x08000000, Load base: 0x08000000, Size: 0x00005184, Max: 0x00100000, ABSOLUTE)

    Exec Addr    Load Addr    Size         Type   Attr      Idx    E Section Name        Object

    0x08000000   0x08000000   0x00000188   Data   RO            3    RESET               startup_stm32f407xx.o
    0x08000188   0x08000188   0x00000000   Code   RO         6406  * .ARM.Collect$$$$00000000  mc_w.l(entry.o)
    0x08000188   0x08000188   0x00000004   Code   RO         6684    .ARM.Collect$$$$00000001  mc_w.l(entry2.o)
    0x0800018c   0x0800018c   0x00000004   Code   RO         6687    .ARM.Collect$$$$00000004  mc_w.l(entry5.o)
    0x08000190   0x08000190   0x00000000   Code   RO         6689    .ARM.Collect$$$$00000008  mc_w.l(entry7b.o)
    0x08000190   0x08000190   0x00000000   Code   RO         6691    .ARM.Collect$$$$0000000A  mc_w.l(entry8b.o)
    0x08000190   0x08000190   0x00000008   Code   RO         6692    .ARM.Collect$$$$0000000B  mc_w.l(entry9a.o)
    0x08000198   0x08000198   0x00000004   Code   RO         6699    .ARM.Collect$$$$0000000E  mc_w.l(entry12b.o)
    0x0800019c   0x0800019c   0x00000000   Code   RO         6694    .ARM.Collect$$$$0000000F  mc_w.l(entry10a.o)
    0x0800019c   0x0800019c   0x00000000   Code   RO         6696    .ARM.Collect$$$$00000011  mc_w.l(entry11a.o)
    0x0800019c   0x0800019c   0x00000004   Code   RO         6685    .ARM.Collect$$$$00002712  mc_w.l(entry2.o)
    0x080001a0   0x080001a0   0x000000be   Code   RO         1558    .emb_text           port.o
    0x0800025e   0x0800025e   0x00000002   PAD
    0x08000260   0x08000260   0x00000024   Code   RO            4    .text               startup_stm32f407xx.o
    0x08000284   0x08000284   0x00000062   Code   RO         6409    .text               mc_w.l(uldiv.o)
    0x080002e6   0x080002e6   0x00000024   Code   RO         6411    .text               mc_w.l(memcpya.o)
    0x0800030a   0x0800030a   0x00000024   Code   RO         6415    .text               mc_w.l(memseta.o)
    0x0800032e   0x0800032e   0x0000001a   Code   RO         6419    .text               mc_w.l(memcmp.o)
    0x08000348   0x08000348   0x0000002c   Code   RO         6701    .text               mc_w.l(uidiv.o)
    0x08000374   0x08000374   0x0000001e   Code   RO         6703    .text               mc_w.l(llshl.o)
    0x08000392   0x08000392   0x00000020   Code   RO         6705    .text               mc_w.l(llushr.o)
    0x080003b2   0x080003b2   0x00000002   PAD
    0x080003b4   0x080003b4   0x00000024   Code   RO         6718    .text               mc_w.l(init.o)
    0x080003d8   0x080003d8   0x00000128   Code   RO         3388    i.ADC_Init          stm32f4xx_hal_adc.o
    0x08000500   0x08000500   0x00000002   Code   RO          450    i.BusFault_Handler  stm32f4xx_it.o
    0x08000502   0x08000502   0x00000002   PAD
    0x08000504   0x08000504   0x0000000c   Code   RO          451    i.DMA1_Stream1_IRQHandler  stm32f4xx_it.o
    0x08000510   0x08000510   0x00000028   Code   RO         4122    i.DMA_CalcBaseAndBitshift  stm32f4xx_hal_dma.o
    0x08000538   0x08000538   0x00000054   Code   RO         4123    i.DMA_CheckFifoParam  stm32f4xx_hal_dma.o
    0x0800058c   0x0800058c   0x00000028   Code   RO         4124    i.DMA_SetConfig     stm32f4xx_hal_dma.o
    0x080005b4   0x080005b4   0x00000002   Code   RO          452    i.DebugMon_Handler  stm32f4xx_it.o
    0x080005b6   0x080005b6   0x00000004   Code   RO           13    i.Error_Handler     main.o
    0x080005ba   0x080005ba   0x00000002   PAD
    0x080005bc   0x080005bc   0x0000014c   Code   RO         3390    i.HAL_ADC_ConfigChannel  stm32f4xx_hal_adc.o
    0x08000708   0x08000708   0x00000054   Code   RO         3399    i.HAL_ADC_Init      stm32f4xx_hal_adc.o
    0x0800075c   0x0800075c   0x0000007c   Code   RO          281    i.HAL_ADC_MspInit   adc.o
    0x080007d8   0x080007d8   0x0000011a   Code   RO         4815    i.HAL_CAN_Init      stm32f4xx_hal_can.o
    0x080008f2   0x080008f2   0x00000002   PAD
    0x080008f4   0x080008f4   0x00000068   Code   RO          330    i.HAL_CAN_MspInit   can.o
    0x0800095c   0x0800095c   0x00000092   Code   RO         4125    i.HAL_DMA_Abort     stm32f4xx_hal_dma.o
    0x080009ee   0x080009ee   0x00000024   Code   RO         4126    i.HAL_DMA_Abort_IT  stm32f4xx_hal_dma.o
    0x08000a12   0x08000a12   0x00000002   PAD
    0x08000a14   0x08000a14   0x000001a0   Code   RO         4130    i.HAL_DMA_IRQHandler  stm32f4xx_hal_dma.o
    0x08000bb4   0x08000bb4   0x000000d4   Code   RO         4131    i.HAL_DMA_Init      stm32f4xx_hal_dma.o
    0x08000c88   0x08000c88   0x0000006e   Code   RO         4135    i.HAL_DMA_Start_IT  stm32f4xx_hal_dma.o
    0x08000cf6   0x08000cf6   0x00000002   PAD
    0x08000cf8   0x08000cf8   0x000001f0   Code   RO         4018    i.HAL_GPIO_Init     stm32f4xx_hal_gpio.o
    0x08000ee8   0x08000ee8   0x00000010   Code   RO         4021    i.HAL_GPIO_TogglePin  stm32f4xx_hal_gpio.o
    0x08000ef8   0x08000ef8   0x0000000a   Code   RO         4022    i.HAL_GPIO_WritePin  stm32f4xx_hal_gpio.o
    0x08000f02   0x08000f02   0x00000002   PAD
    0x08000f04   0x08000f04   0x0000000c   Code   RO         4556    i.HAL_GetTick       stm32f4xx_hal.o
    0x08000f10   0x08000f10   0x00000010   Code   RO         4562    i.HAL_IncTick       stm32f4xx_hal.o
    0x08000f20   0x08000f20   0x00000034   Code   RO         4563    i.HAL_Init          stm32f4xx_hal.o
    0x08000f54   0x08000f54   0x00000098   Code   RO          550    i.HAL_InitTick      stm32f4xx_hal_timebase_tim.o
    0x08000fec   0x08000fec   0x00000038   Code   RO          526    i.HAL_MspInit       stm32f4xx_hal_msp.o
    0x08001024   0x08001024   0x0000001a   Code   RO         4408    i.HAL_NVIC_EnableIRQ  stm32f4xx_hal_cortex.o
    0x0800103e   0x0800103e   0x00000002   PAD
    0x08001040   0x08001040   0x00000040   Code   RO         4414    i.HAL_NVIC_SetPriority  stm32f4xx_hal_cortex.o
    0x08001080   0x08001080   0x00000024   Code   RO         4415    i.HAL_NVIC_SetPriorityGrouping  stm32f4xx_hal_cortex.o
    0x080010a4   0x080010a4   0x00000134   Code   RO         3664    i.HAL_RCC_ClockConfig  stm32f4xx_hal_rcc.o
    0x080011d8   0x080011d8   0x00000040   Code   RO         3668    i.HAL_RCC_GetClockConfig  stm32f4xx_hal_rcc.o
    0x08001218   0x08001218   0x00000020   Code   RO         3671    i.HAL_RCC_GetPCLK1Freq  stm32f4xx_hal_rcc.o
    0x08001238   0x08001238   0x00000020   Code   RO         3672    i.HAL_RCC_GetPCLK2Freq  stm32f4xx_hal_rcc.o
    0x08001258   0x08001258   0x00000064   Code   RO         3673    i.HAL_RCC_GetSysClockFreq  stm32f4xx_hal_rcc.o
    0x080012bc   0x080012bc   0x0000036c   Code   RO         3676    i.HAL_RCC_OscConfig  stm32f4xx_hal_rcc.o
    0x08001628   0x08001628   0x00000002   Code   RO         5741    i.HAL_TIMEx_BreakCallback  stm32f4xx_hal_tim_ex.o
    0x0800162a   0x0800162a   0x00000002   Code   RO         5742    i.HAL_TIMEx_CommutCallback  stm32f4xx_hal_tim_ex.o
    0x0800162c   0x0800162c   0x0000005a   Code   RO         5037    i.HAL_TIM_Base_Init  stm32f4xx_hal_tim.o
    0x08001686   0x08001686   0x00000002   Code   RO         5039    i.HAL_TIM_Base_MspInit  stm32f4xx_hal_tim.o
    0x08001688   0x08001688   0x00000080   Code   RO         5042    i.HAL_TIM_Base_Start_IT  stm32f4xx_hal_tim.o
    0x08001708   0x08001708   0x00000002   Code   RO         5071    i.HAL_TIM_IC_CaptureCallback  stm32f4xx_hal_tim.o
    0x0800170a   0x0800170a   0x00000130   Code   RO         5085    i.HAL_TIM_IRQHandler  stm32f4xx_hal_tim.o
    0x0800183a   0x0800183a   0x00000002   Code   RO         5088    i.HAL_TIM_OC_DelayElapsedCallback  stm32f4xx_hal_tim.o
    0x0800183c   0x0800183c   0x00000002   Code   RO         5115    i.HAL_TIM_PWM_PulseFinishedCallback  stm32f4xx_hal_tim.o
    0x0800183e   0x0800183e   0x00000002   PAD
    0x08001840   0x08001840   0x00000014   Code   RO           14    i.HAL_TIM_PeriodElapsedCallback  main.o
    0x08001854   0x08001854   0x00000002   Code   RO         5128    i.HAL_TIM_TriggerCallback  stm32f4xx_hal_tim.o
    0x08001856   0x08001856   0x00000002   Code   RO         6020    i.HAL_UARTEx_RxEventCallback  stm32f4xx_hal_uart.o
    0x08001858   0x08001858   0x00000070   Code   RO         6032    i.HAL_UART_DMAStop  stm32f4xx_hal_uart.o
    0x080018c8   0x080018c8   0x00000002   Code   RO         6034    i.HAL_UART_ErrorCallback  stm32f4xx_hal_uart.o
    0x080018ca   0x080018ca   0x00000002   PAD
    0x080018cc   0x080018cc   0x00000270   Code   RO         6037    i.HAL_UART_IRQHandler  stm32f4xx_hal_uart.o
    0x08001b3c   0x08001b3c   0x00000054   Code   RO          669    i.HAL_UART_IdleCpltCallback  prot_sbus.o
    0x08001b90   0x08001b90   0x00000064   Code   RO         6038    i.HAL_UART_Init     stm32f4xx_hal_uart.o
    0x08001bf4   0x08001bf4   0x00000170   Code   RO          396    i.HAL_UART_MspInit  usart.o
    0x08001d64   0x08001d64   0x0000001c   Code   RO         6042    i.HAL_UART_Receive_DMA  stm32f4xx_hal_uart.o
    0x08001d80   0x08001d80   0x00000002   Code   RO         6044    i.HAL_UART_RxCpltCallback  stm32f4xx_hal_uart.o
    0x08001d82   0x08001d82   0x00000002   Code   RO         6045    i.HAL_UART_RxHalfCpltCallback  stm32f4xx_hal_uart.o
    0x08001d84   0x08001d84   0x000000a0   Code   RO         6046    i.HAL_UART_Transmit  stm32f4xx_hal_uart.o
    0x08001e24   0x08001e24   0x00000002   Code   RO         6049    i.HAL_UART_TxCpltCallback  stm32f4xx_hal_uart.o
    0x08001e26   0x08001e26   0x00000002   Code   RO          453    i.HardFault_Handler  stm32f4xx_it.o
    0x08001e28   0x08001e28   0x00000020   Code   RO          748    i.Index_Entry       task_index.o
    0x08001e48   0x08001e48   0x00000064   Code   RO          282    i.MX_ADC1_Init      adc.o
    0x08001eac   0x08001eac   0x00000064   Code   RO          283    i.MX_ADC3_Init      adc.o
    0x08001f10   0x08001f10   0x00000044   Code   RO          331    i.MX_CAN1_Init      can.o
    0x08001f54   0x08001f54   0x0000002c   Code   RO          371    i.MX_DMA_Init       dma.o
    0x08001f80   0x08001f80   0x000000c0   Code   RO          256    i.MX_GPIO_Init      gpio.o
    0x08002040   0x08002040   0x00000038   Code   RO          397    i.MX_USART1_UART_Init  usart.o
    0x08002078   0x08002078   0x00000044   Code   RO          398    i.MX_USART3_UART_Init  usart.o
    0x080020bc   0x080020bc   0x00000038   Code   RO          399    i.MX_USART6_UART_Init  usart.o
    0x080020f4   0x080020f4   0x00000002   Code   RO          454    i.MemManage_Handler  stm32f4xx_it.o
    0x080020f6   0x080020f6   0x00000002   PAD
    0x080020f8   0x080020f8   0x00000024   Code   RO          772    i.Mixer_Entry       task_mixer.o
    0x0800211c   0x0800211c   0x00000002   Code   RO          455    i.NMI_Handler       stm32f4xx_it.o
    0x0800211e   0x0800211e   0x00000002   PAD
    0x08002120   0x08002120   0x00000020   Code   RO          670    i.SBUS_Init         prot_sbus.o
    0x08002140   0x08002140   0x00000128   Code   RO          671    i.SBUS_Process      prot_sbus.o
    0x08002268   0x08002268   0x00000068   Code   RO         2549    i.SEGGER_RTT_AllocUpBuffer  segger_rtt.o
    0x080022d0   0x080022d0   0x0000005c   Code   RO         2550    i.SEGGER_RTT_ConfigDownBuffer  segger_rtt.o
    0x0800232c   0x0800232c   0x0000007c   Code   RO         2563    i.SEGGER_RTT_ReadNoLock  segger_rtt.o
    0x080023a8   0x080023a8   0x00000070   Code   RO         2577    i.SEGGER_RTT_WriteSkipNoLock  segger_rtt.o
    0x08002418   0x08002418   0x00000028   Code   RO         3315    i.SEGGER_SYSVIEW_Conf  segger_sysview_config_tp_thread.o
    0x08002440   0x08002440   0x00000080   Code   RO         2788    i.SEGGER_SYSVIEW_GetSysDesc  segger_sysview.o
    0x080024c0   0x080024c0   0x00000060   Code   RO         2793    i.SEGGER_SYSVIEW_Init  segger_sysview.o
    0x08002520   0x08002520   0x00000024   Code   RO         2800    i.SEGGER_SYSVIEW_OnIdle  segger_sysview.o
    0x08002544   0x08002544   0x00000040   Code   RO         2801    i.SEGGER_SYSVIEW_OnTaskCreate  segger_sysview.o
    0x08002584   0x08002584   0x00000040   Code   RO         2802    i.SEGGER_SYSVIEW_OnTaskStartExec  segger_sysview.o
    0x080025c4   0x080025c4   0x00000040   Code   RO         2803    i.SEGGER_SYSVIEW_OnTaskStartReady  segger_sysview.o
    0x08002604   0x08002604   0x00000034   Code   RO         2821    i.SEGGER_SYSVIEW_RecordSystime  segger_sysview.o
    0x08002638   0x08002638   0x0000003c   Code   RO         2822    i.SEGGER_SYSVIEW_RecordU32  segger_sysview.o
    0x08002674   0x08002674   0x00000050   Code   RO         2824    i.SEGGER_SYSVIEW_RecordU32x2  segger_sysview.o
    0x080026c4   0x080026c4   0x0000006c   Code   RO         2825    i.SEGGER_SYSVIEW_RecordU32x3  segger_sysview.o
    0x08002730   0x08002730   0x00000080   Code   RO         2826    i.SEGGER_SYSVIEW_RecordU32x4  segger_sysview.o
    0x080027b0   0x080027b0   0x00000024   Code   RO         2832    i.SEGGER_SYSVIEW_RecordVoid  segger_sysview.o
    0x080027d4   0x080027d4   0x00000088   Code   RO         2834    i.SEGGER_SYSVIEW_SendModule  segger_sysview.o
    0x0800285c   0x0800285c   0x0000001c   Code   RO         2835    i.SEGGER_SYSVIEW_SendModuleDescription  segger_sysview.o
    0x08002878   0x08002878   0x00000040   Code   RO         2836    i.SEGGER_SYSVIEW_SendNumModules  segger_sysview.o
    0x080028b8   0x080028b8   0x00000030   Code   RO         2838    i.SEGGER_SYSVIEW_SendSysDesc  segger_sysview.o
    0x080028e8   0x080028e8   0x000000c8   Code   RO         2839    i.SEGGER_SYSVIEW_SendTaskInfo  segger_sysview.o
    0x080029b0   0x080029b0   0x00000018   Code   RO         2840    i.SEGGER_SYSVIEW_SendTaskList  segger_sysview.o
    0x080029c8   0x080029c8   0x0000000c   Code   RO         2841    i.SEGGER_SYSVIEW_SetRAMBase  segger_sysview.o
    0x080029d4   0x080029d4   0x0000000c   Code   RO         2842    i.SEGGER_SYSVIEW_ShrinkId  segger_sysview.o
    0x080029e0   0x080029e0   0x000000b0   Code   RO         2843    i.SEGGER_SYSVIEW_Start  segger_sysview.o
    0x08002a90   0x08002a90   0x00000030   Code   RO         2844    i.SEGGER_SYSVIEW_Stop  segger_sysview.o
    0x08002ac0   0x08002ac0   0x0000003c   Code   RO         2853    i.SEGGER_SYSVIEW_Warn  segger_sysview.o
    0x08002afc   0x08002afc   0x00000070   Code   RO         3333    i.SYSVIEW_AddTask   segger_sysview_tp_thread.o
    0x08002b6c   0x08002b6c   0x0000002a   Code   RO         3335    i.SYSVIEW_SendTaskInfo  segger_sysview_tp_thread.o
    0x08002b96   0x08002b96   0x0000001a   Code   RO          799    i.SysTick_Handler   cmsis_os2.o
    0x08002bb0   0x08002bb0   0x00000094   Code   RO           15    i.SystemClock_Config  main.o
    0x08002c44   0x08002c44   0x00000010   Code   RO         6372    i.SystemInit        system_stm32f4xx.o
    0x08002c54   0x08002c54   0x0000000c   Code   RO          456    i.TIM6_DAC_IRQHandler  stm32f4xx_it.o
    0x08002c60   0x08002c60   0x000000d8   Code   RO         5130    i.TIM_Base_SetConfig  stm32f4xx_hal_tim.o
    0x08002d38   0x08002d38   0x00000034   Code   RO          719    i.TP_Thread_Init    tp_thread.o
    0x08002d6c   0x08002d6c   0x00000010   Code   RO         6051    i.UART_DMAAbortOnError  stm32f4xx_hal_uart.o
    0x08002d7c   0x08002d7c   0x0000004a   Code   RO         6052    i.UART_DMAError     stm32f4xx_hal_uart.o
    0x08002dc6   0x08002dc6   0x00000086   Code   RO         6053    i.UART_DMAReceiveCplt  stm32f4xx_hal_uart.o
    0x08002e4c   0x08002e4c   0x0000001e   Code   RO         6055    i.UART_DMARxHalfCplt  stm32f4xx_hal_uart.o
    0x08002e6a   0x08002e6a   0x0000004e   Code   RO         6061    i.UART_EndRxTransfer  stm32f4xx_hal_uart.o
    0x08002eb8   0x08002eb8   0x0000001c   Code   RO         6062    i.UART_EndTxTransfer  stm32f4xx_hal_uart.o
    0x08002ed4   0x08002ed4   0x000000c2   Code   RO         6063    i.UART_Receive_IT   stm32f4xx_hal_uart.o
    0x08002f96   0x08002f96   0x00000002   PAD
    0x08002f98   0x08002f98   0x0000010c   Code   RO         6064    i.UART_SetConfig    stm32f4xx_hal_uart.o
    0x080030a4   0x080030a4   0x00000090   Code   RO         6065    i.UART_Start_Receive_DMA  stm32f4xx_hal_uart.o
    0x08003134   0x08003134   0x00000072   Code   RO         6067    i.UART_WaitOnFlagUntilTimeout  stm32f4xx_hal_uart.o
    0x080031a6   0x080031a6   0x00000002   PAD
    0x080031a8   0x080031a8   0x0000001c   Code   RO          457    i.USART3_IRQHandler  stm32f4xx_it.o
    0x080031c4   0x080031c4   0x00000002   Code   RO          458    i.UsageFault_Handler  stm32f4xx_it.o
    0x080031c6   0x080031c6   0x00000002   PAD
    0x080031c8   0x080031c8   0x00000064   Code   RO         2580    i._DoInit           segger_rtt.o
    0x0800322c   0x0800322c   0x00000026   Code   RO         2856    i._EncodeStr        segger_sysview.o
    0x08003252   0x08003252   0x00000002   PAD
    0x08003254   0x08003254   0x00000094   Code   RO         2857    i._HandleIncomingPacket  segger_sysview.o
    0x080032e8   0x080032e8   0x0000013c   Code   RO         2860    i._SendPacket       segger_sysview.o
    0x08003424   0x08003424   0x00000068   Code   RO         2862    i._TrySendOverflowPacket  segger_sysview.o
    0x0800348c   0x0800348c   0x00000020   Code   RO         6468    i.__0printf$1       mc_w.l(printf1.o)
    0x080034ac   0x080034ac   0x00000020   Code   RO         4421    i.__NVIC_SetPriority  stm32f4xx_hal_cortex.o
    0x080034cc   0x080034cc   0x0000000e   Code   RO         6726    i.__scatterload_copy  mc_w.l(handlers.o)
    0x080034da   0x080034da   0x00000002   Code   RO         6727    i.__scatterload_null  mc_w.l(handlers.o)
    0x080034dc   0x080034dc   0x0000000e   Code   RO         6728    i.__scatterload_zeroinit  mc_w.l(handlers.o)
    0x080034ea   0x080034ea   0x0000001e   Code   RO         3337    i._cbGetTime        segger_sysview_tp_thread.o
    0x08003508   0x08003508   0x00000058   Code   RO         3316    i._cbSendSystemDesc  segger_sysview_config_tp_thread.o
    0x08003560   0x08003560   0x0000003c   Code   RO         3338    i._cbSendTaskList   segger_sysview_tp_thread.o
    0x0800359c   0x0800359c   0x00000154   Code   RO         6475    i._printf_core      mc_w.l(printf1.o)
    0x080036f0   0x080036f0   0x00000018   Code   RO          635    i.fputc             drv_uart.o
    0x08003708   0x08003708   0x00000036   Code   RO           16    i.main              main.o
    0x0800373e   0x0800373e   0x0000001a   Code   RO          801    i.osDelay           cmsis_os2.o
    0x08003758   0x08003758   0x00000024   Code   RO          815    i.osKernelInitialize  cmsis_os2.o
    0x0800377c   0x0800377c   0x00000038   Code   RO          818    i.osKernelStart     cmsis_os2.o
    0x080037b4   0x080037b4   0x0000008a   Code   RO          860    i.osThreadNew       cmsis_os2.o
    0x0800383e   0x0800383e   0x00000002   PAD
    0x08003840   0x08003840   0x0000005c   Code   RO         2030    i.prvAddCurrentTaskToDelayedList  task.o
    0x0800389c   0x0800389c   0x000000f0   Code   RO         2031    i.prvAddNewTaskToReadyList  task.o
    0x0800398c   0x0800398c   0x00000058   Code   RO         2395    i.prvCheckForValidListAndQueue  timer.o
    0x080039e4   0x080039e4   0x00000026   Code   RO         1636    i.prvCopyDataFromQueue  queue.o
    0x08003a0a   0x08003a0a   0x0000006c   Code   RO         1637    i.prvCopyDataToQueue  queue.o
    0x08003a76   0x08003a76   0x00000034   Code   RO         2032    i.prvDeleteTCB      task.o
    0x08003aaa   0x08003aaa   0x00000002   PAD
    0x08003aac   0x08003aac   0x0000004c   Code   RO         1452    i.prvHeapInit       heap_4.o
    0x08003af8   0x08003af8   0x00000060   Code   RO         2033    i.prvIdleTask       task.o
    0x08003b58   0x08003b58   0x00000034   Code   RO         1639    i.prvInitialiseNewQueue  queue.o
    0x08003b8c   0x08003b8c   0x000000b0   Code   RO         2034    i.prvInitialiseNewTask  task.o
    0x08003c3c   0x08003c3c   0x0000004c   Code   RO         1453    i.prvInsertBlockIntoFreeList  heap_4.o
    0x08003c88   0x08003c88   0x00000038   Code   RO         2397    i.prvInsertTimerInActiveList  timer.o
    0x08003cc0   0x08003cc0   0x0000001c   Code   RO         1640    i.prvIsQueueEmpty   queue.o
    0x08003cdc   0x08003cdc   0x000000fc   Code   RO         2398    i.prvProcessReceivedCommands  timer.o
    0x08003dd8   0x08003dd8   0x000000c0   Code   RO         2399    i.prvProcessTimerOrBlockTask  timer.o
    0x08003e98   0x08003e98   0x00000020   Code   RO         2036    i.prvResetNextTaskUnblockTime  task.o
    0x08003eb8   0x08003eb8   0x00000028   Code   RO         2400    i.prvSampleTimeNow  timer.o
    0x08003ee0   0x08003ee0   0x0000006c   Code   RO         2401    i.prvSwitchTimerLists  timer.o
    0x08003f4c   0x08003f4c   0x00000014   Code   RO         2037    i.prvTaskCheckFreeStackSpace  task.o
    0x08003f60   0x08003f60   0x00000028   Code   RO         1559    i.prvTaskExitError  port.o
    0x08003f88   0x08003f88   0x00000024   Code   RO         2402    i.prvTimerTask      timer.o
    0x08003fac   0x08003fac   0x0000006a   Code   RO         1641    i.prvUnlockQueue    queue.o
    0x08004016   0x08004016   0x00000002   PAD
    0x08004018   0x08004018   0x000000dc   Code   RO         1454    i.pvPortMalloc      heap_4.o
    0x080040f4   0x080040f4   0x0000002c   Code   RO         1560    i.pxPortInitialiseStack  port.o
    0x08004120   0x08004120   0x00000026   Code   RO         1519    i.uxListRemove      list.o
    0x08004146   0x08004146   0x00000002   PAD
    0x08004148   0x08004148   0x00000010   Code   RO         2043    i.uxTaskGetStackHighWaterMark  task.o
    0x08004158   0x08004158   0x00000014   Code   RO          872    i.vApplicationGetIdleTaskMemory  cmsis_os2.o
    0x0800416c   0x0800416c   0x00000018   Code   RO          873    i.vApplicationGetTimerTaskMemory  cmsis_os2.o
    0x08004184   0x08004184   0x00000016   Code   RO         1520    i.vListInitialise   list.o
    0x0800419a   0x0800419a   0x00000006   Code   RO         1521    i.vListInitialiseItem  list.o
    0x080041a0   0x080041a0   0x00000030   Code   RO         1522    i.vListInsert       list.o
    0x080041d0   0x080041d0   0x00000018   Code   RO         1523    i.vListInsertEnd    list.o
    0x080041e8   0x080041e8   0x00000040   Code   RO         1562    i.vPortEnterCritical  port.o
    0x08004228   0x08004228   0x00000028   Code   RO         1563    i.vPortExitCritical  port.o
    0x08004250   0x08004250   0x00000064   Code   RO         1455    i.vPortFree         heap_4.o
    0x080042b4   0x080042b4   0x00000024   Code   RO         1564    i.vPortSetupTimerInterrupt  port.o
    0x080042d8   0x080042d8   0x00000054   Code   RO         1565    i.vPortValidateInterruptPriority  port.o
    0x0800432c   0x0800432c   0x00000038   Code   RO         1647    i.vQueueAddToRegistry  queue.o
    0x08004364   0x08004364   0x00000044   Code   RO         1651    i.vQueueWaitForMessageRestricted  queue.o
    0x080043a8   0x080043a8   0x00000054   Code   RO         2049    i.vTaskDelay        task.o
    0x080043fc   0x080043fc   0x00000010   Code   RO         2054    i.vTaskInternalSetTimeOutState  task.o
    0x0800440c   0x0800440c   0x0000000c   Code   RO         2055    i.vTaskMissedYield  task.o
    0x08004418   0x08004418   0x00000030   Code   RO         2057    i.vTaskPlaceOnEventList  task.o
    0x08004448   0x08004448   0x00000040   Code   RO         2058    i.vTaskPlaceOnEventListRestricted  task.o
    0x08004488   0x08004488   0x000000a0   Code   RO         2066    i.vTaskStartScheduler  task.o
    0x08004528   0x08004528   0x00000010   Code   RO         2068    i.vTaskSuspendAll   task.o
    0x08004538   0x08004538   0x00000088   Code   RO         2069    i.vTaskSwitchContext  task.o
    0x080045c0   0x080045c0   0x000000f4   Code   RO         1566    i.xPortStartScheduler  port.o
    0x080046b4   0x080046b4   0x0000002c   Code   RO         1567    i.xPortSysTickHandler  port.o
    0x080046e0   0x080046e0   0x00000066   Code   RO         1657    i.xQueueGenericCreateStatic  queue.o
    0x08004746   0x08004746   0x00000002   PAD
    0x08004748   0x08004748   0x00000088   Code   RO         1658    i.xQueueGenericReset  queue.o
    0x080047d0   0x080047d0   0x00000188   Code   RO         1659    i.xQueueGenericSend  queue.o
    0x08004958   0x08004958   0x000000de   Code   RO         1660    i.xQueueGenericSendFromISR  queue.o
    0x08004a36   0x08004a36   0x00000002   PAD
    0x08004a38   0x08004a38   0x00000174   Code   RO         1669    i.xQueueReceive     queue.o
    0x08004bac   0x08004bac   0x00000074   Code   RO         2071    i.xTaskCheckForTimeOut  task.o
    0x08004c20   0x08004c20   0x0000005a   Code   RO         2072    i.xTaskCreate       task.o
    0x08004c7a   0x08004c7a   0x00000056   Code   RO         2073    i.xTaskCreateStatic  task.o
    0x08004cd0   0x08004cd0   0x0000001c   Code   RO         2077    i.xTaskGetSchedulerState  task.o
    0x08004cec   0x08004cec   0x0000000c   Code   RO         2078    i.xTaskGetTickCount  task.o
    0x08004cf8   0x08004cf8   0x00000010   Code   RO         2079    i.xTaskGetTickCountFromISR  task.o
    0x08004d08   0x08004d08   0x000000d0   Code   RO         2080    i.xTaskIncrementTick  task.o
    0x08004dd8   0x08004dd8   0x0000008c   Code   RO         2083    i.xTaskPriorityDisinherit  task.o
    0x08004e64   0x08004e64   0x00000074   Code   RO         2085    i.xTaskRemoveFromEventList  task.o
    0x08004ed8   0x08004ed8   0x000000c8   Code   RO         2086    i.xTaskResumeAll    task.o
    0x08004fa0   0x08004fa0   0x00000060   Code   RO         2411    i.xTimerCreateTimerTask  timer.o
    0x08005000   0x08005000   0x00000068   Code   RO         2412    i.xTimerGenericCommand  timer.o
    0x08005068   0x08005068   0x00000048   Data   RO          720    .constdata          tp_thread.o
    0x080050b0   0x080050b0   0x00000011   Data   RO         2586    .constdata          segger_rtt.o
    0x080050c1   0x080050c1   0x0000001a   Data   RO         2866    .constdata          segger_sysview.o
    0x080050db   0x080050db   0x00000001   PAD
    0x080050dc   0x080050dc   0x00000008   Data   RO         3340    .constdata          segger_sysview_tp_thread.o
    0x080050e4   0x080050e4   0x00000008   Data   RO         4137    .constdata          stm32f4xx_hal_dma.o
    0x080050ec   0x080050ec   0x00000010   Data   RO         6373    .constdata          system_stm32f4xx.o
    0x080050fc   0x080050fc   0x00000008   Data   RO         6374    .constdata          system_stm32f4xx.o
    0x08005104   0x08005104   0x0000000e   Data   RO          721    .conststring        tp_thread.o
    0x08005112   0x08005112   0x00000002   PAD
    0x08005114   0x08005114   0x00000050   Data   RO         3341    .conststring        segger_sysview_tp_thread.o
    0x08005164   0x08005164   0x00000020   Data   RO         6724    Region$$Table       anon$$obj.o


    Execution Region RW_IRAM1 (Exec base: 0x20000000, Load base: 0x08005184, Size: 0x00005a90, Max: 0x0001c000, ABSOLUTE)

    Exec Addr    Load Addr    Size         Type   Attr      Idx    E Section Name        Object

    0x20000000   0x08005184   0x00000001   Data   RW          675    .data               prot_sbus.o
    0x20000001   0x08005185   0x00000003   PAD
    0x20000004   0x08005188   0x00000008   Data   RW          722    .data               tp_thread.o
    0x2000000c   0x08005190   0x00000004   Data   RW          875    .data               cmsis_os2.o
    0x20000010   0x08005194   0x00000020   Data   RW         1461    .data               heap_4.o
    0x20000030   0x080051b4   0x0000000c   Data   RW         1568    .data               port.o
    0x2000003c   0x080051c0   0x0000003c   Data   RW         2089    .data               task.o
    0x20000078   0x080051fc   0x00000014   Data   RW         2420    .data               timer.o
    0x2000008c   0x08005210   0x00000010   Data   RW         2869    .data               segger_sysview.o
    0x2000009c   0x08005220   0x00000004   Data   RW         3342    .data               segger_sysview_tp_thread.o
    0x200000a0   0x08005224   0x0000000c   Data   RW         4570    .data               stm32f4xx_hal.o
    0x200000ac   0x08005230   0x00000004   Data   RW         6375    .data               system_stm32f4xx.o
    0x200000b0   0x08005234   0x00000004   Data   RW         6700    .data               mc_w.l(stdout.o)
    0x200000b4        -       0x00000090   Zero   RW          284    .bss                adc.o
    0x20000144        -       0x00000028   Zero   RW          332    .bss                can.o
    0x2000016c        -       0x00000138   Zero   RW          400    .bss                usart.o
    0x200002a4        -       0x00000048   Zero   RW          553    .bss                stm32f4xx_hal_timebase_tim.o
    0x200002ec        -       0x0000006c   Zero   RW          673    .bss                prot_sbus.o
    0x20000358        -       0x000006b8   Zero   RW          874    .bss                cmsis_os2.o
    0x20000a10        -       0x00003c00   Zero   RW         1460    .bss                heap_4.o
    0x20004610        -       0x00000040   Zero   RW         1673    .bss                queue.o
    0x20004650        -       0x000004c4   Zero   RW         2088    .bss                task.o
    0x20004b14        -       0x00000118   Zero   RW         2419    .bss                timer.o
    0x20004c2c        -       0x000004b8   Zero   RW         2585    .bss                segger_rtt.o
    0x200050e4        -       0x0000050b   Zero   RW         2865    .bss                segger_sysview.o
    0x200055ef   0x08005238   0x00000001   PAD
    0x200055f0        -       0x000000a0   Zero   RW         3339    .bss                segger_sysview_tp_thread.o
    0x20005690        -       0x00000400   Zero   RW            1    STACK               startup_stm32f407xx.o


    Execution Region RW_IRAM2 (Exec base: 0x2001c000, Load base: 0x08005238, Size: 0x00000000, Max: 0x00004000, ABSOLUTE)

    **** No section assigned to this execution region ****


==============================================================================

Image component sizes


      Code (inc. data)   RO Data    RW Data    ZI Data      Debug   Object Name

       324         40          0          0        144       2326   adc.o
       172         22          0          0         40       1653   can.o
       326         22          0          4       1720      61499   cmsis_os2.o
        44          4          0          0          0        758   dma.o
         0          0          0          0          0       3672   drv_key.o
        24          6          0          0          0        536   drv_uart.o
         0          0          0          0          0      17324   event.o
       192         12          0          0          0       1047   gpio.o
       472         24          0         32      15360      19387   heap_4.o
       138          0          0          0          0       3322   list.o
       226         14          0          0          0     731676   main.o
       786         82          0         12          0      10777   port.o
       412         32          0          1        108       3461   prot_sbus.o
      1680         22          0          0         64      16828   queue.o
       532         38         17          0       1208      10340   segger_rtt.o
      2330        180         26         16       1291      31985   segger_sysview.o
       128         82          0          0          0       1134   segger_sysview_config_tp_thread.o
       244         30         88          4        160       4053   segger_sysview_tp_thread.o
        36          8        392          0       1024        828   startup_stm32f407xx.o
        80         14          0         12          0       8026   stm32f4xx_hal.o
       712         28          0          0          0       2843   stm32f4xx_hal_adc.o
       282          0          0          0          0       1391   stm32f4xx_hal_can.o
       158         14          0          0          0      32982   stm32f4xx_hal_cortex.o
      1084         16          8          0          0       7266   stm32f4xx_hal_dma.o
       522         46          0          0          0       2805   stm32f4xx_hal_gpio.o
        56          4          0          0          0        850   stm32f4xx_hal_msp.o
      1412         86          0          0          0       5833   stm32f4xx_hal_rcc.o
       748         74          0          0          0       7420   stm32f4xx_hal_tim.o
         4          0          0          0          0       1605   stm32f4xx_hal_tim_ex.o
       152         20          0          0         72       1451   stm32f4xx_hal_timebase_tim.o
      2114         30          0          0          0      15869   stm32f4xx_hal_uart.o
        64         22          0          0          0       4165   stm32f4xx_it.o
        16          4         24          4          0       1103   system_stm32f4xx.o
      2272        180          0         60       1220      27257   task.o
        32          6          0          0          0        506   task_index.o
        36         14          0          0          0        506   task_mixer.o
       972         80          0         20        280      12015   timer.o
        52         16         86          8          0       1265   tp_thread.o
       548         70          0          0        312       3227   usart.o

    ----------------------------------------------------------------------
     19426       1342        676        176      23004    1060991   Object Totals
         0          0         32          0          0          0   (incl. Generated)
        44          0          3          3          1          0   (incl. Padding)

    ----------------------------------------------------------------------

      Code (inc. data)   RO Data    RW Data    ZI Data      Debug   Library Member Name

         0          0          0          0          0          0   entry.o
         0          0          0          0          0          0   entry10a.o
         0          0          0          0          0          0   entry11a.o
         4          0          0          0          0          0   entry12b.o
         8          4          0          0          0          0   entry2.o
         4          0          0          0          0          0   entry5.o
         0          0          0          0          0          0   entry7b.o
         0          0          0          0          0          0   entry8b.o
         8          4          0          0          0          0   entry9a.o
        30          0          0          0          0          0   handlers.o
        36          8          0          0          0         68   init.o
        30          0          0          0          0         68   llshl.o
        32          0          0          0          0         68   llushr.o
        26          0          0          0          0         80   memcmp.o
        36          0          0          0          0         68   memcpya.o
        36          0          0          0          0        108   memseta.o
       372         14          0          0          0        184   printf1.o
         0          0          0          4          0          0   stdout.o
        44          0          0          0          0         80   uidiv.o
        98          0          0          0          0         92   uldiv.o

    ----------------------------------------------------------------------
       766         30          0          4          0        816   Library Totals
         2          0          0          0          0          0   (incl. Padding)

    ----------------------------------------------------------------------

      Code (inc. data)   RO Data    RW Data    ZI Data      Debug   Library Name

       764         30          0          4          0        816   mc_w.l

    ----------------------------------------------------------------------
       766         30          0          4          0        816   Library Totals

    ----------------------------------------------------------------------

==============================================================================


      Code (inc. data)   RO Data    RW Data    ZI Data      Debug   

     20192       1372        676        180      23004    1042047   Grand Totals
     20192       1372        676        180      23004    1042047   ELF Image Totals
     20192       1372        676        180          0          0   ROM Totals

==============================================================================

    Total RO  Size (Code + RO Data)                20868 (  20.38kB)
    Total RW  Size (RW Data + ZI Data)             23184 (  22.64kB)
    Total ROM Size (Code + RO Data + RW Data)      21048 (  20.55kB)

==============================================================================

