Component: ARM Compiler 5.06 update 7 (build 960) Tool: armlink [4d3601]

==============================================================================

Section Cross References

    startup_stm32f407xx.o(RESET) refers to startup_stm32f407xx.o(STACK) for __initial_sp
    startup_stm32f407xx.o(RESET) refers to startup_stm32f407xx.o(.text) for Reset_Handler
    startup_stm32f407xx.o(RESET) refers to stm32f4xx_it.o(i.NMI_Handler) for NMI_Handler
    startup_stm32f407xx.o(RESET) refers to stm32f4xx_it.o(i.HardFault_Handler) for HardFault_Handler
    startup_stm32f407xx.o(RESET) refers to stm32f4xx_it.o(i.MemManage_Handler) for MemManage_Handler
    startup_stm32f407xx.o(RESET) refers to stm32f4xx_it.o(i.BusFault_Handler) for BusFault_Handler
    startup_stm32f407xx.o(RESET) refers to stm32f4xx_it.o(i.UsageFault_Handler) for UsageFault_Handler
    startup_stm32f407xx.o(RESET) refers to port.o(.emb_text) for SVC_Handler
    startup_stm32f407xx.o(RESET) refers to stm32f4xx_it.o(i.DebugMon_Handler) for DebugMon_Handler
    startup_stm32f407xx.o(RESET) refers to cmsis_os2.o(i.SysTick_Handler) for SysTick_Handler
    startup_stm32f407xx.o(RESET) refers to stm32f4xx_it.o(i.EXTI3_IRQHandler) for EXTI3_IRQHandler
    startup_stm32f407xx.o(RESET) refers to stm32f4xx_it.o(i.DMA1_Stream1_IRQHandler) for DMA1_Stream1_IRQHandler
    startup_stm32f407xx.o(RESET) refers to stm32f4xx_it.o(i.EXTI9_5_IRQHandler) for EXTI9_5_IRQHandler
    startup_stm32f407xx.o(RESET) refers to stm32f4xx_it.o(i.USART3_IRQHandler) for USART3_IRQHandler
    startup_stm32f407xx.o(RESET) refers to stm32f4xx_it.o(i.TIM6_DAC_IRQHandler) for TIM6_DAC_IRQHandler
    startup_stm32f407xx.o(RESET) refers to stm32f4xx_it.o(i.OTG_FS_IRQHandler) for OTG_FS_IRQHandler
    startup_stm32f407xx.o(.text) refers to system_stm32f4xx.o(i.SystemInit) for SystemInit
    startup_stm32f407xx.o(.text) refers to entry.o(.ARM.Collect$$$$00000000) for __main
    main.o(i.HAL_TIM_PeriodElapsedCallback) refers to stm32f4xx_hal.o(i.HAL_IncTick) for HAL_IncTick
    main.o(i.SystemClock_Config) refers to memseta.o(.text) for __aeabi_memclr4
    main.o(i.SystemClock_Config) refers to stm32f4xx_hal_rcc.o(i.HAL_RCC_OscConfig) for HAL_RCC_OscConfig
    main.o(i.SystemClock_Config) refers to stm32f4xx_hal_rcc.o(i.HAL_RCC_ClockConfig) for HAL_RCC_ClockConfig
    main.o(i.main) refers to stm32f4xx_hal.o(i.HAL_Init) for HAL_Init
    main.o(i.main) refers to main.o(i.SystemClock_Config) for SystemClock_Config
    main.o(i.main) refers to gpio.o(i.MX_GPIO_Init) for MX_GPIO_Init
    main.o(i.main) refers to dma.o(i.MX_DMA_Init) for MX_DMA_Init
    main.o(i.main) refers to usart.o(i.MX_USART1_UART_Init) for MX_USART1_UART_Init
    main.o(i.main) refers to usart.o(i.MX_USART3_UART_Init) for MX_USART3_UART_Init
    main.o(i.main) refers to adc.o(i.MX_ADC1_Init) for MX_ADC1_Init
    main.o(i.main) refers to adc.o(i.MX_ADC3_Init) for MX_ADC3_Init
    main.o(i.main) refers to can.o(i.MX_CAN1_Init) for MX_CAN1_Init
    main.o(i.main) refers to usart.o(i.MX_USART6_UART_Init) for MX_USART6_UART_Init
    main.o(i.main) refers to i2c.o(i.MX_I2C3_Init) for MX_I2C3_Init
    main.o(i.main) refers to spi.o(i.MX_SPI1_Init) for MX_SPI1_Init
    main.o(i.main) refers to tim.o(i.MX_TIM10_Init) for MX_TIM10_Init
    main.o(i.main) refers to tim.o(i.MX_TIM1_Init) for MX_TIM1_Init
    main.o(i.main) refers to tim.o(i.MX_TIM4_Init) for MX_TIM4_Init
    main.o(i.main) refers to cmsis_os2.o(i.osKernelInitialize) for osKernelInitialize
    main.o(i.main) refers to freertos.o(i.MX_FREERTOS_Init) for MX_FREERTOS_Init
    main.o(i.main) refers to cmsis_os2.o(i.osKernelStart) for osKernelStart
    gpio.o(i.MX_GPIO_Init) refers to memseta.o(.text) for __aeabi_memclr4
    gpio.o(i.MX_GPIO_Init) refers to stm32f4xx_hal_gpio.o(i.HAL_GPIO_WritePin) for HAL_GPIO_WritePin
    gpio.o(i.MX_GPIO_Init) refers to stm32f4xx_hal_gpio.o(i.HAL_GPIO_Init) for HAL_GPIO_Init
    gpio.o(i.MX_GPIO_Init) refers to stm32f4xx_hal_cortex.o(i.HAL_NVIC_SetPriority) for HAL_NVIC_SetPriority
    gpio.o(i.MX_GPIO_Init) refers to stm32f4xx_hal_cortex.o(i.HAL_NVIC_EnableIRQ) for HAL_NVIC_EnableIRQ
    freertos.o(i.Led_Entry) refers to usb_device.o(i.MX_USB_DEVICE_Init) for MX_USB_DEVICE_Init
    freertos.o(i.Led_Entry) refers to stm32f4xx_hal_gpio.o(i.HAL_GPIO_TogglePin) for HAL_GPIO_TogglePin
    freertos.o(i.Led_Entry) refers to cmsis_os2.o(i.osDelay) for osDelay
    freertos.o(i.MX_FREERTOS_Init) refers to segger_sysview_config_freertos.o(i.SEGGER_SYSVIEW_Conf) for SEGGER_SYSVIEW_Conf
    freertos.o(i.MX_FREERTOS_Init) refers to cmsis_os2.o(i.osThreadNew) for osThreadNew
    freertos.o(i.MX_FREERTOS_Init) refers to cmsis_os2.o(i.osEventFlagsNew) for osEventFlagsNew
    freertos.o(i.MX_FREERTOS_Init) refers to freertos.o(.constdata) for .constdata
    freertos.o(i.MX_FREERTOS_Init) refers to freertos.o(i.Led_Entry) for Led_Entry
    freertos.o(i.MX_FREERTOS_Init) refers to freertos.o(.data) for .data
[...]
    USBD_LL_DevDisconnected                  0x08007829   Thumb Code    30  usbd_core.o(i.USBD_LL_DevDisconnected)
    USBD_LL_GetRxDataSize                    0x08007847   Thumb Code     8  usbd_conf.o(i.USBD_LL_GetRxDataSize)
    USBD_LL_Init                             0x08007851   Thumb Code    90  usbd_conf.o(i.USBD_LL_Init)
    USBD_LL_IsStallEP                        0x080078b1   Thumb Code    30  usbd_conf.o(i.USBD_LL_IsStallEP)
    USBD_LL_IsoINIncomplete                  0x080078cf   Thumb Code    40  usbd_core.o(i.USBD_LL_IsoINIncomplete)
    USBD_LL_IsoOUTIncomplete                 0x080078f7   Thumb Code    40  usbd_core.o(i.USBD_LL_IsoOUTIncomplete)
    USBD_LL_OpenEP                           0x0800791f   Thumb Code    24  usbd_conf.o(i.USBD_LL_OpenEP)
    USBD_LL_PrepareReceive                   0x08007937   Thumb Code    18  usbd_conf.o(i.USBD_LL_PrepareReceive)
    USBD_LL_Reset                            0x08007949   Thumb Code    92  usbd_core.o(i.USBD_LL_Reset)
    USBD_LL_Resume                           0x080079a5   Thumb Code    20  usbd_core.o(i.USBD_LL_Resume)
    USBD_LL_SOF                              0x080079b9   Thumb Code    26  usbd_core.o(i.USBD_LL_SOF)
    USBD_LL_SetSpeed                         0x080079d3   Thumb Code     6  usbd_core.o(i.USBD_LL_SetSpeed)
    USBD_LL_SetUSBAddress                    0x080079d9   Thumb Code    18  usbd_conf.o(i.USBD_LL_SetUSBAddress)
    USBD_LL_SetupStage                       0x080079eb   Thumb Code    96  usbd_core.o(i.USBD_LL_SetupStage)
    USBD_LL_StallEP                          0x08007a4b   Thumb Code    18  usbd_conf.o(i.USBD_LL_StallEP)
    USBD_LL_Start                            0x08007a5d   Thumb Code    18  usbd_conf.o(i.USBD_LL_Start)
    USBD_LL_Suspend                          0x08007a6f   Thumb Code    26  usbd_core.o(i.USBD_LL_Suspend)
    USBD_LL_Transmit                         0x08007a89   Thumb Code    18  usbd_conf.o(i.USBD_LL_Transmit)
    USBD_ParseSetupRequest                   0x08007a9b   Thumb Code    44  usbd_ctlreq.o(i.USBD_ParseSetupRequest)
    USBD_RegisterClass                       0x08007ac7   Thumb Code    58  usbd_core.o(i.USBD_RegisterClass)
    USBD_SetClassConfig                      0x08007b01   Thumb Code    20  usbd_core.o(i.USBD_SetClassConfig)
    USBD_Start                               0x08007bcd   Thumb Code     4  usbd_core.o(i.USBD_Start)
    USBD_StdDevReq                           0x08007bd1   Thumb Code   300  usbd_ctlreq.o(i.USBD_StdDevReq)
    USBD_StdEPReq                            0x08007cfd   Thumb Code   352  usbd_ctlreq.o(i.USBD_StdEPReq)
    USBD_StdItfReq                           0x08007e5d   Thumb Code   114  usbd_ctlreq.o(i.USBD_StdItfReq)
    USBD_static_free                         0x08007ecf   Thumb Code     2  usbd_conf.o(i.USBD_static_free)
    USBD_static_malloc                       0x08007ed1   Thumb Code     4  usbd_conf.o(i.USBD_static_malloc)
    USB_ActivateEndpoint                     0x08007ed9   Thumb Code   122  stm32f4xx_ll_usb.o(i.USB_ActivateEndpoint)
    USB_ActivateSetup                        0x08007f59   Thumb Code    28  stm32f4xx_ll_usb.o(i.USB_ActivateSetup)
    USB_CoreInit                             0x08007f75   Thumb Code   126  stm32f4xx_ll_usb.o(i.USB_CoreInit)
    USB_DeactivateEndpoint                   0x08008035   Thumb Code   194  stm32f4xx_ll_usb.o(i.USB_DeactivateEndpoint)
    USB_DevConnect                           0x08008101   Thumb Code    28  stm32f4xx_ll_usb.o(i.USB_DevConnect)
    USB_DevDisconnect                        0x0800811d   Thumb Code    28  stm32f4xx_ll_usb.o(i.USB_DevDisconnect)
    USB_DevInit                              0x08008139   Thumb Code   370  stm32f4xx_ll_usb.o(i.USB_DevInit)
    USB_DisableGlobalInt                     0x080082b5   Thumb Code    12  stm32f4xx_ll_usb.o(i.USB_DisableGlobalInt)
    USB_EP0_OutStart                         0x080082c1   Thumb Code    84  stm32f4xx_ll_usb.o(i.USB_EP0_OutStart)
    USB_EPClearStall                         0x08008319   Thumb Code    88  stm32f4xx_ll_usb.o(i.USB_EPClearStall)
    USB_EPSetStall                           0x08008371   Thumb Code    88  stm32f4xx_ll_usb.o(i.USB_EPSetStall)
    USB_EPStartXfer                          0x080083c9   Thumb Code   554  stm32f4xx_ll_usb.o(i.USB_EPStartXfer)
    USB_EPStopXfer                           0x080085f9   Thumb Code   158  stm32f4xx_ll_usb.o(i.USB_EPStopXfer)
    USB_EnableGlobalInt                      0x08008697   Thumb Code    12  stm32f4xx_ll_usb.o(i.USB_EnableGlobalInt)
    USB_FlushRxFifo                          0x080086a3   Thumb Code    56  stm32f4xx_ll_usb.o(i.USB_FlushRxFifo)
    USB_FlushTxFifo                          0x080086db   Thumb Code    60  stm32f4xx_ll_usb.o(i.USB_FlushTxFifo)
    USB_GetDevSpeed                          0x08008717   Thumb Code    26  stm32f4xx_ll_usb.o(i.USB_GetDevSpeed)
    USB_GetMode                              0x08008731   Thumb Code     8  stm32f4xx_ll_usb.o(i.USB_GetMode)
    USB_ReadDevAllInEpInterrupt              0x08008739   Thumb Code    14  stm32f4xx_ll_usb.o(i.USB_ReadDevAllInEpInterrupt)
    USB_ReadDevAllOutEpInterrupt             0x08008747   Thumb Code    14  stm32f4xx_ll_usb.o(i.USB_ReadDevAllOutEpInterrupt)
    USB_ReadDevInEPInterrupt                 0x08008755   Thumb Code    36  stm32f4xx_ll_usb.o(i.USB_ReadDevInEPInterrupt)
    USB_ReadDevOutEPInterrupt                0x08008779   Thumb Code    16  stm32f4xx_ll_usb.o(i.USB_ReadDevOutEPInterrupt)
    USB_ReadInterrupts                       0x08008789   Thumb Code     8  stm32f4xx_ll_usb.o(i.USB_ReadInterrupts)
    USB_ReadPacket                           0x08008791   Thumb Code    62  stm32f4xx_ll_usb.o(i.USB_ReadPacket)
    USB_SetCurrentMode                       0x080087cf   Thumb Code    92  stm32f4xx_ll_usb.o(i.USB_SetCurrentMode)
    USB_SetDevAddress                        0x0800882b   Thumb Code    34  stm32f4xx_ll_usb.o(i.USB_SetDevAddress)
    USB_SetTurnaroundTime                    0x0800884d   Thumb Code   158  stm32f4xx_ll_usb.o(i.USB_SetTurnaroundTime)
    USB_WritePacket                          0x08008935   Thumb Code    40  stm32f4xx_ll_usb.o(i.USB_WritePacket)
    UsageFault_Handler                       0x0800895d   Thumb Code     2  stm32f4xx_it.o(i.UsageFault_Handler)
    XPWM_Set                                 0x08008961   Thumb Code    30  drv_tim.o(i.XPWM_Set)
    __0printf                                0x08008c49   Thumb Code    22  printfa.o(i.__0printf)
    __1printf                                0x08008c49   Thumb Code     0  printfa.o(i.__0printf)
    __2printf                                0x08008c49   Thumb Code     0  printfa.o(i.__0printf)
    __c89printf                              0x08008c49   Thumb Code     0  printfa.o(i.__0printf)
    printf                                   0x08008c49   Thumb Code     0  printfa.o(i.__0printf)
    __ARM_fpclassifyf                        0x08008c69   Thumb Code    38  fpclassifyf.o(i.__ARM_fpclassifyf)
    __hardfp_asinf                           0x08008cb1   Thumb Code   258  asinf.o(i.__hardfp_asinf)
    __hardfp_atan2f                          0x08008ddd   Thumb Code   594  atan2f.o(i.__hardfp_atan2f)
    __hardfp_sqrt                            0x08009089   Thumb Code   122  sqrt.o(i.__hardfp_sqrt)
    __mathlib_flt_infnan                     0x08009103   Thumb Code     6  funder.o(i.__mathlib_flt_infnan)
    __mathlib_flt_infnan2                    0x08009109   Thumb Code     6  funder.o(i.__mathlib_flt_infnan2)
    __mathlib_flt_invalid                    0x08009111   Thumb Code    10  funder.o(i.__mathlib_flt_invalid)
    __mathlib_flt_underflow                  0x08009121   Thumb Code    10  funder.o(i.__mathlib_flt_underflow)
    __scatterload_copy                       0x08009131   Thumb Code    14  handlers.o(i.__scatterload_copy)
    __scatterload_null                       0x0800913f   Thumb Code     2  handlers.o(i.__scatterload_null)
    __scatterload_zeroinit                   0x08009141   Thumb Code    14  handlers.o(i.__scatterload_zeroinit)
    __set_errno                              0x08009151   Thumb Code     6  errno.o(i.__set_errno)
    fputc                                    0x08009a9d   Thumb Code    18  drv_uart.o(i.fputc)
    invSqrt                                  0x08009ab5   Thumb Code    40  algo_mahony_ahrs.o(i.invSqrt)
    main                                     0x08009ae1   Thumb Code    74  main.o(i.main)
    osDelay                                  0x08009b2b   Thumb Code    26  cmsis_os2.o(i.osDelay)
    osEventFlagsNew                          0x08009b45   Thumb Code    44  cmsis_os2.o(i.osEventFlagsNew)
    osEventFlagsSet                          0x08009b71   Thumb Code    78  cmsis_os2.o(i.osEventFlagsSet)
    osEventFlagsWait                         0x08009bc5   Thumb Code    98  cmsis_os2.o(i.osEventFlagsWait)
    osKernelInitialize                       0x08009c29   Thumb Code    32  cmsis_os2.o(i.osKernelInitialize)
    osKernelStart                            0x08009c4d   Thumb Code    48  cmsis_os2.o(i.osKernelStart)
    osThreadNew                              0x08009c85   Thumb Code   138  cmsis_os2.o(i.osThreadNew)
    pvPortMalloc                             0x0800a4fd   Thumb Code   216  heap_4.o(i.pvPortMalloc)
    pxPortInitialiseStack                    0x0800a5d9   Thumb Code    40  port.o(i.pxPortInitialiseStack)
    sent_data1                               0x0800a605   Thumb Code   122  prot_ano.o(i.sent_data1)
    sqrtf                                    0x0800a685   Thumb Code    62  sqrtf.o(i.sqrtf)
    uxListRemove                             0x0800a6c3   Thumb Code    38  list.o(i.uxListRemove)
    uxTaskGetStackHighWaterMark              0x0800a6e9   Thumb Code    12  tasks.o(i.uxTaskGetStackHighWaterMark)
    uxTaskResetEventItemValue                0x0800a6f9   Thumb Code    20  tasks.o(i.uxTaskResetEventItemValue)
    vApplicationGetIdleTaskMemory            0x0800a711   Thumb Code    16  cmsis_os2.o(i.vApplicationGetIdleTaskMemory)
    vApplicationGetTimerTaskMemory           0x0800a725   Thumb Code    18  cmsis_os2.o(i.vApplicationGetTimerTaskMemory)
    vEventGroupSetBitsCallback               0x0800a73d   Thumb Code     4  event_groups.o(i.vEventGroupSetBitsCallback)
    vListInitialise                          0x0800a741   Thumb Code    22  list.o(i.vListInitialise)
    vListInitialiseItem                      0x0800a757   Thumb Code     6  list.o(i.vListInitialiseItem)
    vListInsert                              0x0800a75d   Thumb Code    48  list.o(i.vListInsert)
    vListInsertEnd                           0x0800a78d   Thumb Code    24  list.o(i.vListInsertEnd)
    vPortEnterCritical                       0x0800a7a5   Thumb Code    54  port.o(i.vPortEnterCritical)
    vPortExitCritical                        0x0800a7e5   Thumb Code    34  port.o(i.vPortExitCritical)
    vPortFree                                0x0800a80d   Thumb Code    94  heap_4.o(i.vPortFree)
    vPortSetupTimerInterrupt                 0x0800a871   Thumb Code    32  port.o(i.vPortSetupTimerInterrupt)
    vPortValidateInterruptPriority           0x0800a895   Thumb Code    74  port.o(i.vPortValidateInterruptPriority)
    vQueueAddToRegistry                      0x0800a8e9   Thumb Code    50  queue.o(i.vQueueAddToRegistry)
    vQueueWaitForMessageRestricted           0x0800a921   Thumb Code    68  queue.o(i.vQueueWaitForMessageRestricted)
    vTaskDelay                               0x0800a965   Thumb Code    74  tasks.o(i.vTaskDelay)
    vTaskInternalSetTimeOutState             0x0800a9b9   Thumb Code    12  tasks.o(i.vTaskInternalSetTimeOutState)
    vTaskMissedYield                         0x0800a9c9   Thumb Code     8  tasks.o(i.vTaskMissedYield)
    vTaskPlaceOnEventList                    0x0800a9d5   Thumb Code    44  tasks.o(i.vTaskPlaceOnEventList)
    vTaskPlaceOnEventListRestricted          0x0800aa05   Thumb Code    58  tasks.o(i.vTaskPlaceOnEventListRestricted)
    vTaskPlaceOnUnorderedEventList           0x0800aa45   Thumb Code    76  tasks.o(i.vTaskPlaceOnUnorderedEventList)
    vTaskRemoveFromUnorderedEventList        0x0800aa95   Thumb Code   108  tasks.o(i.vTaskRemoveFromUnorderedEventList)
    vTaskStartScheduler                      0x0800ab09   Thumb Code   144  tasks.o(i.vTaskStartScheduler)
    vTaskSuspendAll                          0x0800aba9   Thumb Code    10  tasks.o(i.vTaskSuspendAll)
    vTaskSwitchContext                       0x0800abb9   Thumb Code   120  tasks.o(i.vTaskSwitchContext)
    xEventGroupCreate                        0x0800ac41   Thumb Code    28  event_groups.o(i.xEventGroupCreate)
    xEventGroupCreateStatic                  0x0800ac5d   Thumb Code    44  event_groups.o(i.xEventGroupCreateStatic)
    xEventGroupSetBits                       0x0800ac89   Thumb Code   140  event_groups.o(i.xEventGroupSetBits)
    xEventGroupSetBitsFromISR                0x0800ad15   Thumb Code    12  event_groups.o(i.xEventGroupSetBitsFromISR)
    xEventGroupWaitBits                      0x0800ad25   Thumb Code   260  event_groups.o(i.xEventGroupWaitBits)
    xPortStartScheduler                      0x0800ae2d   Thumb Code   222  port.o(i.xPortStartScheduler)
    xPortSysTickHandler                      0x0800af21   Thumb Code    38  port.o(i.xPortSysTickHandler)
    xQueueGenericCreateStatic                0x0800af4d   Thumb Code   102  queue.o(i.xQueueGenericCreateStatic)
    xQueueGenericReset                       0x0800afb5   Thumb Code   132  queue.o(i.xQueueGenericReset)
    xQueueGenericSend                        0x0800b03d   Thumb Code   386  queue.o(i.xQueueGenericSend)
    xQueueGenericSendFromISR                 0x0800b1c5   Thumb Code   222  queue.o(i.xQueueGenericSendFromISR)
    xQueueReceive                            0x0800b2a5   Thumb Code   366  queue.o(i.xQueueReceive)
    xTaskCheckForTimeOut                     0x0800b419   Thumb Code   112  tasks.o(i.xTaskCheckForTimeOut)
    xTaskCreate                              0x0800b48d   Thumb Code    90  tasks.o(i.xTaskCreate)
    xTaskCreateStatic                        0x0800b4e7   Thumb Code    86  tasks.o(i.xTaskCreateStatic)
    xTaskGetSchedulerState                   0x0800b53d   Thumb Code    22  tasks.o(i.xTaskGetSchedulerState)
    xTaskGetTickCount                        0x0800b559   Thumb Code     6  tasks.o(i.xTaskGetTickCount)
    xTaskGetTickCountFromISR                 0x0800b565   Thumb Code    12  tasks.o(i.xTaskGetTickCountFromISR)
    xTaskIncrementTick                       0x0800b575   Thumb Code   198  tasks.o(i.xTaskIncrementTick)
    xTaskPriorityDisinherit                  0x0800b645   Thumb Code   132  tasks.o(i.xTaskPriorityDisinherit)
    xTaskRemoveFromEventList                 0x0800b6d1   Thumb Code   104  tasks.o(i.xTaskRemoveFromEventList)
    xTaskResumeAll                           0x0800b745   Thumb Code   186  tasks.o(i.xTaskResumeAll)
    xTimerCreateTimerTask                    0x0800b80d   Thumb Code    78  timers.o(i.xTimerCreateTimerTask)
    xTimerGenericCommand                     0x0800b86d   Thumb Code    98  timers.o(i.xTimerGenericCommand)
    xTimerPendFunctionCallFromISR            0x0800b8d5   Thumb Code    34  timers.o(i.xTimerPendFunctionCallFromISR)
    Led_attributes                           0x0800b8fc   Data          36  freertos.o(.constdata)
    Index_attributes                         0x0800b920   Data          36  freertos.o(.constdata)
    Rc_attributes                            0x0800b944   Data          36  freertos.o(.constdata)
    Imu_attributes                           0x0800b968   Data          36  freertos.o(.constdata)
    Imu_Event_attributes                     0x0800b98c   Data          16  freertos.o(.constdata)
    SYSVIEW_X_OS_TraceAPI                    0x0800b9c8   Data           8  segger_sysview_freertos.o(.constdata)
    AHBPrescTable                            0x0800b9d8   Data          16  system_stm32f4xx.o(.constdata)
    APBPrescTable                            0x0800b9e8   Data           8  system_stm32f4xx.o(.constdata)
    Region$$Table$$Base                      0x0800ba60   Number         0  anon$$obj.o(Region$$Table)
    Region$$Table$$Limit                     0x0800ba80   Number         0  anon$$obj.o(Region$$Table)
    LedHandle                                0x20000000   Data           4  freertos.o(.data)
    IndexHandle                              0x20000004   Data           4  freertos.o(.data)
    RcHandle                                 0x20000008   Data           4  freertos.o(.data)
    ImuHandle                                0x2000000c   Data           4  freertos.o(.data)
    Imu_EventHandle                          0x20000010   Data           4  freertos.o(.data)
    BMI088_ACCEL_SEN                         0x20000014   Data           4  drv_bmi088.o(.data)
    BMI088_GYRO_SEN                          0x20000018   Data           4  drv_bmi088.o(.data)
    twoKp                                    0x2000001c   Data           4  algo_mahony_ahrs.o(.data)
    twoKi                                    0x20000020   Data           4  algo_mahony_ahrs.o(.data)
    q0                                       0x20000024   Data           4  algo_mahony_ahrs.o(.data)
    q1                                       0x20000028   Data           4  algo_mahony_ahrs.o(.data)
    q2                                       0x2000002c   Data           4  algo_mahony_ahrs.o(.data)
    q3                                       0x20000030   Data           4  algo_mahony_ahrs.o(.data)
    integralFBx                              0x20000034   Data           4  algo_mahony_ahrs.o(.data)
    integralFBy                              0x20000038   Data           4  algo_mahony_ahrs.o(.data)
    integralFBz                              0x2000003c   Data           4  algo_mahony_ahrs.o(.data)
    att_r_pid_param                          0x20000040   Data          20  algo_attitude_ctrl.o(.data)
    att_p_pid_param                          0x20000054   Data          20  algo_attitude_ctrl.o(.data)
    att_y_pid_param                          0x20000068   Data          20  algo_attitude_ctrl.o(.data)
    rate_r_pid_param                         0x2000007c   Data          20  algo_attitude_ctrl.o(.data)
    rate_p_pid_param                         0x20000090   Data          20  algo_attitude_ctrl.o(.data)
    rate_y_pid_param                         0x200000a4   Data          20  algo_attitude_ctrl.o(.data)
    mav_state                                0x200000b8   Data           1  algo_remote_ctrl.o(.data)
    motor_ctrl                               0x200000ba   Data           8  algo_remote_ctrl.o(.data)
    temp_pid_param                           0x200000c4   Data          12  task_imu.o(.data)
    FS_Desc                                  0x200000d0   Data          28  usbd_desc.o(.data)
    USBD_LangIDDesc                          0x200000ec   Data           4  usbd_desc.o(.data)
    USBD_FS_DeviceDesc                       0x200000f0   Data          18  usbd_desc.o(.data)
    USBD_StringSerial                        0x20000104   Data          26  usbd_desc.o(.data)
    USBD_Interface_fops_FS                   0x20000120   Data          20  usbd_cdc_if.o(.data)
    USBD_CDC                                 0x2000018c   Data          56  usbd_cdc.o(.data)
    pxCurrentTCB                             0x200001c4   Data           4  tasks.o(.data)
    uwTickFreq                               0x20000258   Data           1  stm32f4xx_hal.o(.data)
    uwTickPrio                               0x2000025c   Data           4  stm32f4xx_hal.o(.data)
    uwTick                                   0x20000260   Data           4  stm32f4xx_hal.o(.data)
    SystemCoreClock                          0x20000264   Data           4  system_stm32f4xx.o(.data)
    __stdout                                 0x20000268   Data           4  stdout.o(.data)
    hadc1                                    0x20000270   Data          72  adc.o(.bss)
    hadc3                                    0x200002b8   Data          72  adc.o(.bss)
    hcan1                                    0x20000300   Data          40  can.o(.bss)
    hi2c3                                    0x20000328   Data          84  i2c.o(.bss)
    hspi1                                    0x2000037c   Data          88  spi.o(.bss)
    htim1                                    0x200003d4   Data          72  tim.o(.bss)
    htim4                                    0x2000041c   Data          72  tim.o(.bss)
    htim10                                   0x20000464   Data          72  tim.o(.bss)
    huart1                                   0x200004ac   Data          72  usart.o(.bss)
    huart3                                   0x200004f4   Data          72  usart.o(.bss)
    huart6                                   0x2000053c   Data          72  usart.o(.bss)
    hdma_usart3_rx                           0x20000584   Data          96  usart.o(.bss)
    htim6                                    0x200005e4   Data          72  stm32f4xx_hal_timebase_tim.o(.bss)
    ist8310_data                             0x2000062c   Data          16  drv_ist8310.o(.bss)
    bmi088_data                              0x2000063c   Data          32  drv_bmi088.o(.bss)
    BUFF                                     0x2000065c   Data         100  prot_ano.o(.bss)
    sbus_buf                                 0x200006c0   Data          25  prot_sbus.o(.bss)
    sbus_ch                                  0x200006da   Data          82  prot_sbus.o(.bss)
    angle_m                                  0x2000072c   Data          12  algo_attitude_ctrl.o(.bss)
    angle_d                                  0x20000738   Data          12  algo_attitude_ctrl.o(.bss)
    rate_m                                   0x20000744   Data          12  algo_attitude_ctrl.o(.bss)
    rc_ctrl                                  0x200008b8   Data          16  algo_remote_ctrl.o(.bss)
    temp_pid                                 0x200008c8   Data          60  task_imu.o(.bss)
    hUsbDeviceFS                             0x20000904   Data         732  usb_device.o(.bss)
    USBD_StrDesc                             0x20000be0   Data         512  usbd_desc.o(.bss)
    UserRxBufferFS                           0x20000de0   Data        2048  usbd_cdc_if.o(.bss)
    UserTxBufferFS                           0x200015e0   Data        2048  usbd_cdc_if.o(.bss)
    hpcd_USB_OTG_FS                          0x20002000   Data        1252  usbd_conf.o(.bss)
    xQueueRegistry                           0x200024e4   Data          64  queue.o(.bss)
    _SEGGER_RTT                              0x20006db8   Data         168  segger_rtt.o(.bss)
    __initial_sp                             0x20007c20   Data           0  startup_stm32f407xx.o(STACK)



==============================================================================

Memory Map of the image

  Image Entry point : 0x08000189

  Load Region LR_IROM1 (Base: 0x08000000, Size: 0x0000bcf0, Max: 0x00100000, ABSOLUTE, COMPRESSED[0x0000bb6c])

    Execution Region ER_IROM1 (Exec base: 0x08000000, Load base: 0x08000000, Size: 0x0000ba80, Max: 0x00100000, ABSOLUTE)

    Exec Addr    Load Addr    Size         Type   Attr      Idx    E Section Name        Object

    0x08000000   0x08000000   0x00000188   Data   RO            3    RESET               startup_stm32f407xx.o
    0x08000188   0x08000188   0x00000000   Code   RO         9273  * .ARM.Collect$$$$00000000  mc_w.l(entry.o)
    0x08000188   0x08000188   0x00000004   Code   RO         9589    .ARM.Collect$$$$00000001  mc_w.l(entry2.o)
    0x0800018c   0x0800018c   0x00000004   Code   RO         9592    .ARM.Collect$$$$00000004  mc_w.l(entry5.o)
    0x08000190   0x08000190   0x00000000   Code   RO         9594    .ARM.Collect$$$$00000008  mc_w.l(entry7b.o)
    0x08000190   0x08000190   0x00000000   Code   RO         9596    .ARM.Collect$$$$0000000A  mc_w.l(entry8b.o)
    0x08000190   0x08000190   0x00000008   Code   RO         9597    .ARM.Collect$$$$0000000B  mc_w.l(entry9a.o)
    0x08000198   0x08000198   0x00000004   Code   RO         9604    .ARM.Collect$$$$0000000E  mc_w.l(entry12b.o)
    0x0800019c   0x0800019c   0x00000000   Code   RO         9599    .ARM.Collect$$$$0000000F  mc_w.l(entry10a.o)
    0x0800019c   0x0800019c   0x00000000   Code   RO         9601    .ARM.Collect$$$$00000011  mc_w.l(entry11a.o)
    0x0800019c   0x0800019c   0x00000004   Code   RO         9590    .ARM.Collect$$$$00002712  mc_w.l(entry2.o)
    0x080001a0   0x080001a0   0x000000be   Code   RO         3943    .emb_text           port.o
    0x0800025e   0x0800025e   0x00000002   PAD
    0x08000260   0x08000260   0x00000024   Code   RO            4    .text               startup_stm32f407xx.o
    0x08000284   0x08000284   0x00000062   Code   RO         9276    .text               mc_w.l(uldiv.o)
    0x080002e6   0x080002e6   0x00000024   Code   RO         9278    .text               mc_w.l(memcpya.o)
    0x0800030a   0x0800030a   0x00000024   Code   RO         9282    .text               mc_w.l(memseta.o)
    0x0800032e   0x0800032e   0x0000001a   Code   RO         9286    .text               mc_w.l(memcmp.o)
    0x08000348   0x08000348   0x0000014e   Code   RO         9551    .text               mf_w.l(dadd.o)
    0x08000496   0x08000496   0x000000e4   Code   RO         9553    .text               mf_w.l(dmul.o)
    0x0800057a   0x0800057a   0x00000022   Code   RO         9555    .text               mf_w.l(dflti.o)
    0x0800059c   0x0800059c   0x00000026   Code   RO         9557    .text               mf_w.l(f2d.o)
    0x080005c2   0x080005c2   0x00000038   Code   RO         9559    .text               mf_w.l(d2f.o)
    0x080005fa   0x080005fa   0x0000002c   Code   RO         9606    .text               mc_w.l(uidiv.o)
    0x08000626   0x08000626   0x0000001e   Code   RO         9608    .text               mc_w.l(llshl.o)
    0x08000644   0x08000644   0x00000020   Code   RO         9610    .text               mc_w.l(llushr.o)
    0x08000664   0x08000664   0x00000024   Code   RO         9612    .text               mc_w.l(llsshr.o)
    0x08000688   0x08000688   0x00000000   Code   RO         9621    .text               mc_w.l(iusefp.o)
    0x08000688   0x08000688   0x0000006e   Code   RO         9622    .text               mf_w.l(fepilogue.o)
    0x080006f6   0x080006f6   0x000000ba   Code   RO         9624    .text               mf_w.l(depilogue.o)
    0x080007b0   0x080007b0   0x000000de   Code   RO         9626    .text               mf_w.l(ddiv.o)
    0x0800088e   0x0800088e   0x000000a2   Code   RO         9628    .text               mf_w.l(dsqrt.o)
    0x08000930   0x08000930   0x00000030   Code   RO         9630    .text               mf_w.l(dfixul.o)
    0x08000960   0x08000960   0x00000030   Code   RO         9634    .text               mf_w.l(cdrcmple.o)
    0x08000990   0x08000990   0x00000024   Code   RO         9636    .text               mc_w.l(init.o)
    0x080009b4   0x080009b4   0x00000056   Code   RO         9646    .text               mc_w.l(__dczerorl2.o)
    0x08000a0a   0x08000a0a   0x00000002   PAD
    0x08000a0c   0x08000a0c   0x00000054   Code   RO         1292    i.AC_PPID_Init      algo_attitude_ctrl.o
    0x08000a60   0x08000a60   0x00000128   Code   RO         6580    i.ADC_Init          stm32f4xx_hal_adc.o
    0x08000b88   0x08000b88   0x000001a0   Code   RO         1293    i.Attitude_Ctrl     algo_attitude_ctrl.o
    0x08000d28   0x08000d28   0x00000114   Code   RO         1386    i.Attitude_Get      task_imu.o
    0x08000e3c   0x08000e3c   0x0000000c   Code   RO          921    i.BEEP_Volume       drv_tim.o
    0x08000e48   0x08000e48   0x000001d8   Code   RO         1057    i.BMI088_Accel_Init  drv_bmi088.o
    0x08001020   0x08001020   0x0000004c   Code   RO         1058    i.BMI088_Accel_ReadRegs  drv_bmi088.o
    0x0800106c   0x0800106c   0x00000104   Code   RO         1059    i.BMI088_Gyro_Init  drv_bmi088.o
    0x08001170   0x08001170   0x00000044   Code   RO         1060    i.BMI088_Gyro_ReadRegs  drv_bmi088.o
    0x080011b4   0x080011b4   0x0000000e   Code   RO         1061    i.BMI088_Init       drv_bmi088.o
    0x080011c2   0x080011c2   0x00000002   PAD
    0x080011c4   0x080011c4   0x0000012c   Code   RO         1062    i.BMI088_Read       drv_bmi088.o
    0x080012f0   0x080012f0   0x00000002   Code   RO          710    i.BusFault_Handler  stm32f4xx_it.o
    0x080012f2   0x080012f2   0x00000004   Code   RO         1590    i.CDC_Control_FS    usbd_cdc_if.o
    0x080012f6   0x080012f6   0x00000004   Code   RO         1591    i.CDC_DeInit_FS     usbd_cdc_if.o
    0x080012fa   0x080012fa   0x00000002   PAD
    0x080012fc   0x080012fc   0x00000024   Code   RO         1592    i.CDC_Init_FS       usbd_cdc_if.o
    0x08001320   0x08001320   0x00000018   Code   RO         1593    i.CDC_Receive_FS    usbd_cdc_if.o
    0x08001338   0x08001338   0x00000004   Code   RO         1594    i.CDC_TransmitCplt_FS  usbd_cdc_if.o
    0x0800133c   0x0800133c   0x0000002c   Code   RO         1595    i.CDC_Transmit_FS   usbd_cdc_if.o
    0x08001368   0x08001368   0x0000000c   Code   RO          711    i.DMA1_Stream1_IRQHandler  stm32f4xx_it.o
    0x08001374   0x08001374   0x00000028   Code   RO         5898    i.DMA_CalcBaseAndBitshift  stm32f4xx_hal_dma.o
    0x0800139c   0x0800139c   0x00000054   Code   RO         5899    i.DMA_CheckFifoParam  stm32f4xx_hal_dma.o
    0x080013f0   0x080013f0   0x00000028   Code   RO         5900    i.DMA_SetConfig     stm32f4xx_hal_dma.o
    0x08001418   0x08001418   0x00000002   Code   RO          712    i.DebugMon_Handler  stm32f4xx_it.o
    0x0800141a   0x0800141a   0x00000006   Code   RO          713    i.EXTI3_IRQHandler  stm32f4xx_it.o
    0x08001420   0x08001420   0x00000006   Code   RO          714    i.EXTI9_5_IRQHandler  stm32f4xx_it.o
    0x08001426   0x08001426   0x00000004   Code   RO           13    i.Error_Handler     main.o
    0x0800142a   0x0800142a   0x00000002   PAD
    0x0800142c   0x0800142c   0x0000014c   Code   RO         6582    i.HAL_ADC_ConfigChannel  stm32f4xx_hal_adc.o
    0x08001578   0x08001578   0x00000054   Code   RO         6591    i.HAL_ADC_Init      stm32f4xx_hal_adc.o
    0x080015cc   0x080015cc   0x0000007c   Code   RO          393    i.HAL_ADC_MspInit   adc.o
    0x08001648   0x08001648   0x0000011a   Code   RO         6869    i.HAL_CAN_Init      stm32f4xx_hal_can.o
    0x08001762   0x08001762   0x00000002   PAD
    0x08001764   0x08001764   0x00000068   Code   RO          442    i.HAL_CAN_MspInit   can.o
    0x080017cc   0x080017cc   0x00000092   Code   RO         5901    i.HAL_DMA_Abort     stm32f4xx_hal_dma.o
    0x0800185e   0x0800185e   0x00000024   Code   RO         5902    i.HAL_DMA_Abort_IT  stm32f4xx_hal_dma.o
    0x08001882   0x08001882   0x00000002   PAD
    0x08001884   0x08001884   0x000001a0   Code   RO         5906    i.HAL_DMA_IRQHandler  stm32f4xx_hal_dma.o
    0x08001a24   0x08001a24   0x000000d4   Code   RO         5907    i.HAL_DMA_Init      stm32f4xx_hal_dma.o
    0x08001af8   0x08001af8   0x0000006e   Code   RO         5911    i.HAL_DMA_Start_IT  stm32f4xx_hal_dma.o
    0x08001b66   0x08001b66   0x00000002   PAD
    0x08001b68   0x08001b68   0x00000024   Code   RO         6326    i.HAL_Delay         stm32f4xx_hal.o
    0x08001b8c   0x08001b8c   0x00000028   Code   RO          922    i.HAL_Delay_us      drv_tim.o
    0x08001bb4   0x08001bb4   0x00000014   Code   RO         1387    i.HAL_GPIO_EXTI_Callback  task_imu.o
    0x08001bc8   0x08001bc8   0x00000018   Code   RO         5793    i.HAL_GPIO_EXTI_IRQHandler  stm32f4xx_hal_gpio.o
    0x08001be0   0x08001be0   0x000001f0   Code   RO         5794    i.HAL_GPIO_Init     stm32f4xx_hal_gpio.o
    0x08001dd0   0x08001dd0   0x00000010   Code   RO         5797    i.HAL_GPIO_TogglePin  stm32f4xx_hal_gpio.o
    0x08001de0   0x08001de0   0x0000000a   Code   RO         5798    i.HAL_GPIO_WritePin  stm32f4xx_hal_gpio.o
    0x08001dea   0x08001dea   0x00000002   PAD
    0x08001dec   0x08001dec   0x0000000c   Code   RO         6332    i.HAL_GetTick       stm32f4xx_hal.o
    0x08001df8   0x08001df8   0x00000188   Code   RO         7100    i.HAL_I2C_Init      stm32f4xx_hal_i2c.o
    0x08001f80   0x08001f80   0x00000204   Code   RO         7118    i.HAL_I2C_Mem_Read  stm32f4xx_hal_i2c.o
    0x08002184   0x08002184   0x00000130   Code   RO         7121    i.HAL_I2C_Mem_Write  stm32f4xx_hal_i2c.o
    0x080022b4   0x080022b4   0x00000088   Code   RO          509    i.HAL_I2C_MspInit   i2c.o
    0x0800233c   0x0800233c   0x00000010   Code   RO         6338    i.HAL_IncTick       stm32f4xx_hal.o
    0x0800234c   0x0800234c   0x00000034   Code   RO         6339    i.HAL_Init          stm32f4xx_hal.o
    0x08002380   0x08002380   0x00000098   Code   RO          828    i.HAL_InitTick      stm32f4xx_hal_timebase_tim.o
    0x08002418   0x08002418   0x00000038   Code   RO          804    i.HAL_MspInit       stm32f4xx_hal_msp.o
    0x08002450   0x08002450   0x0000001a   Code   RO         6184    i.HAL_NVIC_EnableIRQ  stm32f4xx_hal_cortex.o
    0x0800246a   0x0800246a   0x00000002   PAD
    0x0800246c   0x0800246c   0x00000040   Code   RO         6190    i.HAL_NVIC_SetPriority  stm32f4xx_hal_cortex.o
    0x080024ac   0x080024ac   0x00000024   Code   RO         6191    i.HAL_NVIC_SetPriorityGrouping  stm32f4xx_hal_cortex.o
    0x080024d0   0x080024d0   0x00000002   Code   RO         5093    i.HAL_PCDEx_LPM_Callback  stm32f4xx_hal_pcd_ex.o
    0x080024d2   0x080024d2   0x00000008   Code   RO         5094    i.HAL_PCDEx_SetRxFiFo  stm32f4xx_hal_pcd_ex.o
    0x080024da   0x080024da   0x00000044   Code   RO         5095    i.HAL_PCDEx_SetTxFiFo  stm32f4xx_hal_pcd_ex.o
    0x0800251e   0x0800251e   0x00000008   Code   RO         1652    i.HAL_PCD_ConnectCallback  usbd_conf.o
    0x08002526   0x08002526   0x00000012   Code   RO         1653    i.HAL_PCD_DataInStageCallback  usbd_conf.o
    0x08002538   0x08002538   0x00000014   Code   RO         1654    i.HAL_PCD_DataOutStageCallback  usbd_conf.o
    0x0800254c   0x0800254c   0x00000008   Code   RO         1655    i.HAL_PCD_DisconnectCallback  usbd_conf.o
    0x08002554   0x08002554   0x0000001e   Code   RO         4863    i.HAL_PCD_EP_Abort  stm32f4xx_hal_pcd.o
    0x08002572   0x08002572   0x0000004a   Code   RO         4864    i.HAL_PCD_EP_Close  stm32f4xx_hal_pcd.o
    0x080025bc   0x080025bc   0x0000005a   Code   RO         4865    i.HAL_PCD_EP_ClrStall  stm32f4xx_hal_pcd.o
    0x08002616   0x08002616   0x00000012   Code   RO         4867    i.HAL_PCD_EP_GetRxCount  stm32f4xx_hal_pcd.o
    0x08002628   0x08002628   0x0000005e   Code   RO         4868    i.HAL_PCD_EP_Open   stm32f4xx_hal_pcd.o
    0x08002686   0x08002686   0x00000038   Code   RO         4869    i.HAL_PCD_EP_Receive  stm32f4xx_hal_pcd.o
    0x080026be   0x080026be   0x00000072   Code   RO         4870    i.HAL_PCD_EP_SetStall  stm32f4xx_hal_pcd.o
    0x08002730   0x08002730   0x00000032   Code   RO         4871    i.HAL_PCD_EP_Transmit  stm32f4xx_hal_pcd.o
    0x08002762   0x08002762   0x00000002   PAD
    0x08002764   0x08002764   0x0000055c   Code   RO         4873    i.HAL_PCD_IRQHandler  stm32f4xx_hal_pcd.o
    0x08002cc0   0x08002cc0   0x00000008   Code   RO         1656    i.HAL_PCD_ISOINIncompleteCallback  usbd_conf.o
    0x08002cc8   0x08002cc8   0x00000008   Code   RO         1657    i.HAL_PCD_ISOOUTIncompleteCallback  usbd_conf.o
    0x08002cd0   0x08002cd0   0x000000cc   Code   RO         4876    i.HAL_PCD_Init      stm32f4xx_hal_pcd.o
    0x08002d9c   0x08002d9c   0x000000a0   Code   RO         1659    i.HAL_PCD_MspInit   usbd_conf.o
    0x08002e3c   0x08002e3c   0x0000002c   Code   RO         1660    i.HAL_PCD_ResetCallback  usbd_conf.o
    0x08002e68   0x08002e68   0x00000008   Code   RO         1661    i.HAL_PCD_ResumeCallback  usbd_conf.o
    0x08002e70   0x08002e70   0x00000008   Code   RO         1662    i.HAL_PCD_SOFCallback  usbd_conf.o
    0x08002e78   0x08002e78   0x00000026   Code   RO         4882    i.HAL_PCD_SetAddress  stm32f4xx_hal_pcd.o
    0x08002e9e   0x08002e9e   0x0000000e   Code   RO         1663    i.HAL_PCD_SetupStageCallback  usbd_conf.o
    0x08002eac   0x08002eac   0x00000042   Code   RO         4885    i.HAL_PCD_Start     stm32f4xx_hal_pcd.o
    0x08002eee   0x08002eee   0x00000002   PAD
    0x08002ef0   0x08002ef0   0x00000030   Code   RO         1664    i.HAL_PCD_SuspendCallback  usbd_conf.o
    0x08002f20   0x08002f20   0x00000134   Code   RO         5440    i.HAL_RCC_ClockConfig  stm32f4xx_hal_rcc.o
    0x08003054   0x08003054   0x00000040   Code   RO         5444    i.HAL_RCC_GetClockConfig  stm32f4xx_hal_rcc.o
    0x08003094   0x08003094   0x0000000c   Code   RO         5445    i.HAL_RCC_GetHCLKFreq  stm32f4xx_hal_rcc.o
    0x080030a0   0x080030a0   0x00000020   Code   RO         5447    i.HAL_RCC_GetPCLK1Freq  stm32f4xx_hal_rcc.o
    0x080030c0   0x080030c0   0x00000020   Code   RO         5448    i.HAL_RCC_GetPCLK2Freq  stm32f4xx_hal_rcc.o
    0x080030e0   0x080030e0   0x00000064   Code   RO         5449    i.HAL_RCC_GetSysClockFreq  stm32f4xx_hal_rcc.o
    0x08003144   0x08003144   0x0000036c   Code   RO         5452    i.HAL_RCC_OscConfig  stm32f4xx_hal_rcc.o
    0x080034b0   0x080034b0   0x000000bc   Code   RO         7555    i.HAL_SPI_Init      stm32f4xx_hal_spi.o
    0x0800356c   0x0800356c   0x00000090   Code   RO          552    i.HAL_SPI_MspInit   spi.o
    0x080035fc   0x080035fc   0x000001ee   Code   RO         7564    i.HAL_SPI_TransmitReceive  stm32f4xx_hal_spi.o
    0x080037ea   0x080037ea   0x00000002   Code   RO         8572    i.HAL_TIMEx_BreakCallback  stm32f4xx_hal_tim_ex.o
    0x080037ec   0x080037ec   0x00000002   Code   RO         8573    i.HAL_TIMEx_CommutCallback  stm32f4xx_hal_tim_ex.o
    0x080037ee   0x080037ee   0x00000054   Code   RO         8575    i.HAL_TIMEx_ConfigBreakDeadTime  stm32f4xx_hal_tim_ex.o
    0x08003842   0x08003842   0x00000002   PAD
    0x08003844   0x08003844   0x00000090   Code   RO         8591    i.HAL_TIMEx_MasterConfigSynchronization  stm32f4xx_hal_tim_ex.o
    0x080038d4   0x080038d4   0x0000005a   Code   RO         7868    i.HAL_TIM_Base_Init  stm32f4xx_hal_tim.o
    0x0800392e   0x0800392e   0x00000002   PAD
    0x08003930   0x08003930   0x00000060   Code   RO          595    i.HAL_TIM_Base_MspInit  tim.o
    0x08003990   0x08003990   0x00000080   Code   RO         7873    i.HAL_TIM_Base_Start_IT  stm32f4xx_hal_tim.o
    0x08003a10   0x08003a10   0x000000dc   Code   RO         7877    i.HAL_TIM_ConfigClockSource  stm32f4xx_hal_tim.o
    0x08003aec   0x08003aec   0x00000002   Code   RO         7902    i.HAL_TIM_IC_CaptureCallback  stm32f4xx_hal_tim.o
    0x08003aee   0x08003aee   0x00000130   Code   RO         7916    i.HAL_TIM_IRQHandler  stm32f4xx_hal_tim.o
    0x08003c1e   0x08003c1e   0x00000002   PAD
    0x08003c20   0x08003c20   0x000000b8   Code   RO          596    i.HAL_TIM_MspPostInit  tim.o
    0x08003cd8   0x08003cd8   0x00000002   Code   RO         7919    i.HAL_TIM_OC_DelayElapsedCallback  stm32f4xx_hal_tim.o
    0x08003cda   0x08003cda   0x000000cc   Code   RO         7940    i.HAL_TIM_PWM_ConfigChannel  stm32f4xx_hal_tim.o
    0x08003da6   0x08003da6   0x0000005a   Code   RO         7943    i.HAL_TIM_PWM_Init  stm32f4xx_hal_tim.o
    0x08003e00   0x08003e00   0x00000002   Code   RO         7945    i.HAL_TIM_PWM_MspInit  stm32f4xx_hal_tim.o
    0x08003e02   0x08003e02   0x00000002   Code   RO         7946    i.HAL_TIM_PWM_PulseFinishedCallback  stm32f4xx_hal_tim.o
    0x08003e04   0x08003e04   0x000000c8   Code   RO         7948    i.HAL_TIM_PWM_Start  stm32f4xx_hal_tim.o
    0x08003ecc   0x08003ecc   0x00000014   Code   RO           14    i.HAL_TIM_PeriodElapsedCallback  main.o
    0x08003ee0   0x08003ee0   0x00000002   Code   RO         7959    i.HAL_TIM_TriggerCallback  stm32f4xx_hal_tim.o
    0x08003ee2   0x08003ee2   0x0000004e   Code   RO         8849    i.HAL_UARTEx_ReceiveToIdle_DMA  stm32f4xx_hal_uart.o
    0x08003f30   0x08003f30   0x00000030   Code   RO         1172    i.HAL_UARTEx_RxEventCallback  prot_sbus.o
    0x08003f60   0x08003f60   0x00000070   Code   RO         8863    i.HAL_UART_DMAStop  stm32f4xx_hal_uart.o
    0x08003fd0   0x08003fd0   0x00000002   Code   RO         8865    i.HAL_UART_ErrorCallback  stm32f4xx_hal_uart.o
    0x08003fd2   0x08003fd2   0x00000002   PAD
    0x08003fd4   0x08003fd4   0x00000270   Code   RO         8868    i.HAL_UART_IRQHandler  stm32f4xx_hal_uart.o
    0x08004244   0x08004244   0x00000064   Code   RO         8869    i.HAL_UART_Init     stm32f4xx_hal_uart.o
    0x080042a8   0x080042a8   0x00000170   Code   RO          656    i.HAL_UART_MspInit  usart.o
    0x08004418   0x08004418   0x00000002   Code   RO         8875    i.HAL_UART_RxCpltCallback  stm32f4xx_hal_uart.o
    0x0800441a   0x0800441a   0x00000002   Code   RO         8876    i.HAL_UART_RxHalfCpltCallback  stm32f4xx_hal_uart.o
    0x0800441c   0x0800441c   0x000000a0   Code   RO         8877    i.HAL_UART_Transmit  stm32f4xx_hal_uart.o
    0x080044bc   0x080044bc   0x00000002   Code   RO         8880    i.HAL_UART_TxCpltCallback  stm32f4xx_hal_uart.o
    0x080044be   0x080044be   0x00000002   Code   RO          715    i.HardFault_Handler  stm32f4xx_it.o
    0x080044c0   0x080044c0   0x0000002e   Code   RO         7143    i.I2C_IsAcknowledgeFailed  stm32f4xx_hal_i2c.o
    0x080044ee   0x080044ee   0x00000002   PAD
    0x080044f0   0x080044f0   0x000000fc   Code   RO         7153    i.I2C_RequestMemoryRead  stm32f4xx_hal_i2c.o
    0x080045ec   0x080045ec   0x000000a8   Code   RO         7154    i.I2C_RequestMemoryWrite  stm32f4xx_hal_i2c.o
    0x08004694   0x08004694   0x00000056   Code   RO         7158    i.I2C_WaitOnBTFFlagUntilTimeout  stm32f4xx_hal_i2c.o
    0x080046ea   0x080046ea   0x00000002   PAD
    0x080046ec   0x080046ec   0x00000090   Code   RO         7159    i.I2C_WaitOnFlagUntilTimeout  stm32f4xx_hal_i2c.o
    0x0800477c   0x0800477c   0x000000bc   Code   RO         7160    i.I2C_WaitOnMasterAddressFlagUntilTimeout  stm32f4xx_hal_i2c.o
    0x08004838   0x08004838   0x00000070   Code   RO         7161    i.I2C_WaitOnRXNEFlagUntilTimeout  stm32f4xx_hal_i2c.o
    0x080048a8   0x080048a8   0x00000056   Code   RO         7162    i.I2C_WaitOnTXEFlagUntilTimeout  stm32f4xx_hal_i2c.o
    0x080048fe   0x080048fe   0x00000002   PAD
    0x08004900   0x08004900   0x00000054   Code   RO          999    i.IST8310_Init      drv_ist8310.o
    0x08004954   0x08004954   0x00000054   Code   RO         1000    i.IST8310_Read      drv_ist8310.o
    0x080049a8   0x080049a8   0x0000002c   Code   RO         1001    i.IST8310_ReadReg   drv_ist8310.o
    0x080049d4   0x080049d4   0x0000001c   Code   RO         1002    i.IST8310_ReadRegs  drv_ist8310.o
    0x080049f0   0x080049f0   0x00000024   Code   RO         1003    i.IST8310_WriteReg  drv_ist8310.o
    0x08004a14   0x08004a14   0x0000009c   Code   RO         1388    i.Imu_Entry         task_imu.o
    0x08004ab0   0x08004ab0   0x0000004c   Code   RO         1389    i.Imu_Temp_Control  task_imu.o
    0x08004afc   0x08004afc   0x0000002c   Code   RO         1362    i.Index_Entry       task_index.o
    0x08004b28   0x08004b28   0x00000038   Code   RO         1498    i.IntToUnicode      usbd_desc.o
    0x08004b60   0x08004b60   0x00000024   Code   RO          349    i.Led_Entry         freertos.o
    0x08004b84   0x08004b84   0x00000064   Code   RO          394    i.MX_ADC1_Init      adc.o
    0x08004be8   0x08004be8   0x00000064   Code   RO          395    i.MX_ADC3_Init      adc.o
    0x08004c4c   0x08004c4c   0x00000044   Code   RO          443    i.MX_CAN1_Init      can.o
    0x08004c90   0x08004c90   0x0000002c   Code   RO          484    i.MX_DMA_Init       dma.o
    0x08004cbc   0x08004cbc   0x00000064   Code   RO          350    i.MX_FREERTOS_Init  freertos.o
    0x08004d20   0x08004d20   0x00000184   Code   RO          325    i.MX_GPIO_Init      gpio.o
    0x08004ea4   0x08004ea4   0x00000040   Code   RO          510    i.MX_I2C3_Init      i2c.o
    0x08004ee4   0x08004ee4   0x00000048   Code   RO          553    i.MX_SPI1_Init      spi.o
    0x08004f2c   0x08004f2c   0x00000064   Code   RO          597    i.MX_TIM10_Init     tim.o
    0x08004f90   0x08004f90   0x000000f8   Code   RO          598    i.MX_TIM1_Init      tim.o
    0x08005088   0x08005088   0x00000098   Code   RO          599    i.MX_TIM4_Init      tim.o
    0x08005120   0x08005120   0x00000038   Code   RO          657    i.MX_USART1_UART_Init  usart.o
    0x08005158   0x08005158   0x00000044   Code   RO          658    i.MX_USART3_UART_Init  usart.o
    0x0800519c   0x0800519c   0x00000038   Code   RO          659    i.MX_USART6_UART_Init  usart.o
    0x080051d4   0x080051d4   0x00000054   Code   RO         1467    i.MX_USB_DEVICE_Init  usb_device.o
    0x08005228   0x08005228   0x00000390   Code   RO         1219    i.MahonyAHRSupdate  algo_mahony_ahrs.o
    0x080055b8   0x080055b8   0x00000002   Code   RO          716    i.MemManage_Handler  stm32f4xx_it.o
    0x080055ba   0x080055ba   0x00000002   Code   RO          717    i.NMI_Handler       stm32f4xx_it.o
    0x080055bc   0x080055bc   0x0000000c   Code   RO          718    i.OTG_FS_IRQHandler  stm32f4xx_it.o
    0x080055c8   0x080055c8   0x000000cc   Code   RO         4889    i.PCD_EP_OutXfrComplete_int  stm32f4xx_hal_pcd.o
    0x08005694   0x08005694   0x000000a2   Code   RO         4890    i.PCD_WriteEmptyTxFifo  stm32f4xx_hal_pcd.o
    0x08005736   0x08005736   0x000000a6   Code   RO         1256    i.PID_Calculate     algo_pid.o
    0x080057dc   0x080057dc   0x00000054   Code   RO         1257    i.PID_Init          algo_pid.o
    0x08005830   0x08005830   0x00000010   Code   RO         1390    i.Quaternion_Update  task_imu.o
    0x08005840   0x08005840   0x00000018   Code   RO         1443    i.Rc_Entry          task_rc.o
    0x08005858   0x08005858   0x00000224   Code   RO         1330    i.Remote_Ctrl       algo_remote_ctrl.o
    0x08005a7c   0x08005a7c   0x00000028   Code   RO         1173    i.SBUS_Init         prot_sbus.o
    0x08005aa4   0x08005aa4   0x00000128   Code   RO         1174    i.SBUS_Process      prot_sbus.o
    0x08005bcc   0x08005bcc   0x00000068   Code   RO         4021    i.SEGGER_RTT_AllocUpBuffer  segger_rtt.o
    0x08005c34   0x08005c34   0x0000005c   Code   RO         4022    i.SEGGER_RTT_ConfigDownBuffer  segger_rtt.o
    0x08005c90   0x08005c90   0x0000007c   Code   RO         4035    i.SEGGER_RTT_ReadNoLock  segger_rtt.o
    0x08005d0c   0x08005d0c   0x00000070   Code   RO         4049    i.SEGGER_RTT_WriteSkipNoLock  segger_rtt.o
    0x08005d7c   0x08005d7c   0x00000028   Code   RO         4787    i.SEGGER_SYSVIEW_Conf  segger_sysview_config_freertos.o
    0x08005da4   0x08005da4   0x00000080   Code   RO         4260    i.SEGGER_SYSVIEW_GetSysDesc  segger_sysview.o
    0x08005e24   0x08005e24   0x00000060   Code   RO         4265    i.SEGGER_SYSVIEW_Init  segger_sysview.o
    0x08005e84   0x08005e84   0x00000024   Code   RO         4272    i.SEGGER_SYSVIEW_OnIdle  segger_sysview.o
    0x08005ea8   0x08005ea8   0x00000040   Code   RO         4273    i.SEGGER_SYSVIEW_OnTaskCreate  segger_sysview.o
    0x08005ee8   0x08005ee8   0x00000040   Code   RO         4274    i.SEGGER_SYSVIEW_OnTaskStartExec  segger_sysview.o
    0x08005f28   0x08005f28   0x00000040   Code   RO         4275    i.SEGGER_SYSVIEW_OnTaskStartReady  segger_sysview.o
    0x08005f68   0x08005f68   0x00000034   Code   RO         4293    i.SEGGER_SYSVIEW_RecordSystime  segger_sysview.o
    0x08005f9c   0x08005f9c   0x0000003c   Code   RO         4294    i.SEGGER_SYSVIEW_RecordU32  segger_sysview.o
    0x08005fd8   0x08005fd8   0x00000050   Code   RO         4296    i.SEGGER_SYSVIEW_RecordU32x2  segger_sysview.o
    0x08006028   0x08006028   0x0000006c   Code   RO         4297    i.SEGGER_SYSVIEW_RecordU32x3  segger_sysview.o
    0x08006094   0x08006094   0x00000080   Code   RO         4298    i.SEGGER_SYSVIEW_RecordU32x4  segger_sysview.o
    0x08006114   0x08006114   0x00000024   Code   RO         4304    i.SEGGER_SYSVIEW_RecordVoid  segger_sysview.o
    0x08006138   0x08006138   0x00000088   Code   RO         4306    i.SEGGER_SYSVIEW_SendModule  segger_sysview.o
    0x080061c0   0x080061c0   0x0000001c   Code   RO         4307    i.SEGGER_SYSVIEW_SendModuleDescription  segger_sysview.o
    0x080061dc   0x080061dc   0x00000040   Code   RO         4308    i.SEGGER_SYSVIEW_SendNumModules  segger_sysview.o
    0x0800621c   0x0800621c   0x00000030   Code   RO         4310    i.SEGGER_SYSVIEW_SendSysDesc  segger_sysview.o
    0x0800624c   0x0800624c   0x000000c8   Code   RO         4311    i.SEGGER_SYSVIEW_SendTaskInfo  segger_sysview.o
    0x08006314   0x08006314   0x00000018   Code   RO         4312    i.SEGGER_SYSVIEW_SendTaskList  segger_sysview.o
    0x0800632c   0x0800632c   0x0000000c   Code   RO         4313    i.SEGGER_SYSVIEW_SetRAMBase  segger_sysview.o
    0x08006338   0x08006338   0x0000000c   Code   RO         4314    i.SEGGER_SYSVIEW_ShrinkId  segger_sysview.o
    0x08006344   0x08006344   0x000000b0   Code   RO         4315    i.SEGGER_SYSVIEW_Start  segger_sysview.o
    0x080063f4   0x080063f4   0x00000030   Code   RO         4316    i.SEGGER_SYSVIEW_Stop  segger_sysview.o
    0x08006424   0x08006424   0x0000003c   Code   RO         4325    i.SEGGER_SYSVIEW_Warn  segger_sysview.o
    0x08006460   0x08006460   0x0000006c   Code   RO         7593    i.SPI_EndRxTxTransaction  stm32f4xx_hal_spi.o
    0x080064cc   0x080064cc   0x00000020   Code   RO         1063    i.SPI_WR_Byte       drv_bmi088.o
    0x080064ec   0x080064ec   0x000000b8   Code   RO         7598    i.SPI_WaitFlagStateUntilTimeout  stm32f4xx_hal_spi.o
    0x080065a4   0x080065a4   0x0000000a   Code   RO         2018    i.SWAPBYTE          usbd_ctlreq.o
    0x080065ae   0x080065ae   0x00000002   PAD
    0x080065b0   0x080065b0   0x00000070   Code   RO         4805    i.SYSVIEW_AddTask   segger_sysview_freertos.o
    0x08006620   0x08006620   0x0000002a   Code   RO         4807    i.SYSVIEW_SendTaskInfo  segger_sysview_freertos.o
    0x0800664a   0x0800664a   0x0000001a   Code   RO         3378    i.SysTick_Handler   cmsis_os2.o
    0x08006664   0x08006664   0x00000094   Code   RO           15    i.SystemClock_Config  main.o
    0x080066f8   0x080066f8   0x00000010   Code   RO         9203    i.SystemInit        system_stm32f4xx.o
    0x08006708   0x08006708   0x0000000c   Code   RO          719    i.TIM6_DAC_IRQHandler  stm32f4xx_it.o
    0x08006714   0x08006714   0x000000d8   Code   RO         7961    i.TIM_Base_SetConfig  stm32f4xx_hal_tim.o
    0x080067ec   0x080067ec   0x0000001a   Code   RO         7962    i.TIM_CCxChannelCmd  stm32f4xx_hal_tim.o
    0x08006806   0x08006806   0x00000014   Code   RO         7972    i.TIM_ETR_SetConfig  stm32f4xx_hal_tim.o
    0x0800681a   0x0800681a   0x00000010   Code   RO         7973    i.TIM_ITRx_SetConfig  stm32f4xx_hal_tim.o
    0x0800682a   0x0800682a   0x00000002   PAD
    0x0800682c   0x0800682c   0x00000038   Code   RO          923    i.TIM_Init          drv_tim.o
    0x08006864   0x08006864   0x00000060   Code   RO         7974    i.TIM_OC1_SetConfig  stm32f4xx_hal_tim.o
    0x080068c4   0x080068c4   0x0000006c   Code   RO         7975    i.TIM_OC2_SetConfig  stm32f4xx_hal_tim.o
    0x08006930   0x08006930   0x00000068   Code   RO         7976    i.TIM_OC3_SetConfig  stm32f4xx_hal_tim.o
    0x08006998   0x08006998   0x00000050   Code   RO         7977    i.TIM_OC4_SetConfig  stm32f4xx_hal_tim.o
    0x080069e8   0x080069e8   0x00000022   Code   RO         7979    i.TIM_TI1_ConfigInputStage  stm32f4xx_hal_tim.o
    0x08006a0a   0x08006a0a   0x00000024   Code   RO         7981    i.TIM_TI2_ConfigInputStage  stm32f4xx_hal_tim.o
    0x08006a2e   0x08006a2e   0x00000010   Code   RO         8882    i.UART_DMAAbortOnError  stm32f4xx_hal_uart.o
    0x08006a3e   0x08006a3e   0x0000004a   Code   RO         8883    i.UART_DMAError     stm32f4xx_hal_uart.o
    0x08006a88   0x08006a88   0x00000086   Code   RO         8884    i.UART_DMAReceiveCplt  stm32f4xx_hal_uart.o
    0x08006b0e   0x08006b0e   0x0000001e   Code   RO         8886    i.UART_DMARxHalfCplt  stm32f4xx_hal_uart.o
    0x08006b2c   0x08006b2c   0x0000004e   Code   RO         8892    i.UART_EndRxTransfer  stm32f4xx_hal_uart.o
    0x08006b7a   0x08006b7a   0x0000001c   Code   RO         8893    i.UART_EndTxTransfer  stm32f4xx_hal_uart.o
    0x08006b96   0x08006b96   0x000000c2   Code   RO         8894    i.UART_Receive_IT   stm32f4xx_hal_uart.o
    0x08006c58   0x08006c58   0x0000010c   Code   RO         8895    i.UART_SetConfig    stm32f4xx_hal_uart.o
    0x08006d64   0x08006d64   0x00000090   Code   RO         8896    i.UART_Start_Receive_DMA  stm32f4xx_hal_uart.o
    0x08006df4   0x08006df4   0x00000072   Code   RO         8898    i.UART_WaitOnFlagUntilTimeout  stm32f4xx_hal_uart.o
    0x08006e66   0x08006e66   0x00000002   PAD
    0x08006e68   0x08006e68   0x0000000c   Code   RO          720    i.USART3_IRQHandler  stm32f4xx_it.o
    0x08006e74   0x08006e74   0x00000076   Code   RO         2151    i.USBD_CDC_DataIn   usbd_cdc.o
    0x08006eea   0x08006eea   0x0000003c   Code   RO         2152    i.USBD_CDC_DataOut  usbd_cdc.o
    0x08006f26   0x08006f26   0x00000002   PAD
    0x08006f28   0x08006f28   0x00000090   Code   RO         2153    i.USBD_CDC_DeInit   usbd_cdc.o
    0x08006fb8   0x08006fb8   0x00000036   Code   RO         2154    i.USBD_CDC_EP0_RxReady  usbd_cdc.o
    0x08006fee   0x08006fee   0x00000002   PAD
    0x08006ff0   0x08006ff0   0x0000000c   Code   RO         2155    i.USBD_CDC_GetDeviceQualifierDescriptor  usbd_cdc.o
    0x08006ffc   0x08006ffc   0x0000003c   Code   RO         2156    i.USBD_CDC_GetFSCfgDesc  usbd_cdc.o
    0x08007038   0x08007038   0x00000040   Code   RO         2157    i.USBD_CDC_GetHSCfgDesc  usbd_cdc.o
    0x08007078   0x08007078   0x0000003c   Code   RO         2158    i.USBD_CDC_GetOtherSpeedCfgDesc  usbd_cdc.o
    0x080070b4   0x080070b4   0x00000118   Code   RO         2159    i.USBD_CDC_Init     usbd_cdc.o
    0x080071cc   0x080071cc   0x00000038   Code   RO         2160    i.USBD_CDC_ReceivePacket  usbd_cdc.o
    0x08007204   0x08007204   0x00000016   Code   RO         2161    i.USBD_CDC_RegisterInterface  usbd_cdc.o
    0x0800721a   0x0800721a   0x0000001a   Code   RO         2162    i.USBD_CDC_SetRxBuffer  usbd_cdc.o
    0x08007234   0x08007234   0x0000001e   Code   RO         2163    i.USBD_CDC_SetTxBuffer  usbd_cdc.o
    0x08007252   0x08007252   0x000000d4   Code   RO         2164    i.USBD_CDC_Setup    usbd_cdc.o
    0x08007326   0x08007326   0x00000002   PAD
    0x08007328   0x08007328   0x00000050   Code   RO         2165    i.USBD_CDC_TransmitPacket  usbd_cdc.o
    0x08007378   0x08007378   0x00000014   Code   RO         1859    i.USBD_ClrClassConfig  usbd_core.o
    0x0800738c   0x0800738c   0x00000004   Code   RO         1860    i.USBD_CoreFindEP   usbd_core.o
    0x08007390   0x08007390   0x00000004   Code   RO         1861    i.USBD_CoreFindIF   usbd_core.o
    0x08007394   0x08007394   0x00000010   Code   RO         2091    i.USBD_CtlContinueRx  usbd_ioreq.o
    0x080073a4   0x080073a4   0x00000010   Code   RO         2092    i.USBD_CtlContinueSendData  usbd_ioreq.o
    0x080073b4   0x080073b4   0x00000016   Code   RO         2019    i.USBD_CtlError     usbd_ctlreq.o
    0x080073ca   0x080073ca   0x0000001e   Code   RO         2093    i.USBD_CtlPrepareRx  usbd_ioreq.o
    0x080073e8   0x080073e8   0x00000016   Code   RO         2094    i.USBD_CtlReceiveStatus  usbd_ioreq.o
    0x080073fe   0x080073fe   0x0000001a   Code   RO         2095    i.USBD_CtlSendData  usbd_ioreq.o
    0x08007418   0x08007418   0x00000016   Code   RO         2096    i.USBD_CtlSendStatus  usbd_ioreq.o
    0x0800742e   0x0800742e   0x00000002   PAD
    0x08007430   0x08007430   0x00000020   Code   RO         1499    i.USBD_FS_ConfigStrDescriptor  usbd_desc.o
    0x08007450   0x08007450   0x0000000c   Code   RO         1500    i.USBD_FS_DeviceDescriptor  usbd_desc.o
    0x0800745c   0x0800745c   0x00000024   Code   RO         1501    i.USBD_FS_InterfaceStrDescriptor  usbd_desc.o
    0x08007480   0x08007480   0x0000000c   Code   RO         1502    i.USBD_FS_LangIDStrDescriptor  usbd_desc.o
    0x0800748c   0x0800748c   0x00000028   Code   RO         1503    i.USBD_FS_ManufacturerStrDescriptor  usbd_desc.o
    0x080074b4   0x080074b4   0x0000002c   Code   RO         1504    i.USBD_FS_ProductStrDescriptor  usbd_desc.o
    0x080074e0   0x080074e0   0x00000028   Code   RO         1505    i.USBD_FS_SerialStrDescriptor  usbd_desc.o
    0x08007508   0x08007508   0x000000e6   Code   RO         2020    i.USBD_GetDescriptor  usbd_ctlreq.o
    0x080075ee   0x080075ee   0x0000003a   Code   RO         1863    i.USBD_GetEpDesc    usbd_core.o
    0x08007628   0x08007628   0x0000000e   Code   RO         1864    i.USBD_GetNextDesc  usbd_core.o
    0x08007636   0x08007636   0x00000048   Code   RO         2021    i.USBD_GetString    usbd_ctlreq.o
    0x0800767e   0x0800767e   0x00000018   Code   RO         1665    i.USBD_Get_USB_Status  usbd_conf.o
    0x08007696   0x08007696   0x00000026   Code   RO         1865    i.USBD_Init         usbd_core.o
    0x080076bc   0x080076bc   0x00000012   Code   RO         1666    i.USBD_LL_ClearStallEP  usbd_conf.o
    0x080076ce   0x080076ce   0x00000012   Code   RO         1667    i.USBD_LL_CloseEP   usbd_conf.o
    0x080076e0   0x080076e0   0x000000b6   Code   RO         1866    i.USBD_LL_DataInStage  usbd_core.o
    0x08007796   0x08007796   0x0000008e   Code   RO         1867    i.USBD_LL_DataOutStage  usbd_core.o
    0x08007824   0x08007824   0x00000004   Code   RO         1868    i.USBD_LL_DevConnected  usbd_core.o
    0x08007828   0x08007828   0x0000001e   Code   RO         1869    i.USBD_LL_DevDisconnected  usbd_core.o
    0x08007846   0x08007846   0x00000008   Code   RO         1671    i.USBD_LL_GetRxDataSize  usbd_conf.o
    0x0800784e   0x0800784e   0x00000002   PAD
    0x08007850   0x08007850   0x00000060   Code   RO         1672    i.USBD_LL_Init      usbd_conf.o
    0x080078b0   0x080078b0   0x0000001e   Code   RO         1673    i.USBD_LL_IsStallEP  usbd_conf.o
    0x080078ce   0x080078ce   0x00000028   Code   RO         1870    i.USBD_LL_IsoINIncomplete  usbd_core.o
    0x080078f6   0x080078f6   0x00000028   Code   RO         1871    i.USBD_LL_IsoOUTIncomplete  usbd_core.o
    0x0800791e   0x0800791e   0x00000018   Code   RO         1674    i.USBD_LL_OpenEP    usbd_conf.o
    0x08007936   0x08007936   0x00000012   Code   RO         1675    i.USBD_LL_PrepareReceive  usbd_conf.o
    0x08007948   0x08007948   0x0000005c   Code   RO         1872    i.USBD_LL_Reset     usbd_core.o
    0x080079a4   0x080079a4   0x00000014   Code   RO         1873    i.USBD_LL_Resume    usbd_core.o
    0x080079b8   0x080079b8   0x0000001a   Code   RO         1874    i.USBD_LL_SOF       usbd_core.o
    0x080079d2   0x080079d2   0x00000006   Code   RO         1875    i.USBD_LL_SetSpeed  usbd_core.o
    0x080079d8   0x080079d8   0x00000012   Code   RO         1676    i.USBD_LL_SetUSBAddress  usbd_conf.o
    0x080079ea   0x080079ea   0x00000060   Code   RO         1876    i.USBD_LL_SetupStage  usbd_core.o
    0x08007a4a   0x08007a4a   0x00000012   Code   RO         1677    i.USBD_LL_StallEP   usbd_conf.o
    0x08007a5c   0x08007a5c   0x00000012   Code   RO         1678    i.USBD_LL_Start     usbd_conf.o
    0x08007a6e   0x08007a6e   0x0000001a   Code   RO         1877    i.USBD_LL_Suspend   usbd_core.o
    0x08007a88   0x08007a88   0x00000012   Code   RO         1680    i.USBD_LL_Transmit  usbd_conf.o
    0x08007a9a   0x08007a9a   0x0000002c   Code   RO         2022    i.USBD_ParseSetupRequest  usbd_ctlreq.o
    0x08007ac6   0x08007ac6   0x0000003a   Code   RO         1878    i.USBD_RegisterClass  usbd_core.o
    0x08007b00   0x08007b00   0x00000014   Code   RO         1880    i.USBD_SetClassConfig  usbd_core.o
    0x08007b14   0x08007b14   0x000000b8   Code   RO         2023    i.USBD_SetConfig    usbd_ctlreq.o
    0x08007bcc   0x08007bcc   0x00000004   Code   RO         1881    i.USBD_Start        usbd_core.o
    0x08007bd0   0x08007bd0   0x0000012c   Code   RO         2024    i.USBD_StdDevReq    usbd_ctlreq.o
    0x08007cfc   0x08007cfc   0x00000160   Code   RO         2025    i.USBD_StdEPReq     usbd_ctlreq.o
    0x08007e5c   0x08007e5c   0x00000072   Code   RO         2026    i.USBD_StdItfReq    usbd_ctlreq.o
    0x08007ece   0x08007ece   0x00000002   Code   RO         1681    i.USBD_static_free  usbd_conf.o
    0x08007ed0   0x08007ed0   0x00000008   Code   RO         1682    i.USBD_static_malloc  usbd_conf.o
    0x08007ed8   0x08007ed8   0x00000080   Code   RO         5135    i.USB_ActivateEndpoint  stm32f4xx_ll_usb.o
    0x08007f58   0x08007f58   0x0000001c   Code   RO         5137    i.USB_ActivateSetup  stm32f4xx_ll_usb.o
    0x08007f74   0x08007f74   0x00000084   Code   RO         5139    i.USB_CoreInit      stm32f4xx_ll_usb.o
    0x08007ff8   0x08007ff8   0x0000003c   Code   RO         5140    i.USB_CoreReset     stm32f4xx_ll_usb.o
    0x08008034   0x08008034   0x000000cc   Code   RO         5143    i.USB_DeactivateEndpoint  stm32f4xx_ll_usb.o
    0x08008100   0x08008100   0x0000001c   Code   RO         5144    i.USB_DevConnect    stm32f4xx_ll_usb.o
    0x0800811c   0x0800811c   0x0000001c   Code   RO         5145    i.USB_DevDisconnect  stm32f4xx_ll_usb.o
    0x08008138   0x08008138   0x0000017c   Code   RO         5146    i.USB_DevInit       stm32f4xx_ll_usb.o
    0x080082b4   0x080082b4   0x0000000c   Code   RO         5147    i.USB_DisableGlobalInt  stm32f4xx_ll_usb.o
    0x080082c0   0x080082c0   0x00000058   Code   RO         5150    i.USB_EP0_OutStart  stm32f4xx_ll_usb.o
    0x08008318   0x08008318   0x00000058   Code   RO         5151    i.USB_EPClearStall  stm32f4xx_ll_usb.o
    0x08008370   0x08008370   0x00000058   Code   RO         5152    i.USB_EPSetStall    stm32f4xx_ll_usb.o
    0x080083c8   0x080083c8   0x00000230   Code   RO         5153    i.USB_EPStartXfer   stm32f4xx_ll_usb.o
    0x080085f8   0x080085f8   0x0000009e   Code   RO         5154    i.USB_EPStopXfer    stm32f4xx_ll_usb.o
    0x08008696   0x08008696   0x0000000c   Code   RO         5155    i.USB_EnableGlobalInt  stm32f4xx_ll_usb.o
    0x080086a2   0x080086a2   0x00000038   Code   RO         5156    i.USB_FlushRxFifo   stm32f4xx_ll_usb.o
    0x080086da   0x080086da   0x0000003c   Code   RO         5157    i.USB_FlushTxFifo   stm32f4xx_ll_usb.o
    0x08008716   0x08008716   0x0000001a   Code   RO         5159    i.USB_GetDevSpeed   stm32f4xx_ll_usb.o
    0x08008730   0x08008730   0x00000008   Code   RO         5161    i.USB_GetMode       stm32f4xx_ll_usb.o
    0x08008738   0x08008738   0x0000000e   Code   RO         5169    i.USB_ReadDevAllInEpInterrupt  stm32f4xx_ll_usb.o
    0x08008746   0x08008746   0x0000000e   Code   RO         5170    i.USB_ReadDevAllOutEpInterrupt  stm32f4xx_ll_usb.o
    0x08008754   0x08008754   0x00000024   Code   RO         5171    i.USB_ReadDevInEPInterrupt  stm32f4xx_ll_usb.o
    0x08008778   0x08008778   0x00000010   Code   RO         5172    i.USB_ReadDevOutEPInterrupt  stm32f4xx_ll_usb.o
    0x08008788   0x08008788   0x00000008   Code   RO         5173    i.USB_ReadInterrupts  stm32f4xx_ll_usb.o
    0x08008790   0x08008790   0x0000003e   Code   RO         5174    i.USB_ReadPacket    stm32f4xx_ll_usb.o
    0x080087ce   0x080087ce   0x0000005c   Code   RO         5176    i.USB_SetCurrentMode  stm32f4xx_ll_usb.o
    0x0800882a   0x0800882a   0x00000022   Code   RO         5177    i.USB_SetDevAddress  stm32f4xx_ll_usb.o
    0x0800884c   0x0800884c   0x000000e8   Code   RO         5179    i.USB_SetTurnaroundTime  stm32f4xx_ll_usb.o
    0x08008934   0x08008934   0x00000028   Code   RO         5182    i.USB_WritePacket   stm32f4xx_ll_usb.o
    0x0800895c   0x0800895c   0x00000002   Code   RO          721    i.UsageFault_Handler  stm32f4xx_it.o
    0x0800895e   0x0800895e   0x00000002   PAD
    0x08008960   0x08008960   0x00000024   Code   RO          924    i.XPWM_Set          drv_tim.o
    0x08008984   0x08008984   0x00000064   Code   RO         4052    i._DoInit           segger_rtt.o
    0x080089e8   0x080089e8   0x00000026   Code   RO         4328    i._EncodeStr        segger_sysview.o
    0x08008a0e   0x08008a0e   0x00000002   PAD
    0x08008a10   0x08008a10   0x00000094   Code   RO         4329    i._HandleIncomingPacket  segger_sysview.o
    0x08008aa4   0x08008aa4   0x0000013c   Code   RO         4332    i._SendPacket       segger_sysview.o
    0x08008be0   0x08008be0   0x00000068   Code   RO         4334    i._TrySendOverflowPacket  segger_sysview.o
    0x08008c48   0x08008c48   0x00000020   Code   RO         9523    i.__0printf         mc_w.l(printfa.o)
    0x08008c68   0x08008c68   0x00000026   Code   RO         9561    i.__ARM_fpclassifyf  m_wm.l(fpclassifyf.o)
    0x08008c8e   0x08008c8e   0x00000020   Code   RO         6197    i.__NVIC_SetPriority  stm32f4xx_hal_cortex.o
    0x08008cae   0x08008cae   0x00000002   PAD
    0x08008cb0   0x08008cb0   0x0000012c   Code   RO         9237    i.__hardfp_asinf    m_wm.l(asinf.o)
    0x08008ddc   0x08008ddc   0x000002ac   Code   RO         9249    i.__hardfp_atan2f   m_wm.l(atan2f.o)
    0x08009088   0x08009088   0x0000007a   Code   RO         9261    i.__hardfp_sqrt     m_wm.l(sqrt.o)
    0x08009102   0x08009102   0x00000006   Code   RO         9564    i.__mathlib_flt_infnan  m_wm.l(funder.o)
    0x08009108   0x08009108   0x00000006   Code   RO         9565    i.__mathlib_flt_infnan2  m_wm.l(funder.o)
    0x0800910e   0x0800910e   0x00000002   PAD
    0x08009110   0x08009110   0x00000010   Code   RO         9566    i.__mathlib_flt_invalid  m_wm.l(funder.o)
    0x08009120   0x08009120   0x00000010   Code   RO         9569    i.__mathlib_flt_underflow  m_wm.l(funder.o)
    0x08009130   0x08009130   0x0000000e   Code   RO         9640    i.__scatterload_copy  mc_w.l(handlers.o)
    0x0800913e   0x0800913e   0x00000002   Code   RO         9641    i.__scatterload_null  mc_w.l(handlers.o)
    0x08009140   0x08009140   0x0000000e   Code   RO         9642    i.__scatterload_zeroinit  mc_w.l(handlers.o)
    0x0800914e   0x0800914e   0x00000002   PAD
    0x08009150   0x08009150   0x0000000c   Code   RO         9616    i.__set_errno       mc_w.l(errno.o)
    0x0800915c   0x0800915c   0x0000001e   Code   RO         4809    i._cbGetTime        segger_sysview_freertos.o
    0x0800917a   0x0800917a   0x00000002   PAD
    0x0800917c   0x0800917c   0x00000058   Code   RO         4788    i._cbSendSystemDesc  segger_sysview_config_freertos.o
    0x080091d4   0x080091d4   0x0000003c   Code   RO         4810    i._cbSendTaskList   segger_sysview_freertos.o
    0x08009210   0x08009210   0x00000184   Code   RO         9530    i._fp_digits        mc_w.l(printfa.o)
    0x08009394   0x08009394   0x000006b4   Code   RO         9531    i._printf_core      mc_w.l(printfa.o)
    0x08009a48   0x08009a48   0x00000024   Code   RO         9532    i._printf_post_padding  mc_w.l(printfa.o)
    0x08009a6c   0x08009a6c   0x0000002e   Code   RO         9533    i._printf_pre_padding  mc_w.l(printfa.o)
    0x08009a9a   0x08009a9a   0x00000002   PAD
    0x08009a9c   0x08009a9c   0x00000018   Code   RO          965    i.fputc             drv_uart.o
    0x08009ab4   0x08009ab4   0x0000002c   Code   RO         1221    i.invSqrt           algo_mahony_ahrs.o
    0x08009ae0   0x08009ae0   0x0000004a   Code   RO           16    i.main              main.o
    0x08009b2a   0x08009b2a   0x0000001a   Code   RO         3380    i.osDelay           cmsis_os2.o
    0x08009b44   0x08009b44   0x0000002c   Code   RO         3385    i.osEventFlagsNew   cmsis_os2.o
    0x08009b70   0x08009b70   0x00000054   Code   RO         3386    i.osEventFlagsSet   cmsis_os2.o
    0x08009bc4   0x08009bc4   0x00000062   Code   RO         3387    i.osEventFlagsWait  cmsis_os2.o
    0x08009c26   0x08009c26   0x00000002   PAD
    0x08009c28   0x08009c28   0x00000024   Code   RO         3394    i.osKernelInitialize  cmsis_os2.o
    0x08009c4c   0x08009c4c   0x00000038   Code   RO         3397    i.osKernelStart     cmsis_os2.o
    0x08009c84   0x08009c84   0x0000008a   Code   RO         3439    i.osThreadNew       cmsis_os2.o
    0x08009d0e   0x08009d0e   0x00000002   PAD
    0x08009d10   0x08009d10   0x0000005c   Code   RO         2828    i.prvAddCurrentTaskToDelayedList  tasks.o
    0x08009d6c   0x08009d6c   0x000000f0   Code   RO         2829    i.prvAddNewTaskToReadyList  tasks.o
    0x08009e5c   0x08009e5c   0x00000058   Code   RO         3204    i.prvCheckForValidListAndQueue  timers.o
    0x08009eb4   0x08009eb4   0x00000026   Code   RO         2425    i.prvCopyDataFromQueue  queue.o
    0x08009eda   0x08009eda   0x0000006c   Code   RO         2426    i.prvCopyDataToQueue  queue.o
    0x08009f46   0x08009f46   0x00000034   Code   RO         2830    i.prvDeleteTCB      tasks.o
    0x08009f7a   0x08009f7a   0x00000002   PAD
    0x08009f7c   0x08009f7c   0x0000004c   Code   RO         3888    i.prvHeapInit       heap_4.o
    0x08009fc8   0x08009fc8   0x00000060   Code   RO         2831    i.prvIdleTask       tasks.o
    0x0800a028   0x0800a028   0x00000034   Code   RO         2428    i.prvInitialiseNewQueue  queue.o
    0x0800a05c   0x0800a05c   0x000000b0   Code   RO         2832    i.prvInitialiseNewTask  tasks.o
    0x0800a10c   0x0800a10c   0x0000004c   Code   RO         3889    i.prvInsertBlockIntoFreeList  heap_4.o
    0x0800a158   0x0800a158   0x00000038   Code   RO         3206    i.prvInsertTimerInActiveList  timers.o
    0x0800a190   0x0800a190   0x0000001c   Code   RO         2429    i.prvIsQueueEmpty   queue.o
    0x0800a1ac   0x0800a1ac   0x000000fc   Code   RO         3207    i.prvProcessReceivedCommands  timers.o
    0x0800a2a8   0x0800a2a8   0x000000c0   Code   RO         3208    i.prvProcessTimerOrBlockTask  timers.o
    0x0800a368   0x0800a368   0x00000020   Code   RO         2834    i.prvResetNextTaskUnblockTime  tasks.o
    0x0800a388   0x0800a388   0x00000028   Code   RO         3209    i.prvSampleTimeNow  timers.o
    0x0800a3b0   0x0800a3b0   0x0000006c   Code   RO         3210    i.prvSwitchTimerLists  timers.o
    0x0800a41c   0x0800a41c   0x00000014   Code   RO         2836    i.prvTaskCheckFreeStackSpace  tasks.o
    0x0800a430   0x0800a430   0x00000028   Code   RO         3944    i.prvTaskExitError  port.o
    0x0800a458   0x0800a458   0x00000014   Code   RO         2263    i.prvTestWaitCondition  event_groups.o
    0x0800a46c   0x0800a46c   0x00000024   Code   RO         3211    i.prvTimerTask      timers.o
    0x0800a490   0x0800a490   0x0000006a   Code   RO         2430    i.prvUnlockQueue    queue.o
    0x0800a4fa   0x0800a4fa   0x00000002   PAD
    0x0800a4fc   0x0800a4fc   0x000000dc   Code   RO         3890    i.pvPortMalloc      heap_4.o
    0x0800a5d8   0x0800a5d8   0x0000002c   Code   RO         3945    i.pxPortInitialiseStack  port.o
    0x0800a604   0x0800a604   0x00000080   Code   RO         1127    i.sent_data1        prot_ano.o
    0x0800a684   0x0800a684   0x0000003e   Code   RO         9579    i.sqrtf             m_wm.l(sqrtf.o)
    0x0800a6c2   0x0800a6c2   0x00000026   Code   RO         2385    i.uxListRemove      list.o
    0x0800a6e8   0x0800a6e8   0x00000010   Code   RO         2842    i.uxTaskGetStackHighWaterMark  tasks.o
    0x0800a6f8   0x0800a6f8   0x00000018   Code   RO         2847    i.uxTaskResetEventItemValue  tasks.o
    0x0800a710   0x0800a710   0x00000014   Code   RO         3451    i.vApplicationGetIdleTaskMemory  cmsis_os2.o
    0x0800a724   0x0800a724   0x00000018   Code   RO         3452    i.vApplicationGetTimerTaskMemory  cmsis_os2.o
    0x0800a73c   0x0800a73c   0x00000004   Code   RO         2267    i.vEventGroupSetBitsCallback  event_groups.o
    0x0800a740   0x0800a740   0x00000016   Code   RO         2386    i.vListInitialise   list.o
    0x0800a756   0x0800a756   0x00000006   Code   RO         2387    i.vListInitialiseItem  list.o
    0x0800a75c   0x0800a75c   0x00000030   Code   RO         2388    i.vListInsert       list.o
    0x0800a78c   0x0800a78c   0x00000018   Code   RO         2389    i.vListInsertEnd    list.o
    0x0800a7a4   0x0800a7a4   0x00000040   Code   RO         3947    i.vPortEnterCritical  port.o
    0x0800a7e4   0x0800a7e4   0x00000028   Code   RO         3948    i.vPortExitCritical  port.o
    0x0800a80c   0x0800a80c   0x00000064   Code   RO         3891    i.vPortFree         heap_4.o
    0x0800a870   0x0800a870   0x00000024   Code   RO         3949    i.vPortSetupTimerInterrupt  port.o
    0x0800a894   0x0800a894   0x00000054   Code   RO         3950    i.vPortValidateInterruptPriority  port.o
    0x0800a8e8   0x0800a8e8   0x00000038   Code   RO         2436    i.vQueueAddToRegistry  queue.o
    0x0800a920   0x0800a920   0x00000044   Code   RO         2440    i.vQueueWaitForMessageRestricted  queue.o
    0x0800a964   0x0800a964   0x00000054   Code   RO         2848    i.vTaskDelay        tasks.o
    0x0800a9b8   0x0800a9b8   0x00000010   Code   RO         2853    i.vTaskInternalSetTimeOutState  tasks.o
    0x0800a9c8   0x0800a9c8   0x0000000c   Code   RO         2854    i.vTaskMissedYield  tasks.o
    0x0800a9d4   0x0800a9d4   0x00000030   Code   RO         2856    i.vTaskPlaceOnEventList  tasks.o
    0x0800aa04   0x0800aa04   0x00000040   Code   RO         2857    i.vTaskPlaceOnEventListRestricted  tasks.o
    0x0800aa44   0x0800aa44   0x00000050   Code   RO         2858    i.vTaskPlaceOnUnorderedEventList  tasks.o
    0x0800aa94   0x0800aa94   0x00000074   Code   RO         2861    i.vTaskRemoveFromUnorderedEventList  tasks.o
    0x0800ab08   0x0800ab08   0x000000a0   Code   RO         2865    i.vTaskStartScheduler  tasks.o
    0x0800aba8   0x0800aba8   0x00000010   Code   RO         2867    i.vTaskSuspendAll   tasks.o
    0x0800abb8   0x0800abb8   0x00000088   Code   RO         2868    i.vTaskSwitchContext  tasks.o
    0x0800ac40   0x0800ac40   0x0000001c   Code   RO         2271    i.xEventGroupCreate  event_groups.o
    0x0800ac5c   0x0800ac5c   0x0000002c   Code   RO         2272    i.xEventGroupCreateStatic  event_groups.o
    0x0800ac88   0x0800ac88   0x0000008c   Code   RO         2274    i.xEventGroupSetBits  event_groups.o
    0x0800ad14   0x0800ad14   0x00000010   Code   RO         2275    i.xEventGroupSetBitsFromISR  event_groups.o
    0x0800ad24   0x0800ad24   0x00000108   Code   RO         2277    i.xEventGroupWaitBits  event_groups.o
    0x0800ae2c   0x0800ae2c   0x000000f4   Code   RO         3951    i.xPortStartScheduler  port.o
    0x0800af20   0x0800af20   0x0000002c   Code   RO         3952    i.xPortSysTickHandler  port.o
    0x0800af4c   0x0800af4c   0x00000066   Code   RO         2446    i.xQueueGenericCreateStatic  queue.o
    0x0800afb2   0x0800afb2   0x00000002   PAD
    0x0800afb4   0x0800afb4   0x00000088   Code   RO         2447    i.xQueueGenericReset  queue.o
    0x0800b03c   0x0800b03c   0x00000188   Code   RO         2448    i.xQueueGenericSend  queue.o
    0x0800b1c4   0x0800b1c4   0x000000de   Code   RO         2449    i.xQueueGenericSendFromISR  queue.o
    0x0800b2a2   0x0800b2a2   0x00000002   PAD
    0x0800b2a4   0x0800b2a4   0x00000174   Code   RO         2458    i.xQueueReceive     queue.o
    0x0800b418   0x0800b418   0x00000074   Code   RO         2870    i.xTaskCheckForTimeOut  tasks.o
    0x0800b48c   0x0800b48c   0x0000005a   Code   RO         2871    i.xTaskCreate       tasks.o
    0x0800b4e6   0x0800b4e6   0x00000056   Code   RO         2872    i.xTaskCreateStatic  tasks.o
    0x0800b53c   0x0800b53c   0x0000001c   Code   RO         2877    i.xTaskGetSchedulerState  tasks.o
    0x0800b558   0x0800b558   0x0000000c   Code   RO         2878    i.xTaskGetTickCount  tasks.o
    0x0800b564   0x0800b564   0x00000010   Code   RO         2879    i.xTaskGetTickCountFromISR  tasks.o
    0x0800b574   0x0800b574   0x000000d0   Code   RO         2880    i.xTaskIncrementTick  tasks.o
    0x0800b644   0x0800b644   0x0000008c   Code   RO         2883    i.xTaskPriorityDisinherit  tasks.o
    0x0800b6d0   0x0800b6d0   0x00000074   Code   RO         2885    i.xTaskRemoveFromEventList  tasks.o
    0x0800b744   0x0800b744   0x000000c8   Code   RO         2886    i.xTaskResumeAll    tasks.o
    0x0800b80c   0x0800b80c   0x00000060   Code   RO         3220    i.xTimerCreateTimerTask  timers.o
    0x0800b86c   0x0800b86c   0x00000068   Code   RO         3221    i.xTimerGenericCommand  timers.o
    0x0800b8d4   0x0800b8d4   0x00000028   Code   RO         3227    i.xTimerPendFunctionCallFromISR  timers.o
    0x0800b8fc   0x0800b8fc   0x000000a0   Data   RO          351    .constdata          freertos.o
    0x0800b99c   0x0800b99c   0x00000011   Data   RO         4058    .constdata          segger_rtt.o
    0x0800b9ad   0x0800b9ad   0x0000001a   Data   RO         4338    .constdata          segger_sysview.o
    0x0800b9c7   0x0800b9c7   0x00000001   PAD
    0x0800b9c8   0x0800b9c8   0x00000008   Data   RO         4812    .constdata          segger_sysview_freertos.o
    0x0800b9d0   0x0800b9d0   0x00000008   Data   RO         5913    .constdata          stm32f4xx_hal_dma.o
    0x0800b9d8   0x0800b9d8   0x00000010   Data   RO         9204    .constdata          system_stm32f4xx.o
    0x0800b9e8   0x0800b9e8   0x00000008   Data   RO         9205    .constdata          system_stm32f4xx.o
    0x0800b9f0   0x0800b9f0   0x0000001e   Data   RO          352    .conststring        freertos.o
    0x0800ba0e   0x0800ba0e   0x00000002   PAD
    0x0800ba10   0x0800ba10   0x00000050   Data   RO         4813    .conststring        segger_sysview_freertos.o
    0x0800ba60   0x0800ba60   0x00000020   Data   RO         9638    Region$$Table       anon$$obj.o


    Execution Region RW_IRAM1 (Exec base: 0x20000000, Load base: 0x0800ba80, Size: 0x00007c20, Max: 0x0001c000, ABSOLUTE, COMPRESSED[0x000000ec])

    Exec Addr    Load Addr    Size         Type   Attr      Idx    E Section Name        Object

    0x20000000   COMPRESSED   0x00000014   Data   RW          353    .data               freertos.o
    0x20000014   COMPRESSED   0x00000008   Data   RW         1065    .data               drv_bmi088.o
    0x2000001c   COMPRESSED   0x00000024   Data   RW         1222    .data               algo_mahony_ahrs.o
    0x20000040   COMPRESSED   0x00000078   Data   RW         1296    .data               algo_attitude_ctrl.o
    0x200000b8   COMPRESSED   0x00000001   Data   RW         1332    .data               algo_remote_ctrl.o
    0x200000b9   COMPRESSED   0x00000001   PAD
    0x200000ba   COMPRESSED   0x00000008   Data   RW         1333    .data               algo_remote_ctrl.o
    0x200000c2   COMPRESSED   0x00000002   PAD
    0x200000c4   COMPRESSED   0x0000000c   Data   RW         1392    .data               task_imu.o
    0x200000d0   COMPRESSED   0x0000001c   Data   RW         1507    .data               usbd_desc.o
    0x200000ec   COMPRESSED   0x00000032   Data   RW         1508    .data               usbd_desc.o
    0x2000011e   COMPRESSED   0x00000002   PAD
    0x20000120   COMPRESSED   0x00000014   Data   RW         1598    .data               usbd_cdc_if.o
    0x20000134   COMPRESSED   0x00000001   Data   RW         2027    .data               usbd_ctlreq.o
    0x20000135   COMPRESSED   0x00000003   PAD
    0x20000138   COMPRESSED   0x00000053   Data   RW         2166    .data               usbd_cdc.o
    0x2000018b   COMPRESSED   0x00000001   PAD
    0x2000018c   COMPRESSED   0x00000038   Data   RW         2167    .data               usbd_cdc.o
    0x200001c4   COMPRESSED   0x0000003c   Data   RW         2889    .data               tasks.o
    0x20000200   COMPRESSED   0x00000014   Data   RW         3229    .data               timers.o
    0x20000214   COMPRESSED   0x00000004   Data   RW         3454    .data               cmsis_os2.o
    0x20000218   COMPRESSED   0x00000020   Data   RW         3897    .data               heap_4.o
    0x20000238   COMPRESSED   0x0000000c   Data   RW         3953    .data               port.o
    0x20000244   COMPRESSED   0x00000010   Data   RW         4341    .data               segger_sysview.o
    0x20000254   COMPRESSED   0x00000004   Data   RW         4814    .data               segger_sysview_freertos.o
    0x20000258   COMPRESSED   0x0000000c   Data   RW         6346    .data               stm32f4xx_hal.o
    0x20000264   COMPRESSED   0x00000004   Data   RW         9206    .data               system_stm32f4xx.o
    0x20000268   COMPRESSED   0x00000004   Data   RW         9605    .data               mc_w.l(stdout.o)
    0x2000026c   COMPRESSED   0x00000004   Data   RW         9617    .data               mc_w.l(errno.o)
    0x20000270        -       0x00000090   Zero   RW          396    .bss                adc.o
    0x20000300        -       0x00000028   Zero   RW          444    .bss                can.o
    0x20000328        -       0x00000054   Zero   RW          511    .bss                i2c.o
    0x2000037c        -       0x00000058   Zero   RW          554    .bss                spi.o
    0x200003d4        -       0x000000d8   Zero   RW          600    .bss                tim.o
    0x200004ac        -       0x00000138   Zero   RW          660    .bss                usart.o
    0x200005e4        -       0x00000048   Zero   RW          831    .bss                stm32f4xx_hal_timebase_tim.o
    0x2000062c        -       0x00000010   Zero   RW         1005    .bss                drv_ist8310.o
    0x2000063c        -       0x00000020   Zero   RW         1064    .bss                drv_bmi088.o
    0x2000065c        -       0x00000064   Zero   RW         1128    .bss                prot_ano.o
    0x200006c0        -       0x0000006c   Zero   RW         1176    .bss                prot_sbus.o
    0x2000072c        -       0x0000018c   Zero   RW         1294    .bss                algo_attitude_ctrl.o
    0x200008b8        -       0x00000010   Zero   RW         1331    .bss                algo_remote_ctrl.o
    0x200008c8        -       0x0000003c   Zero   RW         1391    .bss                task_imu.o
    0x20000904        -       0x000002dc   Zero   RW         1468    .bss                usb_device.o
    0x20000be0        -       0x00000200   Zero   RW         1506    .bss                usbd_desc.o
    0x20000de0        -       0x00001000   Zero   RW         1597    .bss                usbd_cdc_if.o
    0x20001de0        -       0x00000704   Zero   RW         1683    .bss                usbd_conf.o
    0x200024e4        -       0x00000040   Zero   RW         2462    .bss                queue.o
    0x20002524        -       0x000004c4   Zero   RW         2888    .bss                tasks.o
    0x200029e8        -       0x00000118   Zero   RW         3228    .bss                timers.o
    0x20002b00        -       0x000006b8   Zero   RW         3453    .bss                cmsis_os2.o
    0x200031b8        -       0x00003c00   Zero   RW         3896    .bss                heap_4.o
    0x20006db8        -       0x000004b8   Zero   RW         4057    .bss                segger_rtt.o
    0x20007270        -       0x0000050b   Zero   RW         4337    .bss                segger_sysview.o
    0x2000777b   COMPRESSED   0x00000001   PAD
    0x2000777c        -       0x000000a0   Zero   RW         4811    .bss                segger_sysview_freertos.o
    0x2000781c   COMPRESSED   0x00000004   PAD
    0x20007820        -       0x00000400   Zero   RW            1    STACK               startup_stm32f407xx.o


    Execution Region RW_IRAM2 (Exec base: 0x2001c000, Load base: 0x0800bb6c, Size: 0x00000000, Max: 0x00004000, ABSOLUTE)

    **** No section assigned to this execution region ****


==============================================================================

Image component sizes


      Code (inc. data)   RO Data    RW Data    ZI Data      Debug   Object Name

       324         40          0          0        144       2406   adc.o
       500        122          0        120        396       2482   algo_attitude_ctrl.o
       956         20          0         36          0       2643   algo_mahony_ahrs.o
       250          6          0          0          0       1627   algo_pid.o
       548         92          0          9         16       1993   algo_remote_ctrl.o
       172         22          0          0         40       1717   can.o
       552         28          0          4       1720      63386   cmsis_os2.o
        44          4          0          0          0        790   dma.o
      1222         92          0          8         32       7691   drv_bmi088.o
       276         28          0          0         16       4269   drv_ist8310.o
         0          0          0          0          0       3736   drv_key.o
       144         20          0          0          0       2391   drv_tim.o
        24          6          0          0          0        552   drv_uart.o
       516          8          0          0          0      25882   event_groups.o
       136         32        190         20          0       2184   freertos.o
       388         24          0          0          0       1199   gpio.o
       472         24          0         32      15360       4911   heap_4.o
       200         32          0          0         84       1753   i2c.o
       138          0          0          0          0       3586   list.o
       246         14          0          0          0     765664   main.o
       786         82          0         12          0      11585   port.o
       128          6          0          0        100       3528   prot_ano.o
       384         22          0          0        108       3518   prot_sbus.o
      1680         22          0          0         64      17632   queue.o
       532         38         17          0       1208      10620   segger_rtt.o
      2330        180         26         16       1291      33097   segger_sysview.o
       128         82          0          0          0       1198   segger_sysview_config_freertos.o
       244         30         88          4        160       4277   segger_sysview_freertos.o
       216         24          0          0         88       1773   spi.o
        36          8        392          0       1024        844   startup_stm32f407xx.o
       116         18          0         12          0       8766   stm32f4xx_hal.o
       712         28          0          0          0       2907   stm32f4xx_hal_adc.o
       282          0          0          0          0       1423   stm32f4xx_hal_can.o
       158         14          0          0          0      33062   stm32f4xx_hal_cortex.o
      1084         16          8          0          0       7410   stm32f4xx_hal_dma.o
       546         52          0          0          0       3504   stm32f4xx_hal_gpio.o
      2294         52          0          0          0      13286   stm32f4xx_hal_i2c.o
        56          4          0          0          0        882   stm32f4xx_hal_msp.o
      2572         12          0          0          0      13656   stm32f4xx_hal_pcd.o
        78          0          0          0          0       2425   stm32f4xx_hal_pcd_ex.o
      1424         92          0          0          0       6433   stm32f4xx_hal_rcc.o
       974         14          0          0          0       5029   stm32f4xx_hal_spi.o
      1982        138          0          0          0      17226   stm32f4xx_hal_tim.o
       232         28          0          0          0       3341   stm32f4xx_hal_tim_ex.o
       152         20          0          0         72       1499   stm32f4xx_hal_timebase_tim.o
      2162         30          0          0          0      15812   stm32f4xx_hal_uart.o
        72         24          0          0          0       5689   stm32f4xx_it.o
      2692        116          0          0          0      23448   stm32f4xx_ll_usb.o
         0          0          0          0          0        400   stream_buffer.o
        16          4         24          4          0       1151   system_stm32f4xx.o
       544         80          0         12         60       3979   task_imu.o
        44         10          0          0          0        514   task_index.o
        24          0          0          0          0        527   task_rc.o
      2492        196          0         60       1220      31614   tasks.o
       780         74          0          0        216       4104   tim.o
      1012         86          0         20        280      31307   timers.o
       548         70          0          0        312       3323   usart.o
        84         18          0          0        732        824   usb_device.o
      1278         36          0        139          0      14533   usbd_cdc.o
       116         22          0         20       4096       4078   usbd_cdc_if.o
       670         24          0          0       1796      17036   usbd_conf.o
       924          0          0          0          0      15619   usbd_core.o
      1328         28          0          1          0      14972   usbd_ctlreq.o
       272        100          0         78        512       6265   usbd_desc.o
       132          0          0          0          0       4576   usbd_ioreq.o

    ----------------------------------------------------------------------
     41496       2514        780        616      31152    1309554   Object Totals
         0          0         32          0          0          0   (incl. Generated)
        72          0          3          9          5          0   (incl. Padding)

    ----------------------------------------------------------------------

      Code (inc. data)   RO Data    RW Data    ZI Data      Debug   Library Member Name

       300         42          0          0          0        176   asinf.o
       684         90          0          0          0        208   atan2f.o
        38          0          0          0          0        116   fpclassifyf.o
        44         12          0          0          0        464   funder.o
       122          0          0          0          0        148   sqrt.o
        62          0          0          0          0        136   sqrtf.o
        86          0          0          0          0          0   __dczerorl2.o
         0          0          0          0          0          0   entry.o
         0          0          0          0          0          0   entry10a.o
         0          0          0          0          0          0   entry11a.o
         4          0          0          0          0          0   entry12b.o
         8          4          0          0          0          0   entry2.o
         4          0          0          0          0          0   entry5.o
         0          0          0          0          0          0   entry7b.o
         0          0          0          0          0          0   entry8b.o
         8          4          0          0          0          0   entry9a.o
        12          6          0          4          0         68   errno.o
        30          0          0          0          0          0   handlers.o
        36          8          0          0          0         68   init.o
         0          0          0          0          0          0   iusefp.o
        30          0          0          0          0         68   llshl.o
        36          0          0          0          0         68   llsshr.o
        32          0          0          0          0         68   llushr.o
        26          0          0          0          0         80   memcmp.o
        36          0          0          0          0         68   memcpya.o
        36          0          0          0          0        108   memseta.o
      2218         90          0          0          0        464   printfa.o
         0          0          0          4          0          0   stdout.o
        44          0          0          0          0         80   uidiv.o
        98          0          0          0          0         92   uldiv.o
        48          0          0          0          0         68   cdrcmple.o
        56          0          0          0          0         88   d2f.o
       334          0          0          0          0        148   dadd.o
       222          0          0          0          0        100   ddiv.o
       186          0          0          0          0        176   depilogue.o
        48          0          0          0          0         68   dfixul.o
        34          0          0          0          0         76   dflti.o
       228          0          0          0          0         96   dmul.o
       162          0          0          0          0        100   dsqrt.o
        38          0          0          0          0         68   f2d.o
       110          0          0          0          0        168   fepilogue.o

    ----------------------------------------------------------------------
      5468        256          0          8          0       3636   Library Totals
         8          0          0          0          0          0   (incl. Padding)

    ----------------------------------------------------------------------

      Code (inc. data)   RO Data    RW Data    ZI Data      Debug   Library Name

      1250        144          0          0          0       1248   m_wm.l
      2744        112          0          8          0       1232   mc_w.l
      1466          0          0          0          0       1156   mf_w.l

    ----------------------------------------------------------------------
      5468        256          0          8          0       3636   Library Totals

    ----------------------------------------------------------------------

==============================================================================


      Code (inc. data)   RO Data    RW Data    ZI Data      Debug   

     46964       2770        780        624      31152    1269478   Grand Totals
     46964       2770        780        236      31152    1269478   ELF Image Totals (compressed)
     46964       2770        780        236          0          0   ROM Totals

==============================================================================

    Total RO  Size (Code + RO Data)                47744 (  46.63kB)
    Total RW  Size (RW Data + ZI Data)             31776 (  31.03kB)
    Total ROM Size (Code + RO Data + RW Data)      47980 (  46.86kB)

==============================================================================

