Component: ARM Compiler 5.06 update 7 (build 960) Tool: armlink [4d3601]

==============================================================================

Section Cross References

    startup_stm32f407xx.o(RESET) refers to startup_stm32f407xx.o(STACK) for __initial_sp
    startup_stm32f407xx.o(RESET) refers to startup_stm32f407xx.o(.text) for Reset_Handler
    startup_stm32f407xx.o(RESET) refers to stm32f4xx_it.o(i.NMI_Handler) for NMI_Handler
    startup_stm32f407xx.o(RESET) refers to stm32f4xx_it.o(i.HardFault_Handler) for HardFault_Handler
    startup_stm32f407xx.o(RESET) refers to stm32f4xx_it.o(i.MemManage_Handler) for MemManage_Handler
    startup_stm32f407xx.o(RESET) refers to stm32f4xx_it.o(i.BusFault_Handler) for BusFault_Handler
    startup_stm32f407xx.o(RESET) refers to stm32f4xx_it.o(i.UsageFault_Handler) for UsageFault_Handler
    startup_stm32f407xx.o(RESET) refers to port.o(.emb_text) for SVC_Handler
    startup_stm32f407xx.o(RESET) refers to stm32f4xx_it.o(i.DebugMon_Handler) for DebugMon_Handler
    startup_stm32f407xx.o(RESET) refers to cmsis_os2.o(i.SysTick_Handler) for SysTick_Handler
    startup_stm32f407xx.o(RESET) refers to stm32f4xx_it.o(i.EXTI3_IRQHandler) for EXTI3_IRQHandler
    startup_stm32f407xx.o(RESET) refers to stm32f4xx_it.o(i.DMA1_Stream1_IRQHandler) for DMA1_Stream1_IRQHandler
    startup_stm32f407xx.o(RESET) refers to stm32f4xx_it.o(i.USART3_IRQHandler) for USART3_IRQHandler
    startup_stm32f407xx.o(RESET) refers to stm32f4xx_it.o(i.TIM6_DAC_IRQHandler) for TIM6_DAC_IRQHandler
    startup_stm32f407xx.o(.text) refers to system_stm32f4xx.o(i.SystemInit) for SystemInit
    startup_stm32f407xx.o(.text) refers to entry.o(.ARM.Collect$$$$00000000) for __main
    main.o(i.HAL_TIM_PeriodElapsedCallback) refers to stm32f4xx_hal.o(i.HAL_IncTick) for HAL_IncTick
    main.o(i.SystemClock_Config) refers to memseta.o(.text) for __aeabi_memclr4
    main.o(i.SystemClock_Config) refers to stm32f4xx_hal_rcc.o(i.HAL_RCC_OscConfig) for HAL_RCC_OscConfig
    main.o(i.SystemClock_Config) refers to stm32f4xx_hal_rcc.o(i.HAL_RCC_ClockConfig) for HAL_RCC_ClockConfig
    main.o(i.main) refers to stm32f4xx_hal.o(i.HAL_Init) for HAL_Init
    main.o(i.main) refers to main.o(i.SystemClock_Config) for SystemClock_Config
    main.o(i.main) refers to gpio.o(i.MX_GPIO_Init) for MX_GPIO_Init
    main.o(i.main) refers to dma.o(i.MX_DMA_Init) for MX_DMA_Init
    main.o(i.main) refers to usart.o(i.MX_USART1_UART_Init) for MX_USART1_UART_Init
    main.o(i.main) refers to usart.o(i.MX_USART3_UART_Init) for MX_USART3_UART_Init
    main.o(i.main) refers to adc.o(i.MX_ADC1_Init) for MX_ADC1_Init
    main.o(i.main) refers to adc.o(i.MX_ADC3_Init) for MX_ADC3_Init
    main.o(i.main) refers to can.o(i.MX_CAN1_Init) for MX_CAN1_Init
    main.o(i.main) refers to usart.o(i.MX_USART6_UART_Init) for MX_USART6_UART_Init
    main.o(i.main) refers to i2c.o(i.MX_I2C3_Init) for MX_I2C3_Init
    main.o(i.main) refers to cmsis_os2.o(i.osKernelInitialize) for osKernelInitialize
    main.o(i.main) refers to freertos.o(i.MX_FREERTOS_Init) for MX_FREERTOS_Init
    main.o(i.main) refers to cmsis_os2.o(i.osKernelStart) for osKernelStart
    gpio.o(i.MX_GPIO_Init) refers to memseta.o(.text) for __aeabi_memclr4
    gpio.o(i.MX_GPIO_Init) refers to stm32f4xx_hal_gpio.o(i.HAL_GPIO_WritePin) for HAL_GPIO_WritePin
    gpio.o(i.MX_GPIO_Init) refers to stm32f4xx_hal_gpio.o(i.HAL_GPIO_Init) for HAL_GPIO_Init
    gpio.o(i.MX_GPIO_Init) refers to stm32f4xx_hal_cortex.o(i.HAL_NVIC_SetPriority) for HAL_NVIC_SetPriority
    gpio.o(i.MX_GPIO_Init) refers to stm32f4xx_hal_cortex.o(i.HAL_NVIC_EnableIRQ) for HAL_NVIC_EnableIRQ
    freertos.o(i.Led_Entry) refers to stm32f4xx_hal_gpio.o(i.HAL_GPIO_TogglePin) for HAL_GPIO_TogglePin
    freertos.o(i.Led_Entry) refers to cmsis_os2.o(i.osDelay) for osDelay
    freertos.o(i.MX_FREERTOS_Init) refers to segger_sysview_config_freertos.o(i.SEGGER_SYSVIEW_Conf) for SEGGER_SYSVIEW_Conf
    freertos.o(i.MX_FREERTOS_Init) refers to cmsis_os2.o(i.osThreadNew) for osThreadNew
    freertos.o(i.MX_FREERTOS_Init) refers to freertos.o(.constdata) for .constdata
    freertos.o(i.MX_FREERTOS_Init) refers to freertos.o(i.Led_Entry) for Led_Entry
    freertos.o(i.MX_FREERTOS_Init) refers to freertos.o(.data) for .data
    freertos.o(i.MX_FREERTOS_Init) refers to task_index.o(i.Index_Entry) for Index_Entry
    freertos.o(i.MX_FREERTOS_Init) refers to task_mixer.o(i.Mixer_Entry) for Mixer_Entry
    freertos.o(.constdata) refers to freertos.o(.conststring) for .conststring
    adc.o(i.HAL_ADC_MspDeInit) refers to stm32f4xx_hal_gpio.o(i.HAL_GPIO_DeInit) for HAL_GPIO_DeInit
    adc.o(i.HAL_ADC_MspInit) refers to memseta.o(.text) for __aeabi_memclr4
    adc.o(i.HAL_ADC_MspInit) refers to stm32f4xx_hal_gpio.o(i.HAL_GPIO_Init) for HAL_GPIO_Init
    adc.o(i.MX_ADC1_Init) refers to stm32f4xx_hal_adc.o(i.HAL_ADC_Init) for HAL_ADC_Init
    adc.o(i.MX_ADC1_Init) refers to main.o(i.Error_Handler) for Error_Handler
[...]
    prvCopyDataToQueue                       0x08003cfb   Thumb Code   108  queue.o(i.prvCopyDataToQueue)
    i.prvDeleteTCB                           0x08003d66   Section        0  tasks.o(i.prvDeleteTCB)
    prvDeleteTCB                             0x08003d67   Thumb Code    52  tasks.o(i.prvDeleteTCB)
    i.prvHeapInit                            0x08003d9c   Section        0  heap_4.o(i.prvHeapInit)
    prvHeapInit                              0x08003d9d   Thumb Code    66  heap_4.o(i.prvHeapInit)
    i.prvIdleTask                            0x08003de8   Section        0  tasks.o(i.prvIdleTask)
    prvIdleTask                              0x08003de9   Thumb Code    82  tasks.o(i.prvIdleTask)
    i.prvInitialiseNewQueue                  0x08003e48   Section        0  queue.o(i.prvInitialiseNewQueue)
    prvInitialiseNewQueue                    0x08003e49   Thumb Code    52  queue.o(i.prvInitialiseNewQueue)
    i.prvInitialiseNewTask                   0x08003e7c   Section        0  tasks.o(i.prvInitialiseNewTask)
    prvInitialiseNewTask                     0x08003e7d   Thumb Code   176  tasks.o(i.prvInitialiseNewTask)
    i.prvInsertBlockIntoFreeList             0x08003f2c   Section        0  heap_4.o(i.prvInsertBlockIntoFreeList)
    prvInsertBlockIntoFreeList               0x08003f2d   Thumb Code    72  heap_4.o(i.prvInsertBlockIntoFreeList)
    i.prvInsertTimerInActiveList             0x08003f78   Section        0  timers.o(i.prvInsertTimerInActiveList)
    prvInsertTimerInActiveList               0x08003f79   Thumb Code    52  timers.o(i.prvInsertTimerInActiveList)
    i.prvIsQueueEmpty                        0x08003fb0   Section        0  queue.o(i.prvIsQueueEmpty)
    prvIsQueueEmpty                          0x08003fb1   Thumb Code    28  queue.o(i.prvIsQueueEmpty)
    i.prvProcessReceivedCommands             0x08003fcc   Section        0  timers.o(i.prvProcessReceivedCommands)
    prvProcessReceivedCommands               0x08003fcd   Thumb Code   248  timers.o(i.prvProcessReceivedCommands)
    i.prvProcessTimerOrBlockTask             0x080040c8   Section        0  timers.o(i.prvProcessTimerOrBlockTask)
    prvProcessTimerOrBlockTask               0x080040c9   Thumb Code   182  timers.o(i.prvProcessTimerOrBlockTask)
    i.prvResetNextTaskUnblockTime            0x08004188   Section        0  tasks.o(i.prvResetNextTaskUnblockTime)
    prvResetNextTaskUnblockTime              0x08004189   Thumb Code    26  tasks.o(i.prvResetNextTaskUnblockTime)
    i.prvSampleTimeNow                       0x080041a8   Section        0  timers.o(i.prvSampleTimeNow)
    prvSampleTimeNow                         0x080041a9   Thumb Code    36  timers.o(i.prvSampleTimeNow)
    i.prvSwitchTimerLists                    0x080041d0   Section        0  timers.o(i.prvSwitchTimerLists)
    prvSwitchTimerLists                      0x080041d1   Thumb Code   104  timers.o(i.prvSwitchTimerLists)
    i.prvTaskCheckFreeStackSpace             0x0800423c   Section        0  tasks.o(i.prvTaskCheckFreeStackSpace)
    prvTaskCheckFreeStackSpace               0x0800423d   Thumb Code    20  tasks.o(i.prvTaskCheckFreeStackSpace)
    i.prvTaskExitError                       0x08004250   Section        0  port.o(i.prvTaskExitError)
    prvTaskExitError                         0x08004251   Thumb Code    36  port.o(i.prvTaskExitError)
    i.prvTimerTask                           0x08004278   Section        0  timers.o(i.prvTimerTask)
    prvTimerTask                             0x08004279   Thumb Code    32  timers.o(i.prvTimerTask)
    i.prvUnlockQueue                         0x0800429c   Section        0  queue.o(i.prvUnlockQueue)
    prvUnlockQueue                           0x0800429d   Thumb Code   106  queue.o(i.prvUnlockQueue)
    i.pvPortMalloc                           0x08004308   Section        0  heap_4.o(i.pvPortMalloc)
    i.pxPortInitialiseStack                  0x080043e4   Section        0  port.o(i.pxPortInitialiseStack)
    i.uxListRemove                           0x08004410   Section        0  list.o(i.uxListRemove)
    i.uxTaskGetStackHighWaterMark            0x08004438   Section        0  tasks.o(i.uxTaskGetStackHighWaterMark)
    i.vApplicationGetIdleTaskMemory          0x08004448   Section        0  cmsis_os2.o(i.vApplicationGetIdleTaskMemory)
    i.vApplicationGetTimerTaskMemory         0x0800445c   Section        0  cmsis_os2.o(i.vApplicationGetTimerTaskMemory)
    i.vListInitialise                        0x08004474   Section        0  list.o(i.vListInitialise)
    i.vListInitialiseItem                    0x0800448a   Section        0  list.o(i.vListInitialiseItem)
    i.vListInsert                            0x08004490   Section        0  list.o(i.vListInsert)
    i.vListInsertEnd                         0x080044c0   Section        0  list.o(i.vListInsertEnd)
    i.vPortEnterCritical                     0x080044d8   Section        0  port.o(i.vPortEnterCritical)
    i.vPortExitCritical                      0x08004518   Section        0  port.o(i.vPortExitCritical)
    i.vPortFree                              0x08004540   Section        0  heap_4.o(i.vPortFree)
    i.vPortSetupTimerInterrupt               0x080045a4   Section        0  port.o(i.vPortSetupTimerInterrupt)
    i.vPortValidateInterruptPriority         0x080045c8   Section        0  port.o(i.vPortValidateInterruptPriority)
    i.vQueueAddToRegistry                    0x0800461c   Section        0  queue.o(i.vQueueAddToRegistry)
    i.vQueueWaitForMessageRestricted         0x08004654   Section        0  queue.o(i.vQueueWaitForMessageRestricted)
    i.vTaskDelay                             0x08004698   Section        0  tasks.o(i.vTaskDelay)
    i.vTaskInternalSetTimeOutState           0x080046ec   Section        0  tasks.o(i.vTaskInternalSetTimeOutState)
    i.vTaskMissedYield                       0x080046fc   Section        0  tasks.o(i.vTaskMissedYield)
    i.vTaskPlaceOnEventList                  0x08004708   Section        0  tasks.o(i.vTaskPlaceOnEventList)
    i.vTaskPlaceOnEventListRestricted        0x08004738   Section        0  tasks.o(i.vTaskPlaceOnEventListRestricted)
    i.vTaskStartScheduler                    0x08004778   Section        0  tasks.o(i.vTaskStartScheduler)
    i.vTaskSuspendAll                        0x08004818   Section        0  tasks.o(i.vTaskSuspendAll)
    i.vTaskSwitchContext                     0x08004828   Section        0  tasks.o(i.vTaskSwitchContext)
    i.xPortStartScheduler                    0x080048b0   Section        0  port.o(i.xPortStartScheduler)
    i.xPortSysTickHandler                    0x080049a4   Section        0  port.o(i.xPortSysTickHandler)
    i.xQueueGenericCreateStatic              0x080049d0   Section        0  queue.o(i.xQueueGenericCreateStatic)
    i.xQueueGenericReset                     0x08004a38   Section        0  queue.o(i.xQueueGenericReset)
    i.xQueueGenericSend                      0x08004ac0   Section        0  queue.o(i.xQueueGenericSend)
    i.xQueueGenericSendFromISR               0x08004c48   Section        0  queue.o(i.xQueueGenericSendFromISR)
    i.xQueueReceive                          0x08004d28   Section        0  queue.o(i.xQueueReceive)
    i.xTaskCheckForTimeOut                   0x08004e9c   Section        0  tasks.o(i.xTaskCheckForTimeOut)
    i.xTaskCreate                            0x08004f10   Section        0  tasks.o(i.xTaskCreate)
    i.xTaskCreateStatic                      0x08004f6a   Section        0  tasks.o(i.xTaskCreateStatic)
    i.xTaskGetSchedulerState                 0x08004fc0   Section        0  tasks.o(i.xTaskGetSchedulerState)
    i.xTaskGetTickCount                      0x08004fdc   Section        0  tasks.o(i.xTaskGetTickCount)
    i.xTaskGetTickCountFromISR               0x08004fe8   Section        0  tasks.o(i.xTaskGetTickCountFromISR)
    i.xTaskIncrementTick                     0x08004ff8   Section        0  tasks.o(i.xTaskIncrementTick)
    i.xTaskPriorityDisinherit                0x080050c8   Section        0  tasks.o(i.xTaskPriorityDisinherit)
    i.xTaskRemoveFromEventList               0x08005154   Section        0  tasks.o(i.xTaskRemoveFromEventList)
    i.xTaskResumeAll                         0x080051c8   Section        0  tasks.o(i.xTaskResumeAll)
    i.xTimerCreateTimerTask                  0x08005290   Section        0  timers.o(i.xTimerCreateTimerTask)
    i.xTimerGenericCommand                   0x080052f0   Section        0  timers.o(i.xTimerGenericCommand)
    .constdata                               0x08005358   Section      108  freertos.o(.constdata)
    .constdata                               0x080053c4   Section       17  segger_rtt.o(.constdata)
    _aInitStr                                0x080053c4   Data          17  segger_rtt.o(.constdata)
    .constdata                               0x080053d5   Section       26  segger_sysview.o(.constdata)
    _abSync                                  0x080053d5   Data          10  segger_sysview.o(.constdata)
    _aV2C                                    0x080053df   Data          16  segger_sysview.o(.constdata)
    .constdata                               0x080053f0   Section        8  segger_sysview_freertos.o(.constdata)
    .constdata                               0x080053f8   Section        8  stm32f4xx_hal_dma.o(.constdata)
    flagBitshiftOffset                       0x080053f8   Data           8  stm32f4xx_hal_dma.o(.constdata)
    .constdata                               0x08005400   Section       16  system_stm32f4xx.o(.constdata)
    .constdata                               0x08005410   Section        8  system_stm32f4xx.o(.constdata)
    .conststring                             0x08005418   Section       18  freertos.o(.conststring)
    .conststring                             0x0800542c   Section       80  segger_sysview_freertos.o(.conststring)
    .data                                    0x20000000   Section       12  freertos.o(.data)
    .data                                    0x2000000c   Section        1  prot_sbus.o(.data)
    .data                                    0x20000010   Section       60  tasks.o(.data)
    uxDeletedTasksWaitingCleanUp             0x20000014   Data           4  tasks.o(.data)
    uxCurrentNumberOfTasks                   0x20000018   Data           4  tasks.o(.data)
    xTickCount                               0x2000001c   Data           4  tasks.o(.data)
    uxTopReadyPriority                       0x20000020   Data           4  tasks.o(.data)
    xSchedulerRunning                        0x20000024   Data           4  tasks.o(.data)
    xPendedTicks                             0x20000028   Data           4  tasks.o(.data)
    xYieldPending                            0x2000002c   Data           4  tasks.o(.data)
    xNumOfOverflows                          0x20000030   Data           4  tasks.o(.data)
    uxTaskNumber                             0x20000034   Data           4  tasks.o(.data)
    xNextTaskUnblockTime                     0x20000038   Data           4  tasks.o(.data)
    xIdleTaskHandle                          0x2000003c   Data           4  tasks.o(.data)
    uxSchedulerSuspended                     0x20000040   Data           4  tasks.o(.data)
    pxDelayedTaskList                        0x20000044   Data           4  tasks.o(.data)
    pxOverflowDelayedTaskList                0x20000048   Data           4  tasks.o(.data)
    .data                                    0x2000004c   Section       20  timers.o(.data)
    xTimerQueue                              0x2000004c   Data           4  timers.o(.data)
    xTimerTaskHandle                         0x20000050   Data           4  timers.o(.data)
    xLastTime                                0x20000054   Data           4  timers.o(.data)
    pxCurrentTimerList                       0x20000058   Data           4  timers.o(.data)
    pxOverflowTimerList                      0x2000005c   Data           4  timers.o(.data)
    .data                                    0x20000060   Section        4  cmsis_os2.o(.data)
    KernelState                              0x20000060   Data           4  cmsis_os2.o(.data)
    .data                                    0x20000064   Section       32  heap_4.o(.data)
    pxEnd                                    0x20000064   Data           4  heap_4.o(.data)
    xFreeBytesRemaining                      0x20000068   Data           4  heap_4.o(.data)
    xMinimumEverFreeBytesRemaining           0x2000006c   Data           4  heap_4.o(.data)
    xNumberOfSuccessfulAllocations           0x20000070   Data           4  heap_4.o(.data)
    xNumberOfSuccessfulFrees                 0x20000074   Data           4  heap_4.o(.data)
    xBlockAllocatedBit                       0x20000078   Data           4  heap_4.o(.data)
    xStart                                   0x2000007c   Data           8  heap_4.o(.data)
    .data                                    0x20000084   Section       12  port.o(.data)
    ucMaxSysCallPriority                     0x20000084   Data           1  port.o(.data)
    uxCriticalNesting                        0x20000088   Data           4  port.o(.data)
    ulMaxPRIGROUPValue                       0x2000008c   Data           4  port.o(.data)
    .data                                    0x20000090   Section       16  segger_sysview.o(.data)
    _NumModules                              0x20000090   Data           1  segger_sysview.o(.data)
    _pFirstModule                            0x20000094   Data           4  segger_sysview.o(.data)
    _DownBuffer                              0x20000098   Data           8  segger_sysview.o(.data)
    .data                                    0x200000a0   Section        4  segger_sysview_freertos.o(.data)
    _NumTasks                                0x200000a0   Data           4  segger_sysview_freertos.o(.data)
    .data                                    0x200000a4   Section       12  stm32f4xx_hal.o(.data)
    .data                                    0x200000b0   Section        4  system_stm32f4xx.o(.data)
    .data                                    0x200000b4   Section        4  stdout.o(.data)
    .bss                                     0x200000b8   Section      144  adc.o(.bss)
    .bss                                     0x20000148   Section       40  can.o(.bss)
    .bss                                     0x20000170   Section       84  i2c.o(.bss)
    .bss                                     0x200001c4   Section      312  usart.o(.bss)
    .bss                                     0x200002fc   Section       72  stm32f4xx_hal_timebase_tim.o(.bss)
    .bss                                     0x20000344   Section      108  prot_sbus.o(.bss)
    .bss                                     0x200003b0   Section       64  queue.o(.bss)
    .bss                                     0x200003f0   Section     1220  tasks.o(.bss)
    pxReadyTasksLists                        0x200003f0   Data        1120  tasks.o(.bss)
    xDelayedTaskList1                        0x20000850   Data          20  tasks.o(.bss)
    xDelayedTaskList2                        0x20000864   Data          20  tasks.o(.bss)
    xPendingReadyList                        0x20000878   Data          20  tasks.o(.bss)
    xTasksWaitingTermination                 0x2000088c   Data          20  tasks.o(.bss)
    xSuspendedTaskList                       0x200008a0   Data          20  tasks.o(.bss)
    .bss                                     0x200008b4   Section      280  timers.o(.bss)
    xStaticTimerQueue                        0x200008b4   Data          80  timers.o(.bss)
    ucStaticTimerQueueStorage                0x20000904   Data         160  timers.o(.bss)
    xActiveTimerList1                        0x200009a4   Data          20  timers.o(.bss)
    xActiveTimerList2                        0x200009b8   Data          20  timers.o(.bss)
    .bss                                     0x200009cc   Section     1720  cmsis_os2.o(.bss)
    Idle_TCB                                 0x200009cc   Data          92  cmsis_os2.o(.bss)
    Idle_Stack                               0x20000a28   Data         512  cmsis_os2.o(.bss)
    Timer_TCB                                0x20000c28   Data          92  cmsis_os2.o(.bss)
    Timer_Stack                              0x20000c84   Data        1024  cmsis_os2.o(.bss)
    .bss                                     0x20001084   Section    15360  heap_4.o(.bss)
    ucHeap                                   0x20001084   Data       15360  heap_4.o(.bss)
    .bss                                     0x20004c84   Section     1208  segger_rtt.o(.bss)
    _acUpBuffer                              0x20004d2c   Data        1024  segger_rtt.o(.bss)
    _acDownBuffer                            0x2000512c   Data          16  segger_rtt.o(.bss)
    .bss                                     0x2000513c   Section     1291  segger_sysview.o(.bss)
    _UpBuffer                                0x2000513c   Data        1024  segger_sysview.o(.bss)
    _SYSVIEW_Globals                         0x2000553c   Data          40  segger_sysview.o(.bss)
    _aPacket                                 0x20005564   Data         227  segger_sysview.o(.bss)
    .bss                                     0x20005648   Section      160  segger_sysview_freertos.o(.bss)
    _aTasks                                  0x20005648   Data         160  segger_sysview_freertos.o(.bss)
    STACK                                    0x200056e8   Section     1024  startup_stm32f407xx.o(STACK)

    Global Symbols

    Symbol Name                              Value     Ov Type        Size  Object(Section)

    BuildAttributes$$THM_ISAv4$E$P$D$K$B$S$7EM$VFPi3$EXTD16$VFPS$VFMA$PE$A:L22UL41UL21$X:L11$S22US41US21$IEEE1$IW$USESV6$~STKCKD$USESV7$~SHL$OSPACE$ROPI$EBA8$MICROLIB$REQ8$PRES8$EABIv2 0x00000000   Number         0  anon$$obj.o ABSOLUTE
    __ARM_use_no_argv                        0x00000000   Number         0  main.o ABSOLUTE
    _printf_a                                0x00000000   Number         0  stubs.o ABSOLUTE
    _printf_c                                0x00000000   Number         0  stubs.o ABSOLUTE
    _printf_charcount                        0x00000000   Number         0  stubs.o ABSOLUTE
    _printf_d                                0x00000000   Number         0  stubs.o ABSOLUTE
    _printf_e                                0x00000000   Number         0  stubs.o ABSOLUTE
    _printf_f                                0x00000000   Number         0  stubs.o ABSOLUTE
    _printf_flags                            0x00000000   Number         0  stubs.o ABSOLUTE
    _printf_fp_dec                           0x00000000   Number         0  stubs.o ABSOLUTE
    _printf_fp_hex                           0x00000000   Number         0  stubs.o ABSOLUTE
    _printf_g                                0x00000000   Number         0  stubs.o ABSOLUTE
    _printf_i                                0x00000000   Number         0  stubs.o ABSOLUTE
    _printf_int_dec                          0x00000000   Number         0  stubs.o ABSOLUTE
    _printf_l                                0x00000000   Number         0  stubs.o ABSOLUTE
    _printf_lc                               0x00000000   Number         0  stubs.o ABSOLUTE
    _printf_ll                               0x00000000   Number         0  stubs.o ABSOLUTE
    _printf_lld                              0x00000000   Number         0  stubs.o ABSOLUTE
    _printf_lli                              0x00000000   Number         0  stubs.o ABSOLUTE
    _printf_llo                              0x00000000   Number         0  stubs.o ABSOLUTE
    _printf_llu                              0x00000000   Number         0  stubs.o ABSOLUTE
    _printf_llx                              0x00000000   Number         0  stubs.o ABSOLUTE
    _printf_longlong_dec                     0x00000000   Number         0  stubs.o ABSOLUTE
    _printf_longlong_hex                     0x00000000   Number         0  stubs.o ABSOLUTE
    _printf_longlong_oct                     0x00000000   Number         0  stubs.o ABSOLUTE
    _printf_ls                               0x00000000   Number         0  stubs.o ABSOLUTE
    _printf_mbtowc                           0x00000000   Number         0  stubs.o ABSOLUTE
    _printf_n                                0x00000000   Number         0  stubs.o ABSOLUTE
    _printf_o                                0x00000000   Number         0  stubs.o ABSOLUTE
    _printf_p                                0x00000000   Number         0  stubs.o ABSOLUTE
    _printf_percent                          0x00000000   Number         0  stubs.o ABSOLUTE
    _printf_pre_padding                      0x00000000   Number         0  stubs.o ABSOLUTE
    _printf_return_value                     0x00000000   Number         0  stubs.o ABSOLUTE
    _printf_s                                0x00000000   Number         0  stubs.o ABSOLUTE
    _printf_sizespec                         0x00000000   Number         0  stubs.o ABSOLUTE
    _printf_str                              0x00000000   Number         0  stubs.o ABSOLUTE
    _printf_truncate_signed                  0x00000000   Number         0  stubs.o ABSOLUTE
    _printf_truncate_unsigned                0x00000000   Number         0  stubs.o ABSOLUTE
    _printf_u                                0x00000000   Number         0  stubs.o ABSOLUTE
    _printf_wc                               0x00000000   Number         0  stubs.o ABSOLUTE
    _printf_wctomb                           0x00000000   Number         0  stubs.o ABSOLUTE
    _printf_widthprec                        0x00000000   Number         0  stubs.o ABSOLUTE
    _printf_x                                0x00000000   Number         0  stubs.o ABSOLUTE
    __arm_fini_                               - Undefined Weak Reference
    __cpp_initialize__aeabi_                  - Undefined Weak Reference
    __cxa_finalize                            - Undefined Weak Reference
    __decompress                              - Undefined Weak Reference
    _clock_init                               - Undefined Weak Reference
    _microlib_exit                            - Undefined Weak Reference
    __Vectors_Size                           0x00000188   Number         0  startup_stm32f407xx.o ABSOLUTE
    __Vectors                                0x08000000   Data           4  startup_stm32f407xx.o(RESET)
    __Vectors_End                            0x08000188   Data           0  startup_stm32f407xx.o(RESET)
    __main                                   0x08000189   Thumb Code     0  entry.o(.ARM.Collect$$$$00000000)
    _main_stk                                0x08000189   Thumb Code     0  entry2.o(.ARM.Collect$$$$00000001)
    _main_scatterload                        0x0800018d   Thumb Code     0  entry5.o(.ARM.Collect$$$$00000004)
    __main_after_scatterload                 0x08000191   Thumb Code     0  entry5.o(.ARM.Collect$$$$00000004)
    _main_clock                              0x08000191   Thumb Code     0  entry7b.o(.ARM.Collect$$$$00000008)
    _main_cpp_init                           0x08000191   Thumb Code     0  entry8b.o(.ARM.Collect$$$$0000000A)
    _main_init                               0x08000191   Thumb Code     0  entry9a.o(.ARM.Collect$$$$0000000B)
    __rt_lib_shutdown_fini                   0x08000199   Thumb Code     0  entry12b.o(.ARM.Collect$$$$0000000E)
    __rt_final_cpp                           0x0800019d   Thumb Code     0  entry10a.o(.ARM.Collect$$$$0000000F)
    __rt_final_exit                          0x0800019d   Thumb Code     0  entry11a.o(.ARM.Collect$$$$00000011)
    SVC_Handler                              0x080001a1   Thumb Code    28  port.o(.emb_text)
    __asm___6_port_c_39a90d8d__prvStartFirstTask 0x080001c1   Thumb Code    36  port.o(.emb_text)
    __asm___6_port_c_39a90d8d__prvEnableVFP  0x080001e9   Thumb Code    16  port.o(.emb_text)
    PendSV_Handler                           0x080001fd   Thumb Code    88  port.o(.emb_text)
    vPortGetIPSR                             0x08000259   Thumb Code     6  port.o(.emb_text)
    Reset_Handler                            0x08000261   Thumb Code     8  startup_stm32f407xx.o(.text)
    ADC_IRQHandler                           0x0800027b   Thumb Code     0  startup_stm32f407xx.o(.text)
    CAN1_RX0_IRQHandler                      0x0800027b   Thumb Code     0  startup_stm32f407xx.o(.text)
    CAN1_RX1_IRQHandler                      0x0800027b   Thumb Code     0  startup_stm32f407xx.o(.text)
    CAN1_SCE_IRQHandler                      0x0800027b   Thumb Code     0  startup_stm32f407xx.o(.text)
    CAN1_TX_IRQHandler                       0x0800027b   Thumb Code     0  startup_stm32f407xx.o(.text)
    CAN2_RX0_IRQHandler                      0x0800027b   Thumb Code     0  startup_stm32f407xx.o(.text)
    CAN2_RX1_IRQHandler                      0x0800027b   Thumb Code     0  startup_stm32f407xx.o(.text)
    CAN2_SCE_IRQHandler                      0x0800027b   Thumb Code     0  startup_stm32f407xx.o(.text)
    CAN2_TX_IRQHandler                       0x0800027b   Thumb Code     0  startup_stm32f407xx.o(.text)
    DCMI_IRQHandler                          0x0800027b   Thumb Code     0  startup_stm32f407xx.o(.text)
    DMA1_Stream0_IRQHandler                  0x0800027b   Thumb Code     0  startup_stm32f407xx.o(.text)
    DMA1_Stream2_IRQHandler                  0x0800027b   Thumb Code     0  startup_stm32f407xx.o(.text)
    DMA1_Stream3_IRQHandler                  0x0800027b   Thumb Code     0  startup_stm32f407xx.o(.text)
    DMA1_Stream4_IRQHandler                  0x0800027b   Thumb Code     0  startup_stm32f407xx.o(.text)
    DMA1_Stream5_IRQHandler                  0x0800027b   Thumb Code     0  startup_stm32f407xx.o(.text)
    DMA1_Stream6_IRQHandler                  0x0800027b   Thumb Code     0  startup_stm32f407xx.o(.text)
    DMA1_Stream7_IRQHandler                  0x0800027b   Thumb Code     0  startup_stm32f407xx.o(.text)
    DMA2_Stream0_IRQHandler                  0x0800027b   Thumb Code     0  startup_stm32f407xx.o(.text)
    DMA2_Stream1_IRQHandler                  0x0800027b   Thumb Code     0  startup_stm32f407xx.o(.text)
    DMA2_Stream2_IRQHandler                  0x0800027b   Thumb Code     0  startup_stm32f407xx.o(.text)
    DMA2_Stream3_IRQHandler                  0x0800027b   Thumb Code     0  startup_stm32f407xx.o(.text)
    DMA2_Stream4_IRQHandler                  0x0800027b   Thumb Code     0  startup_stm32f407xx.o(.text)
    DMA2_Stream5_IRQHandler                  0x0800027b   Thumb Code     0  startup_stm32f407xx.o(.text)
    DMA2_Stream6_IRQHandler                  0x0800027b   Thumb Code     0  startup_stm32f407xx.o(.text)
    DMA2_Stream7_IRQHandler                  0x0800027b   Thumb Code     0  startup_stm32f407xx.o(.text)
    ETH_IRQHandler                           0x0800027b   Thumb Code     0  startup_stm32f407xx.o(.text)
    ETH_WKUP_IRQHandler                      0x0800027b   Thumb Code     0  startup_stm32f407xx.o(.text)
    EXTI0_IRQHandler                         0x0800027b   Thumb Code     0  startup_stm32f407xx.o(.text)
    EXTI15_10_IRQHandler                     0x0800027b   Thumb Code     0  startup_stm32f407xx.o(.text)
    EXTI1_IRQHandler                         0x0800027b   Thumb Code     0  startup_stm32f407xx.o(.text)
    EXTI2_IRQHandler                         0x0800027b   Thumb Code     0  startup_stm32f407xx.o(.text)
    EXTI4_IRQHandler                         0x0800027b   Thumb Code     0  startup_stm32f407xx.o(.text)
    EXTI9_5_IRQHandler                       0x0800027b   Thumb Code     0  startup_stm32f407xx.o(.text)
    FLASH_IRQHandler                         0x0800027b   Thumb Code     0  startup_stm32f407xx.o(.text)
    FMC_IRQHandler                           0x0800027b   Thumb Code     0  startup_stm32f407xx.o(.text)
    FPU_IRQHandler                           0x0800027b   Thumb Code     0  startup_stm32f407xx.o(.text)
    HASH_RNG_IRQHandler                      0x0800027b   Thumb Code     0  startup_stm32f407xx.o(.text)
    I2C1_ER_IRQHandler                       0x0800027b   Thumb Code     0  startup_stm32f407xx.o(.text)
    I2C1_EV_IRQHandler                       0x0800027b   Thumb Code     0  startup_stm32f407xx.o(.text)
    I2C2_ER_IRQHandler                       0x0800027b   Thumb Code     0  startup_stm32f407xx.o(.text)
    I2C2_EV_IRQHandler                       0x0800027b   Thumb Code     0  startup_stm32f407xx.o(.text)
    I2C3_ER_IRQHandler                       0x0800027b   Thumb Code     0  startup_stm32f407xx.o(.text)
    I2C3_EV_IRQHandler                       0x0800027b   Thumb Code     0  startup_stm32f407xx.o(.text)
    OTG_FS_IRQHandler                        0x0800027b   Thumb Code     0  startup_stm32f407xx.o(.text)
    OTG_FS_WKUP_IRQHandler                   0x0800027b   Thumb Code     0  startup_stm32f407xx.o(.text)
    OTG_HS_EP1_IN_IRQHandler                 0x0800027b   Thumb Code     0  startup_stm32f407xx.o(.text)
    OTG_HS_EP1_OUT_IRQHandler                0x0800027b   Thumb Code     0  startup_stm32f407xx.o(.text)
    OTG_HS_IRQHandler                        0x0800027b   Thumb Code     0  startup_stm32f407xx.o(.text)
    OTG_HS_WKUP_IRQHandler                   0x0800027b   Thumb Code     0  startup_stm32f407xx.o(.text)
    PVD_IRQHandler                           0x0800027b   Thumb Code     0  startup_stm32f407xx.o(.text)
    RCC_IRQHandler                           0x0800027b   Thumb Code     0  startup_stm32f407xx.o(.text)
    RTC_Alarm_IRQHandler                     0x0800027b   Thumb Code     0  startup_stm32f407xx.o(.text)
    RTC_WKUP_IRQHandler                      0x0800027b   Thumb Code     0  startup_stm32f407xx.o(.text)
    SDIO_IRQHandler                          0x0800027b   Thumb Code     0  startup_stm32f407xx.o(.text)
    SPI1_IRQHandler                          0x0800027b   Thumb Code     0  startup_stm32f407xx.o(.text)
    SPI2_IRQHandler                          0x0800027b   Thumb Code     0  startup_stm32f407xx.o(.text)
    SPI3_IRQHandler                          0x0800027b   Thumb Code     0  startup_stm32f407xx.o(.text)
    TAMP_STAMP_IRQHandler                    0x0800027b   Thumb Code     0  startup_stm32f407xx.o(.text)
    TIM1_BRK_TIM9_IRQHandler                 0x0800027b   Thumb Code     0  startup_stm32f407xx.o(.text)
    TIM1_CC_IRQHandler                       0x0800027b   Thumb Code     0  startup_stm32f407xx.o(.text)
    TIM1_TRG_COM_TIM11_IRQHandler            0x0800027b   Thumb Code     0  startup_stm32f407xx.o(.text)
    TIM1_UP_TIM10_IRQHandler                 0x0800027b   Thumb Code     0  startup_stm32f407xx.o(.text)
    TIM2_IRQHandler                          0x0800027b   Thumb Code     0  startup_stm32f407xx.o(.text)
    TIM3_IRQHandler                          0x0800027b   Thumb Code     0  startup_stm32f407xx.o(.text)
    TIM4_IRQHandler                          0x0800027b   Thumb Code     0  startup_stm32f407xx.o(.text)
    TIM5_IRQHandler                          0x0800027b   Thumb Code     0  startup_stm32f407xx.o(.text)
    TIM7_IRQHandler                          0x0800027b   Thumb Code     0  startup_stm32f407xx.o(.text)
    TIM8_BRK_TIM12_IRQHandler                0x0800027b   Thumb Code     0  startup_stm32f407xx.o(.text)
    TIM8_CC_IRQHandler                       0x0800027b   Thumb Code     0  startup_stm32f407xx.o(.text)
    TIM8_TRG_COM_TIM14_IRQHandler            0x0800027b   Thumb Code     0  startup_stm32f407xx.o(.text)
    TIM8_UP_TIM13_IRQHandler                 0x0800027b   Thumb Code     0  startup_stm32f407xx.o(.text)
    UART4_IRQHandler                         0x0800027b   Thumb Code     0  startup_stm32f407xx.o(.text)
    UART5_IRQHandler                         0x0800027b   Thumb Code     0  startup_stm32f407xx.o(.text)
    USART1_IRQHandler                        0x0800027b   Thumb Code     0  startup_stm32f407xx.o(.text)
    USART2_IRQHandler                        0x0800027b   Thumb Code     0  startup_stm32f407xx.o(.text)
    USART6_IRQHandler                        0x0800027b   Thumb Code     0  startup_stm32f407xx.o(.text)
    WWDG_IRQHandler                          0x0800027b   Thumb Code     0  startup_stm32f407xx.o(.text)
    __aeabi_uldivmod                         0x08000285   Thumb Code    98  uldiv.o(.text)
    __aeabi_memcpy                           0x080002e7   Thumb Code    36  memcpya.o(.text)
    __aeabi_memcpy4                          0x080002e7   Thumb Code     0  memcpya.o(.text)
    __aeabi_memcpy8                          0x080002e7   Thumb Code     0  memcpya.o(.text)
    __aeabi_memset                           0x0800030b   Thumb Code    14  memseta.o(.text)
    __aeabi_memset4                          0x0800030b   Thumb Code     0  memseta.o(.text)
    __aeabi_memset8                          0x0800030b   Thumb Code     0  memseta.o(.text)
    __aeabi_memclr                           0x08000319   Thumb Code     4  memseta.o(.text)
    __aeabi_memclr4                          0x08000319   Thumb Code     0  memseta.o(.text)
    __aeabi_memclr8                          0x08000319   Thumb Code     0  memseta.o(.text)
    memset                                   0x0800031d   Thumb Code    18  memseta.o(.text)
    memcmp                                   0x0800032f   Thumb Code    26  memcmp.o(.text)
    __aeabi_uidiv                            0x08000349   Thumb Code     0  uidiv.o(.text)
    __aeabi_uidivmod                         0x08000349   Thumb Code    44  uidiv.o(.text)
    __aeabi_llsl                             0x08000375   Thumb Code    30  llshl.o(.text)
    _ll_shift_l                              0x08000375   Thumb Code     0  llshl.o(.text)
    __aeabi_llsr                             0x08000393   Thumb Code    32  llushr.o(.text)
    _ll_ushift_r                             0x08000393   Thumb Code     0  llushr.o(.text)
    __scatterload                            0x080003b5   Thumb Code    28  init.o(.text)
    __scatterload_rt2                        0x080003b5   Thumb Code     0  init.o(.text)
    BusFault_Handler                         0x08000501   Thumb Code     2  stm32f4xx_it.o(i.BusFault_Handler)
    DMA1_Stream1_IRQHandler                  0x08000505   Thumb Code     6  stm32f4xx_it.o(i.DMA1_Stream1_IRQHandler)
    DebugMon_Handler                         0x080005b5   Thumb Code     2  stm32f4xx_it.o(i.DebugMon_Handler)
    EXTI3_IRQHandler                         0x080005b7   Thumb Code     6  stm32f4xx_it.o(i.EXTI3_IRQHandler)
    Error_Handler                            0x080005bd   Thumb Code     4  main.o(i.Error_Handler)
    HAL_ADC_ConfigChannel                    0x080005c1   Thumb Code   316  stm32f4xx_hal_adc.o(i.HAL_ADC_ConfigChannel)
    HAL_ADC_Init                             0x0800070d   Thumb Code    84  stm32f4xx_hal_adc.o(i.HAL_ADC_Init)
    HAL_ADC_MspInit                          0x08000761   Thumb Code   108  adc.o(i.HAL_ADC_MspInit)
    HAL_CAN_Init                             0x080007dd   Thumb Code   282  stm32f4xx_hal_can.o(i.HAL_CAN_Init)
    HAL_CAN_MspInit                          0x080008f9   Thumb Code    90  can.o(i.HAL_CAN_MspInit)
    HAL_DMA_Abort                            0x08000961   Thumb Code   146  stm32f4xx_hal_dma.o(i.HAL_DMA_Abort)
    HAL_DMA_Abort_IT                         0x080009f3   Thumb Code    36  stm32f4xx_hal_dma.o(i.HAL_DMA_Abort_IT)
    HAL_DMA_IRQHandler                       0x08000a19   Thumb Code   412  stm32f4xx_hal_dma.o(i.HAL_DMA_IRQHandler)
    HAL_DMA_Init                             0x08000bb9   Thumb Code   206  stm32f4xx_hal_dma.o(i.HAL_DMA_Init)
    HAL_DMA_Start_IT                         0x08000c8d   Thumb Code   110  stm32f4xx_hal_dma.o(i.HAL_DMA_Start_IT)
    HAL_GPIO_EXTI_Callback                   0x08000cfb   Thumb Code     2  stm32f4xx_hal_gpio.o(i.HAL_GPIO_EXTI_Callback)
    HAL_GPIO_EXTI_IRQHandler                 0x08000cfd   Thumb Code    18  stm32f4xx_hal_gpio.o(i.HAL_GPIO_EXTI_IRQHandler)
    HAL_GPIO_Init                            0x08000d15   Thumb Code   450  stm32f4xx_hal_gpio.o(i.HAL_GPIO_Init)
    HAL_GPIO_TogglePin                       0x08000f05   Thumb Code    16  stm32f4xx_hal_gpio.o(i.HAL_GPIO_TogglePin)
    HAL_GPIO_WritePin                        0x08000f15   Thumb Code    10  stm32f4xx_hal_gpio.o(i.HAL_GPIO_WritePin)
    HAL_GetTick                              0x08000f21   Thumb Code     6  stm32f4xx_hal.o(i.HAL_GetTick)
    HAL_I2C_Init                             0x08000f2d   Thumb Code   376  stm32f4xx_hal_i2c.o(i.HAL_I2C_Init)
    HAL_I2C_MspInit                          0x080010b5   Thumb Code   118  i2c.o(i.HAL_I2C_MspInit)
    HAL_IncTick                              0x0800113d   Thumb Code    12  stm32f4xx_hal.o(i.HAL_IncTick)
    HAL_Init                                 0x0800114d   Thumb Code    48  stm32f4xx_hal.o(i.HAL_Init)
    HAL_InitTick                             0x08001181   Thumb Code   132  stm32f4xx_hal_timebase_tim.o(i.HAL_InitTick)
    HAL_MspInit                              0x08001219   Thumb Code    52  stm32f4xx_hal_msp.o(i.HAL_MspInit)
    HAL_NVIC_EnableIRQ                       0x08001251   Thumb Code    26  stm32f4xx_hal_cortex.o(i.HAL_NVIC_EnableIRQ)
    HAL_NVIC_SetPriority                     0x0800126d   Thumb Code    60  stm32f4xx_hal_cortex.o(i.HAL_NVIC_SetPriority)
    HAL_NVIC_SetPriorityGrouping             0x080012ad   Thumb Code    26  stm32f4xx_hal_cortex.o(i.HAL_NVIC_SetPriorityGrouping)
    HAL_RCC_ClockConfig                      0x080012d1   Thumb Code   288  stm32f4xx_hal_rcc.o(i.HAL_RCC_ClockConfig)
    HAL_RCC_GetClockConfig                   0x08001405   Thumb Code    54  stm32f4xx_hal_rcc.o(i.HAL_RCC_GetClockConfig)
    HAL_RCC_GetPCLK1Freq                     0x08001445   Thumb Code    20  stm32f4xx_hal_rcc.o(i.HAL_RCC_GetPCLK1Freq)
    HAL_RCC_GetPCLK2Freq                     0x08001465   Thumb Code    20  stm32f4xx_hal_rcc.o(i.HAL_RCC_GetPCLK2Freq)
    HAL_RCC_GetSysClockFreq                  0x08001485   Thumb Code    88  stm32f4xx_hal_rcc.o(i.HAL_RCC_GetSysClockFreq)
    HAL_RCC_OscConfig                        0x080014e9   Thumb Code   856  stm32f4xx_hal_rcc.o(i.HAL_RCC_OscConfig)
    HAL_TIMEx_BreakCallback                  0x08001855   Thumb Code     2  stm32f4xx_hal_tim_ex.o(i.HAL_TIMEx_BreakCallback)
    HAL_TIMEx_CommutCallback                 0x08001857   Thumb Code     2  stm32f4xx_hal_tim_ex.o(i.HAL_TIMEx_CommutCallback)
    HAL_TIM_Base_Init                        0x08001859   Thumb Code    90  stm32f4xx_hal_tim.o(i.HAL_TIM_Base_Init)
    HAL_TIM_Base_MspInit                     0x080018b3   Thumb Code     2  stm32f4xx_hal_tim.o(i.HAL_TIM_Base_MspInit)
    HAL_TIM_Base_Start_IT                    0x080018b5   Thumb Code   100  stm32f4xx_hal_tim.o(i.HAL_TIM_Base_Start_IT)
    HAL_TIM_IC_CaptureCallback               0x08001935   Thumb Code     2  stm32f4xx_hal_tim.o(i.HAL_TIM_IC_CaptureCallback)
    HAL_TIM_IRQHandler                       0x08001937   Thumb Code   304  stm32f4xx_hal_tim.o(i.HAL_TIM_IRQHandler)
    HAL_TIM_OC_DelayElapsedCallback          0x08001a67   Thumb Code     2  stm32f4xx_hal_tim.o(i.HAL_TIM_OC_DelayElapsedCallback)
    HAL_TIM_PWM_PulseFinishedCallback        0x08001a69   Thumb Code     2  stm32f4xx_hal_tim.o(i.HAL_TIM_PWM_PulseFinishedCallback)
    HAL_TIM_PeriodElapsedCallback            0x08001a6d   Thumb Code    14  main.o(i.HAL_TIM_PeriodElapsedCallback)
    HAL_TIM_TriggerCallback                  0x08001a81   Thumb Code     2  stm32f4xx_hal_tim.o(i.HAL_TIM_TriggerCallback)
    HAL_UARTEx_RxEventCallback               0x08001a83   Thumb Code     2  stm32f4xx_hal_uart.o(i.HAL_UARTEx_RxEventCallback)
    HAL_UART_DMAStop                         0x08001a85   Thumb Code   112  stm32f4xx_hal_uart.o(i.HAL_UART_DMAStop)
    HAL_UART_ErrorCallback                   0x08001af5   Thumb Code     2  stm32f4xx_hal_uart.o(i.HAL_UART_ErrorCallback)
    HAL_UART_IRQHandler                      0x08001af9   Thumb Code   618  stm32f4xx_hal_uart.o(i.HAL_UART_IRQHandler)
    HAL_UART_IdleCpltCallback                0x08001d69   Thumb Code    68  prot_sbus.o(i.HAL_UART_IdleCpltCallback)
    HAL_UART_Init                            0x08001dbd   Thumb Code   100  stm32f4xx_hal_uart.o(i.HAL_UART_Init)
    HAL_UART_MspInit                         0x08001e21   Thumb Code   328  usart.o(i.HAL_UART_MspInit)
    HAL_UART_Receive_DMA                     0x08001f91   Thumb Code    28  stm32f4xx_hal_uart.o(i.HAL_UART_Receive_DMA)
    HAL_UART_RxCpltCallback                  0x08001fad   Thumb Code     2  stm32f4xx_hal_uart.o(i.HAL_UART_RxCpltCallback)
    HAL_UART_RxHalfCpltCallback              0x08001faf   Thumb Code     2  stm32f4xx_hal_uart.o(i.HAL_UART_RxHalfCpltCallback)
    HAL_UART_Transmit                        0x08001fb1   Thumb Code   160  stm32f4xx_hal_uart.o(i.HAL_UART_Transmit)
    HAL_UART_TxCpltCallback                  0x08002051   Thumb Code     2  stm32f4xx_hal_uart.o(i.HAL_UART_TxCpltCallback)
    HardFault_Handler                        0x08002053   Thumb Code     2  stm32f4xx_it.o(i.HardFault_Handler)
    Index_Entry                              0x08002055   Thumb Code    26  task_index.o(i.Index_Entry)
    Led_Entry                                0x08002075   Thumb Code    26  freertos.o(i.Led_Entry)
    MX_ADC1_Init                             0x08002095   Thumb Code    88  adc.o(i.MX_ADC1_Init)
    MX_ADC3_Init                             0x080020f9   Thumb Code    88  adc.o(i.MX_ADC3_Init)
    MX_CAN1_Init                             0x0800215d   Thumb Code    60  can.o(i.MX_CAN1_Init)
    MX_DMA_Init                              0x080021a1   Thumb Code    40  dma.o(i.MX_DMA_Init)
    MX_FREERTOS_Init                         0x080021cd   Thumb Code    50  freertos.o(i.MX_FREERTOS_Init)
    MX_GPIO_Init                             0x08002215   Thumb Code   252  gpio.o(i.MX_GPIO_Init)
    MX_I2C3_Init                             0x08002321   Thumb Code    50  i2c.o(i.MX_I2C3_Init)
    MX_USART1_UART_Init                      0x08002361   Thumb Code    48  usart.o(i.MX_USART1_UART_Init)
    MX_USART3_UART_Init                      0x08002399   Thumb Code    54  usart.o(i.MX_USART3_UART_Init)
    MX_USART6_UART_Init                      0x080023dd   Thumb Code    48  usart.o(i.MX_USART6_UART_Init)
    MemManage_Handler                        0x08002415   Thumb Code     2  stm32f4xx_it.o(i.MemManage_Handler)
    Mixer_Entry                              0x08002419   Thumb Code    22  task_mixer.o(i.Mixer_Entry)
    NMI_Handler                              0x0800243d   Thumb Code     2  stm32f4xx_it.o(i.NMI_Handler)
    SBUS_Init                                0x08002441   Thumb Code    22  prot_sbus.o(i.SBUS_Init)
    SBUS_Process                             0x08002461   Thumb Code   290  prot_sbus.o(i.SBUS_Process)
    SEGGER_RTT_AllocUpBuffer                 0x08002589   Thumb Code   100  segger_rtt.o(i.SEGGER_RTT_AllocUpBuffer)
    SEGGER_RTT_ConfigDownBuffer              0x080025f1   Thumb Code    88  segger_rtt.o(i.SEGGER_RTT_ConfigDownBuffer)
    SEGGER_RTT_ReadNoLock                    0x0800264d   Thumb Code   118  segger_rtt.o(i.SEGGER_RTT_ReadNoLock)
    SEGGER_RTT_WriteSkipNoLock               0x080026c9   Thumb Code   108  segger_rtt.o(i.SEGGER_RTT_WriteSkipNoLock)
    SEGGER_SYSVIEW_Conf                      0x08002739   Thumb Code    28  segger_sysview_config_freertos.o(i.SEGGER_SYSVIEW_Conf)
    SEGGER_SYSVIEW_GetSysDesc                0x08002761   Thumb Code   122  segger_sysview.o(i.SEGGER_SYSVIEW_GetSysDesc)
    SEGGER_SYSVIEW_Init                      0x080027e1   Thumb Code    72  segger_sysview.o(i.SEGGER_SYSVIEW_Init)
    SEGGER_SYSVIEW_OnIdle                    0x08002841   Thumb Code    30  segger_sysview.o(i.SEGGER_SYSVIEW_OnIdle)
    SEGGER_SYSVIEW_OnTaskCreate              0x08002865   Thumb Code    60  segger_sysview.o(i.SEGGER_SYSVIEW_OnTaskCreate)
    SEGGER_SYSVIEW_OnTaskStartExec           0x080028a5   Thumb Code    60  segger_sysview.o(i.SEGGER_SYSVIEW_OnTaskStartExec)
    SEGGER_SYSVIEW_OnTaskStartReady          0x080028e5   Thumb Code    60  segger_sysview.o(i.SEGGER_SYSVIEW_OnTaskStartReady)
    SEGGER_SYSVIEW_RecordSystime             0x08002925   Thumb Code    42  segger_sysview.o(i.SEGGER_SYSVIEW_RecordSystime)
    SEGGER_SYSVIEW_RecordU32                 0x08002959   Thumb Code    54  segger_sysview.o(i.SEGGER_SYSVIEW_RecordU32)
    SEGGER_SYSVIEW_RecordU32x2               0x08002995   Thumb Code    76  segger_sysview.o(i.SEGGER_SYSVIEW_RecordU32x2)
    SEGGER_SYSVIEW_RecordU32x3               0x080029e5   Thumb Code   102  segger_sysview.o(i.SEGGER_SYSVIEW_RecordU32x3)
    SEGGER_SYSVIEW_RecordU32x4               0x08002a51   Thumb Code   124  segger_sysview.o(i.SEGGER_SYSVIEW_RecordU32x4)
    SEGGER_SYSVIEW_RecordVoid                0x08002ad1   Thumb Code    30  segger_sysview.o(i.SEGGER_SYSVIEW_RecordVoid)
    SEGGER_SYSVIEW_SendModule                0x08002af5   Thumb Code   128  segger_sysview.o(i.SEGGER_SYSVIEW_SendModule)
    SEGGER_SYSVIEW_SendModuleDescription     0x08002b7d   Thumb Code    22  segger_sysview.o(i.SEGGER_SYSVIEW_SendModuleDescription)
    SEGGER_SYSVIEW_SendNumModules            0x08002b99   Thumb Code    56  segger_sysview.o(i.SEGGER_SYSVIEW_SendNumModules)
    SEGGER_SYSVIEW_SendSysDesc               0x08002bd9   Thumb Code    42  segger_sysview.o(i.SEGGER_SYSVIEW_SendSysDesc)
    SEGGER_SYSVIEW_SendTaskInfo              0x08002c09   Thumb Code   194  segger_sysview.o(i.SEGGER_SYSVIEW_SendTaskInfo)
    SEGGER_SYSVIEW_SendTaskList              0x08002cd1   Thumb Code    18  segger_sysview.o(i.SEGGER_SYSVIEW_SendTaskList)
    SEGGER_SYSVIEW_SetRAMBase                0x08002ce9   Thumb Code     6  segger_sysview.o(i.SEGGER_SYSVIEW_SetRAMBase)
    SEGGER_SYSVIEW_ShrinkId                  0x08002cf5   Thumb Code     8  segger_sysview.o(i.SEGGER_SYSVIEW_ShrinkId)
    SEGGER_SYSVIEW_Start                     0x08002d01   Thumb Code   166  segger_sysview.o(i.SEGGER_SYSVIEW_Start)
    SEGGER_SYSVIEW_Stop                      0x08002db1   Thumb Code    42  segger_sysview.o(i.SEGGER_SYSVIEW_Stop)
    SEGGER_SYSVIEW_Warn                      0x08002de1   Thumb Code    54  segger_sysview.o(i.SEGGER_SYSVIEW_Warn)
    SYSVIEW_AddTask                          0x08002e1d   Thumb Code    90  segger_sysview_freertos.o(i.SYSVIEW_AddTask)
    SYSVIEW_SendTaskInfo                     0x08002e8d   Thumb Code    42  segger_sysview_freertos.o(i.SYSVIEW_SendTaskInfo)
    SysTick_Handler                          0x08002eb7   Thumb Code    26  cmsis_os2.o(i.SysTick_Handler)
    SystemClock_Config                       0x08002ed1   Thumb Code   140  main.o(i.SystemClock_Config)
    SystemInit                               0x08002f65   Thumb Code    12  system_stm32f4xx.o(i.SystemInit)
    TIM6_DAC_IRQHandler                      0x08002f75   Thumb Code     6  stm32f4xx_it.o(i.TIM6_DAC_IRQHandler)
    TIM_Base_SetConfig                       0x08002f81   Thumb Code   170  stm32f4xx_hal_tim.o(i.TIM_Base_SetConfig)
    UART_Start_Receive_DMA                   0x08003391   Thumb Code   130  stm32f4xx_hal_uart.o(i.UART_Start_Receive_DMA)
    USART3_IRQHandler                        0x08003495   Thumb Code    18  stm32f4xx_it.o(i.USART3_IRQHandler)
    UsageFault_Handler                       0x080034b1   Thumb Code     2  stm32f4xx_it.o(i.UsageFault_Handler)
    __0printf$1                              0x08003779   Thumb Code    22  printf1.o(i.__0printf$1)
    __1printf$1                              0x08003779   Thumb Code     0  printf1.o(i.__0printf$1)
    __2printf                                0x08003779   Thumb Code     0  printf1.o(i.__0printf$1)
    __scatterload_copy                       0x080037b9   Thumb Code    14  handlers.o(i.__scatterload_copy)
    __scatterload_null                       0x080037c7   Thumb Code     2  handlers.o(i.__scatterload_null)
    __scatterload_zeroinit                   0x080037c9   Thumb Code    14  handlers.o(i.__scatterload_zeroinit)
    fputc                                    0x080039dd   Thumb Code    18  drv_uart.o(i.fputc)
    main                                     0x080039f5   Thumb Code    58  main.o(i.main)
    osDelay                                  0x08003a2f   Thumb Code    26  cmsis_os2.o(i.osDelay)
    osKernelInitialize                       0x08003a49   Thumb Code    32  cmsis_os2.o(i.osKernelInitialize)
    osKernelStart                            0x08003a6d   Thumb Code    48  cmsis_os2.o(i.osKernelStart)
    osThreadNew                              0x08003aa5   Thumb Code   138  cmsis_os2.o(i.osThreadNew)
    pvPortMalloc                             0x08004309   Thumb Code   216  heap_4.o(i.pvPortMalloc)
    pxPortInitialiseStack                    0x080043e5   Thumb Code    40  port.o(i.pxPortInitialiseStack)
    uxListRemove                             0x08004411   Thumb Code    38  list.o(i.uxListRemove)
    uxTaskGetStackHighWaterMark              0x08004439   Thumb Code    12  tasks.o(i.uxTaskGetStackHighWaterMark)
    vApplicationGetIdleTaskMemory            0x08004449   Thumb Code    16  cmsis_os2.o(i.vApplicationGetIdleTaskMemory)
    vApplicationGetTimerTaskMemory           0x0800445d   Thumb Code    18  cmsis_os2.o(i.vApplicationGetTimerTaskMemory)
    vListInitialise                          0x08004475   Thumb Code    22  list.o(i.vListInitialise)
    vListInitialiseItem                      0x0800448b   Thumb Code     6  list.o(i.vListInitialiseItem)
    vListInsert                              0x08004491   Thumb Code    48  list.o(i.vListInsert)
    vListInsertEnd                           0x080044c1   Thumb Code    24  list.o(i.vListInsertEnd)
    vPortEnterCritical                       0x080044d9   Thumb Code    54  port.o(i.vPortEnterCritical)
    vPortExitCritical                        0x08004519   Thumb Code    34  port.o(i.vPortExitCritical)
    vPortFree                                0x08004541   Thumb Code    94  heap_4.o(i.vPortFree)
    vPortSetupTimerInterrupt                 0x080045a5   Thumb Code    32  port.o(i.vPortSetupTimerInterrupt)
    vPortValidateInterruptPriority           0x080045c9   Thumb Code    74  port.o(i.vPortValidateInterruptPriority)
    vQueueAddToRegistry                      0x0800461d   Thumb Code    50  queue.o(i.vQueueAddToRegistry)
    vQueueWaitForMessageRestricted           0x08004655   Thumb Code    68  queue.o(i.vQueueWaitForMessageRestricted)
    vTaskDelay                               0x08004699   Thumb Code    74  tasks.o(i.vTaskDelay)
    vTaskInternalSetTimeOutState             0x080046ed   Thumb Code    12  tasks.o(i.vTaskInternalSetTimeOutState)
    vTaskMissedYield                         0x080046fd   Thumb Code     8  tasks.o(i.vTaskMissedYield)
    vTaskPlaceOnEventList                    0x08004709   Thumb Code    44  tasks.o(i.vTaskPlaceOnEventList)
    vTaskPlaceOnEventListRestricted          0x08004739   Thumb Code    58  tasks.o(i.vTaskPlaceOnEventListRestricted)
    vTaskStartScheduler                      0x08004779   Thumb Code   144  tasks.o(i.vTaskStartScheduler)
    vTaskSuspendAll                          0x08004819   Thumb Code    10  tasks.o(i.vTaskSuspendAll)
    vTaskSwitchContext                       0x08004829   Thumb Code   120  tasks.o(i.vTaskSwitchContext)
    xPortStartScheduler                      0x080048b1   Thumb Code   222  port.o(i.xPortStartScheduler)
    xPortSysTickHandler                      0x080049a5   Thumb Code    38  port.o(i.xPortSysTickHandler)
    xQueueGenericCreateStatic                0x080049d1   Thumb Code   102  queue.o(i.xQueueGenericCreateStatic)
    xQueueGenericReset                       0x08004a39   Thumb Code   132  queue.o(i.xQueueGenericReset)
    xQueueGenericSend                        0x08004ac1   Thumb Code   386  queue.o(i.xQueueGenericSend)
    xQueueGenericSendFromISR                 0x08004c49   Thumb Code   222  queue.o(i.xQueueGenericSendFromISR)
    xQueueReceive                            0x08004d29   Thumb Code   366  queue.o(i.xQueueReceive)
    xTaskCheckForTimeOut                     0x08004e9d   Thumb Code   112  tasks.o(i.xTaskCheckForTimeOut)
    xTaskCreate                              0x08004f11   Thumb Code    90  tasks.o(i.xTaskCreate)
    xTaskCreateStatic                        0x08004f6b   Thumb Code    86  tasks.o(i.xTaskCreateStatic)
    xTaskGetSchedulerState                   0x08004fc1   Thumb Code    22  tasks.o(i.xTaskGetSchedulerState)
    xTaskGetTickCount                        0x08004fdd   Thumb Code     6  tasks.o(i.xTaskGetTickCount)
    xTaskGetTickCountFromISR                 0x08004fe9   Thumb Code    12  tasks.o(i.xTaskGetTickCountFromISR)
    xTaskIncrementTick                       0x08004ff9   Thumb Code   198  tasks.o(i.xTaskIncrementTick)
    xTaskPriorityDisinherit                  0x080050c9   Thumb Code   132  tasks.o(i.xTaskPriorityDisinherit)
    xTaskRemoveFromEventList                 0x08005155   Thumb Code   104  tasks.o(i.xTaskRemoveFromEventList)
    xTaskResumeAll                           0x080051c9   Thumb Code   186  tasks.o(i.xTaskResumeAll)
    xTimerCreateTimerTask                    0x08005291   Thumb Code    78  timers.o(i.xTimerCreateTimerTask)
    xTimerGenericCommand                     0x080052f1   Thumb Code    98  timers.o(i.xTimerGenericCommand)
    Led_attributes                           0x08005358   Data          36  freertos.o(.constdata)
    Index_attributes                         0x0800537c   Data          36  freertos.o(.constdata)
    Mixer_attributes                         0x080053a0   Data          36  freertos.o(.constdata)
    SYSVIEW_X_OS_TraceAPI                    0x080053f0   Data           8  segger_sysview_freertos.o(.constdata)
    AHBPrescTable                            0x08005400   Data          16  system_stm32f4xx.o(.constdata)
    APBPrescTable                            0x08005410   Data           8  system_stm32f4xx.o(.constdata)
    Region$$Table$$Base                      0x0800547c   Number         0  anon$$obj.o(Region$$Table)
    Region$$Table$$Limit                     0x0800549c   Number         0  anon$$obj.o(Region$$Table)
    LedHandle                                0x20000000   Data           4  freertos.o(.data)
    IndexHandle                              0x20000004   Data           4  freertos.o(.data)
    MixerHandle                              0x20000008   Data           4  freertos.o(.data)
    sbus_state                               0x2000000c   Data           1  prot_sbus.o(.data)
    pxCurrentTCB                             0x20000010   Data           4  tasks.o(.data)
    uwTickFreq                               0x200000a4   Data           1  stm32f4xx_hal.o(.data)
    uwTickPrio                               0x200000a8   Data           4  stm32f4xx_hal.o(.data)
    uwTick                                   0x200000ac   Data           4  stm32f4xx_hal.o(.data)
    SystemCoreClock                          0x200000b0   Data           4  system_stm32f4xx.o(.data)
    __stdout                                 0x200000b4   Data           4  stdout.o(.data)
    hadc1                                    0x200000b8   Data          72  adc.o(.bss)
    hadc3                                    0x20000100   Data          72  adc.o(.bss)
    hcan1                                    0x20000148   Data          40  can.o(.bss)
    hi2c3                                    0x20000170   Data          84  i2c.o(.bss)
    huart1                                   0x200001c4   Data          72  usart.o(.bss)
    huart3                                   0x2000020c   Data          72  usart.o(.bss)
    huart6                                   0x20000254   Data          72  usart.o(.bss)
    hdma_usart3_rx                           0x2000029c   Data          96  usart.o(.bss)
    htim6                                    0x200002fc   Data          72  stm32f4xx_hal_timebase_tim.o(.bss)
    sbus_buf                                 0x20000344   Data          25  prot_sbus.o(.bss)
    SBUS_CH                                  0x2000035e   Data          82  prot_sbus.o(.bss)
    xQueueRegistry                           0x200003b0   Data          64  queue.o(.bss)
    _SEGGER_RTT                              0x20004c84   Data         168  segger_rtt.o(.bss)
    __initial_sp                             0x20005ae8   Data           0  startup_stm32f407xx.o(STACK)



==============================================================================

Memory Map of the image

  Image Entry point : 0x08000189

  Load Region LR_IROM1 (Base: 0x08000000, Size: 0x00005554, Max: 0x00100000, ABSOLUTE)

    Execution Region ER_IROM1 (Exec base: 0x08000000, Load base: 0x08000000, Size: 0x0000549c, Max: 0x00100000, ABSOLUTE)

    Exec Addr    Load Addr    Size         Type   Attr      Idx    E Section Name        Object

    0x08000000   0x08000000   0x00000188   Data   RO            3    RESET               startup_stm32f407xx.o
    0x08000188   0x08000188   0x00000000   Code   RO         6925  * .ARM.Collect$$$$00000000  mc_w.l(entry.o)
    0x08000188   0x08000188   0x00000004   Code   RO         7203    .ARM.Collect$$$$00000001  mc_w.l(entry2.o)
    0x0800018c   0x0800018c   0x00000004   Code   RO         7206    .ARM.Collect$$$$00000004  mc_w.l(entry5.o)
    0x08000190   0x08000190   0x00000000   Code   RO         7208    .ARM.Collect$$$$00000008  mc_w.l(entry7b.o)
    0x08000190   0x08000190   0x00000000   Code   RO         7210    .ARM.Collect$$$$0000000A  mc_w.l(entry8b.o)
    0x08000190   0x08000190   0x00000008   Code   RO         7211    .ARM.Collect$$$$0000000B  mc_w.l(entry9a.o)
    0x08000198   0x08000198   0x00000004   Code   RO         7218    .ARM.Collect$$$$0000000E  mc_w.l(entry12b.o)
    0x0800019c   0x0800019c   0x00000000   Code   RO         7213    .ARM.Collect$$$$0000000F  mc_w.l(entry10a.o)
    0x0800019c   0x0800019c   0x00000000   Code   RO         7215    .ARM.Collect$$$$00000011  mc_w.l(entry11a.o)
    0x0800019c   0x0800019c   0x00000004   Code   RO         7204    .ARM.Collect$$$$00002712  mc_w.l(entry2.o)
    0x080001a0   0x080001a0   0x000000be   Code   RO         2535    .emb_text           port.o
    0x0800025e   0x0800025e   0x00000002   PAD
    0x08000260   0x08000260   0x00000024   Code   RO            4    .text               startup_stm32f407xx.o
    0x08000284   0x08000284   0x00000062   Code   RO         6928    .text               mc_w.l(uldiv.o)
    0x080002e6   0x080002e6   0x00000024   Code   RO         6930    .text               mc_w.l(memcpya.o)
    0x0800030a   0x0800030a   0x00000024   Code   RO         6934    .text               mc_w.l(memseta.o)
    0x0800032e   0x0800032e   0x0000001a   Code   RO         6938    .text               mc_w.l(memcmp.o)
    0x08000348   0x08000348   0x0000002c   Code   RO         7220    .text               mc_w.l(uidiv.o)
    0x08000374   0x08000374   0x0000001e   Code   RO         7222    .text               mc_w.l(llshl.o)
    0x08000392   0x08000392   0x00000020   Code   RO         7224    .text               mc_w.l(llushr.o)
    0x080003b2   0x080003b2   0x00000002   PAD
    0x080003b4   0x080003b4   0x00000024   Code   RO         7237    .text               mc_w.l(init.o)
    0x080003d8   0x080003d8   0x00000128   Code   RO         3452    i.ADC_Init          stm32f4xx_hal_adc.o
    0x08000500   0x08000500   0x00000002   Code   RO          545    i.BusFault_Handler  stm32f4xx_it.o
    0x08000502   0x08000502   0x00000002   PAD
    0x08000504   0x08000504   0x0000000c   Code   RO          546    i.DMA1_Stream1_IRQHandler  stm32f4xx_it.o
    0x08000510   0x08000510   0x00000028   Code   RO         4186    i.DMA_CalcBaseAndBitshift  stm32f4xx_hal_dma.o
    0x08000538   0x08000538   0x00000054   Code   RO         4187    i.DMA_CheckFifoParam  stm32f4xx_hal_dma.o
    0x0800058c   0x0800058c   0x00000028   Code   RO         4188    i.DMA_SetConfig     stm32f4xx_hal_dma.o
    0x080005b4   0x080005b4   0x00000002   Code   RO          547    i.DebugMon_Handler  stm32f4xx_it.o
    0x080005b6   0x080005b6   0x00000006   Code   RO          548    i.EXTI3_IRQHandler  stm32f4xx_it.o
    0x080005bc   0x080005bc   0x00000004   Code   RO           13    i.Error_Handler     main.o
    0x080005c0   0x080005c0   0x0000014c   Code   RO         3454    i.HAL_ADC_ConfigChannel  stm32f4xx_hal_adc.o
    0x0800070c   0x0800070c   0x00000054   Code   RO         3463    i.HAL_ADC_Init      stm32f4xx_hal_adc.o
    0x08000760   0x08000760   0x0000007c   Code   RO          333    i.HAL_ADC_MspInit   adc.o
    0x080007dc   0x080007dc   0x0000011a   Code   RO         4879    i.HAL_CAN_Init      stm32f4xx_hal_can.o
    0x080008f6   0x080008f6   0x00000002   PAD
    0x080008f8   0x080008f8   0x00000068   Code   RO          382    i.HAL_CAN_MspInit   can.o
    0x08000960   0x08000960   0x00000092   Code   RO         4189    i.HAL_DMA_Abort     stm32f4xx_hal_dma.o
    0x080009f2   0x080009f2   0x00000024   Code   RO         4190    i.HAL_DMA_Abort_IT  stm32f4xx_hal_dma.o
    0x08000a16   0x08000a16   0x00000002   PAD
    0x08000a18   0x08000a18   0x000001a0   Code   RO         4194    i.HAL_DMA_IRQHandler  stm32f4xx_hal_dma.o
    0x08000bb8   0x08000bb8   0x000000d4   Code   RO         4195    i.HAL_DMA_Init      stm32f4xx_hal_dma.o
    0x08000c8c   0x08000c8c   0x0000006e   Code   RO         4199    i.HAL_DMA_Start_IT  stm32f4xx_hal_dma.o
    0x08000cfa   0x08000cfa   0x00000002   Code   RO         4080    i.HAL_GPIO_EXTI_Callback  stm32f4xx_hal_gpio.o
    0x08000cfc   0x08000cfc   0x00000018   Code   RO         4081    i.HAL_GPIO_EXTI_IRQHandler  stm32f4xx_hal_gpio.o
    0x08000d14   0x08000d14   0x000001f0   Code   RO         4082    i.HAL_GPIO_Init     stm32f4xx_hal_gpio.o
    0x08000f04   0x08000f04   0x00000010   Code   RO         4085    i.HAL_GPIO_TogglePin  stm32f4xx_hal_gpio.o
    0x08000f14   0x08000f14   0x0000000a   Code   RO         4086    i.HAL_GPIO_WritePin  stm32f4xx_hal_gpio.o
    0x08000f1e   0x08000f1e   0x00000002   PAD
    0x08000f20   0x08000f20   0x0000000c   Code   RO         4620    i.HAL_GetTick       stm32f4xx_hal.o
    0x08000f2c   0x08000f2c   0x00000188   Code   RO         5110    i.HAL_I2C_Init      stm32f4xx_hal_i2c.o
    0x080010b4   0x080010b4   0x00000088   Code   RO          449    i.HAL_I2C_MspInit   i2c.o
    0x0800113c   0x0800113c   0x00000010   Code   RO         4626    i.HAL_IncTick       stm32f4xx_hal.o
    0x0800114c   0x0800114c   0x00000034   Code   RO         4627    i.HAL_Init          stm32f4xx_hal.o
    0x08001180   0x08001180   0x00000098   Code   RO          651    i.HAL_InitTick      stm32f4xx_hal_timebase_tim.o
    0x08001218   0x08001218   0x00000038   Code   RO          627    i.HAL_MspInit       stm32f4xx_hal_msp.o
    0x08001250   0x08001250   0x0000001a   Code   RO         4472    i.HAL_NVIC_EnableIRQ  stm32f4xx_hal_cortex.o
    0x0800126a   0x0800126a   0x00000002   PAD
    0x0800126c   0x0800126c   0x00000040   Code   RO         4478    i.HAL_NVIC_SetPriority  stm32f4xx_hal_cortex.o
    0x080012ac   0x080012ac   0x00000024   Code   RO         4479    i.HAL_NVIC_SetPriorityGrouping  stm32f4xx_hal_cortex.o
    0x080012d0   0x080012d0   0x00000134   Code   RO         3728    i.HAL_RCC_ClockConfig  stm32f4xx_hal_rcc.o
    0x08001404   0x08001404   0x00000040   Code   RO         3732    i.HAL_RCC_GetClockConfig  stm32f4xx_hal_rcc.o
    0x08001444   0x08001444   0x00000020   Code   RO         3735    i.HAL_RCC_GetPCLK1Freq  stm32f4xx_hal_rcc.o
    0x08001464   0x08001464   0x00000020   Code   RO         3736    i.HAL_RCC_GetPCLK2Freq  stm32f4xx_hal_rcc.o
    0x08001484   0x08001484   0x00000064   Code   RO         3737    i.HAL_RCC_GetSysClockFreq  stm32f4xx_hal_rcc.o
    0x080014e8   0x080014e8   0x0000036c   Code   RO         3740    i.HAL_RCC_OscConfig  stm32f4xx_hal_rcc.o
    0x08001854   0x08001854   0x00000002   Code   RO         6260    i.HAL_TIMEx_BreakCallback  stm32f4xx_hal_tim_ex.o
    0x08001856   0x08001856   0x00000002   Code   RO         6261    i.HAL_TIMEx_CommutCallback  stm32f4xx_hal_tim_ex.o
    0x08001858   0x08001858   0x0000005a   Code   RO         5556    i.HAL_TIM_Base_Init  stm32f4xx_hal_tim.o
    0x080018b2   0x080018b2   0x00000002   Code   RO         5558    i.HAL_TIM_Base_MspInit  stm32f4xx_hal_tim.o
    0x080018b4   0x080018b4   0x00000080   Code   RO         5561    i.HAL_TIM_Base_Start_IT  stm32f4xx_hal_tim.o
    0x08001934   0x08001934   0x00000002   Code   RO         5590    i.HAL_TIM_IC_CaptureCallback  stm32f4xx_hal_tim.o
    0x08001936   0x08001936   0x00000130   Code   RO         5604    i.HAL_TIM_IRQHandler  stm32f4xx_hal_tim.o
    0x08001a66   0x08001a66   0x00000002   Code   RO         5607    i.HAL_TIM_OC_DelayElapsedCallback  stm32f4xx_hal_tim.o
    0x08001a68   0x08001a68   0x00000002   Code   RO         5634    i.HAL_TIM_PWM_PulseFinishedCallback  stm32f4xx_hal_tim.o
    0x08001a6a   0x08001a6a   0x00000002   PAD
    0x08001a6c   0x08001a6c   0x00000014   Code   RO           14    i.HAL_TIM_PeriodElapsedCallback  main.o
    0x08001a80   0x08001a80   0x00000002   Code   RO         5647    i.HAL_TIM_TriggerCallback  stm32f4xx_hal_tim.o
    0x08001a82   0x08001a82   0x00000002   Code   RO         6539    i.HAL_UARTEx_RxEventCallback  stm32f4xx_hal_uart.o
    0x08001a84   0x08001a84   0x00000070   Code   RO         6551    i.HAL_UART_DMAStop  stm32f4xx_hal_uart.o
    0x08001af4   0x08001af4   0x00000002   Code   RO         6553    i.HAL_UART_ErrorCallback  stm32f4xx_hal_uart.o
    0x08001af6   0x08001af6   0x00000002   PAD
    0x08001af8   0x08001af8   0x00000270   Code   RO         6556    i.HAL_UART_IRQHandler  stm32f4xx_hal_uart.o
    0x08001d68   0x08001d68   0x00000054   Code   RO          762    i.HAL_UART_IdleCpltCallback  prot_sbus.o
    0x08001dbc   0x08001dbc   0x00000064   Code   RO         6557    i.HAL_UART_Init     stm32f4xx_hal_uart.o
    0x08001e20   0x08001e20   0x00000170   Code   RO          491    i.HAL_UART_MspInit  usart.o
    0x08001f90   0x08001f90   0x0000001c   Code   RO         6561    i.HAL_UART_Receive_DMA  stm32f4xx_hal_uart.o
    0x08001fac   0x08001fac   0x00000002   Code   RO         6563    i.HAL_UART_RxCpltCallback  stm32f4xx_hal_uart.o
    0x08001fae   0x08001fae   0x00000002   Code   RO         6564    i.HAL_UART_RxHalfCpltCallback  stm32f4xx_hal_uart.o
    0x08001fb0   0x08001fb0   0x000000a0   Code   RO         6565    i.HAL_UART_Transmit  stm32f4xx_hal_uart.o
    0x08002050   0x08002050   0x00000002   Code   RO         6568    i.HAL_UART_TxCpltCallback  stm32f4xx_hal_uart.o
    0x08002052   0x08002052   0x00000002   Code   RO          549    i.HardFault_Handler  stm32f4xx_it.o
    0x08002054   0x08002054   0x00000020   Code   RO          812    i.Index_Entry       task_index.o
    0x08002074   0x08002074   0x00000020   Code   RO          289    i.Led_Entry         freertos.o
    0x08002094   0x08002094   0x00000064   Code   RO          334    i.MX_ADC1_Init      adc.o
    0x080020f8   0x080020f8   0x00000064   Code   RO          335    i.MX_ADC3_Init      adc.o
    0x0800215c   0x0800215c   0x00000044   Code   RO          383    i.MX_CAN1_Init      can.o
    0x080021a0   0x080021a0   0x0000002c   Code   RO          424    i.MX_DMA_Init       dma.o
    0x080021cc   0x080021cc   0x00000048   Code   RO          290    i.MX_FREERTOS_Init  freertos.o
    0x08002214   0x08002214   0x0000010c   Code   RO          265    i.MX_GPIO_Init      gpio.o
    0x08002320   0x08002320   0x00000040   Code   RO          450    i.MX_I2C3_Init      i2c.o
    0x08002360   0x08002360   0x00000038   Code   RO          492    i.MX_USART1_UART_Init  usart.o
    0x08002398   0x08002398   0x00000044   Code   RO          493    i.MX_USART3_UART_Init  usart.o
    0x080023dc   0x080023dc   0x00000038   Code   RO          494    i.MX_USART6_UART_Init  usart.o
    0x08002414   0x08002414   0x00000002   Code   RO          550    i.MemManage_Handler  stm32f4xx_it.o
    0x08002416   0x08002416   0x00000002   PAD
    0x08002418   0x08002418   0x00000024   Code   RO          836    i.Mixer_Entry       task_mixer.o
    0x0800243c   0x0800243c   0x00000002   Code   RO          551    i.NMI_Handler       stm32f4xx_it.o
    0x0800243e   0x0800243e   0x00000002   PAD
    0x08002440   0x08002440   0x00000020   Code   RO          763    i.SBUS_Init         prot_sbus.o
    0x08002460   0x08002460   0x00000128   Code   RO          764    i.SBUS_Process      prot_sbus.o
    0x08002588   0x08002588   0x00000068   Code   RO         2613    i.SEGGER_RTT_AllocUpBuffer  segger_rtt.o
    0x080025f0   0x080025f0   0x0000005c   Code   RO         2614    i.SEGGER_RTT_ConfigDownBuffer  segger_rtt.o
    0x0800264c   0x0800264c   0x0000007c   Code   RO         2627    i.SEGGER_RTT_ReadNoLock  segger_rtt.o
    0x080026c8   0x080026c8   0x00000070   Code   RO         2641    i.SEGGER_RTT_WriteSkipNoLock  segger_rtt.o
    0x08002738   0x08002738   0x00000028   Code   RO         3379    i.SEGGER_SYSVIEW_Conf  segger_sysview_config_freertos.o
    0x08002760   0x08002760   0x00000080   Code   RO         2852    i.SEGGER_SYSVIEW_GetSysDesc  segger_sysview.o
    0x080027e0   0x080027e0   0x00000060   Code   RO         2857    i.SEGGER_SYSVIEW_Init  segger_sysview.o
    0x08002840   0x08002840   0x00000024   Code   RO         2864    i.SEGGER_SYSVIEW_OnIdle  segger_sysview.o
    0x08002864   0x08002864   0x00000040   Code   RO         2865    i.SEGGER_SYSVIEW_OnTaskCreate  segger_sysview.o
    0x080028a4   0x080028a4   0x00000040   Code   RO         2866    i.SEGGER_SYSVIEW_OnTaskStartExec  segger_sysview.o
    0x080028e4   0x080028e4   0x00000040   Code   RO         2867    i.SEGGER_SYSVIEW_OnTaskStartReady  segger_sysview.o
    0x08002924   0x08002924   0x00000034   Code   RO         2885    i.SEGGER_SYSVIEW_RecordSystime  segger_sysview.o
    0x08002958   0x08002958   0x0000003c   Code   RO         2886    i.SEGGER_SYSVIEW_RecordU32  segger_sysview.o
    0x08002994   0x08002994   0x00000050   Code   RO         2888    i.SEGGER_SYSVIEW_RecordU32x2  segger_sysview.o
    0x080029e4   0x080029e4   0x0000006c   Code   RO         2889    i.SEGGER_SYSVIEW_RecordU32x3  segger_sysview.o
    0x08002a50   0x08002a50   0x00000080   Code   RO         2890    i.SEGGER_SYSVIEW_RecordU32x4  segger_sysview.o
    0x08002ad0   0x08002ad0   0x00000024   Code   RO         2896    i.SEGGER_SYSVIEW_RecordVoid  segger_sysview.o
    0x08002af4   0x08002af4   0x00000088   Code   RO         2898    i.SEGGER_SYSVIEW_SendModule  segger_sysview.o
    0x08002b7c   0x08002b7c   0x0000001c   Code   RO         2899    i.SEGGER_SYSVIEW_SendModuleDescription  segger_sysview.o
    0x08002b98   0x08002b98   0x00000040   Code   RO         2900    i.SEGGER_SYSVIEW_SendNumModules  segger_sysview.o
    0x08002bd8   0x08002bd8   0x00000030   Code   RO         2902    i.SEGGER_SYSVIEW_SendSysDesc  segger_sysview.o
    0x08002c08   0x08002c08   0x000000c8   Code   RO         2903    i.SEGGER_SYSVIEW_SendTaskInfo  segger_sysview.o
    0x08002cd0   0x08002cd0   0x00000018   Code   RO         2904    i.SEGGER_SYSVIEW_SendTaskList  segger_sysview.o
    0x08002ce8   0x08002ce8   0x0000000c   Code   RO         2905    i.SEGGER_SYSVIEW_SetRAMBase  segger_sysview.o
    0x08002cf4   0x08002cf4   0x0000000c   Code   RO         2906    i.SEGGER_SYSVIEW_ShrinkId  segger_sysview.o
    0x08002d00   0x08002d00   0x000000b0   Code   RO         2907    i.SEGGER_SYSVIEW_Start  segger_sysview.o
    0x08002db0   0x08002db0   0x00000030   Code   RO         2908    i.SEGGER_SYSVIEW_Stop  segger_sysview.o
    0x08002de0   0x08002de0   0x0000003c   Code   RO         2917    i.SEGGER_SYSVIEW_Warn  segger_sysview.o
    0x08002e1c   0x08002e1c   0x00000070   Code   RO         3397    i.SYSVIEW_AddTask   segger_sysview_freertos.o
    0x08002e8c   0x08002e8c   0x0000002a   Code   RO         3399    i.SYSVIEW_SendTaskInfo  segger_sysview_freertos.o
    0x08002eb6   0x08002eb6   0x0000001a   Code   RO         1970    i.SysTick_Handler   cmsis_os2.o
    0x08002ed0   0x08002ed0   0x00000094   Code   RO           15    i.SystemClock_Config  main.o
    0x08002f64   0x08002f64   0x00000010   Code   RO         6891    i.SystemInit        system_stm32f4xx.o
    0x08002f74   0x08002f74   0x0000000c   Code   RO          552    i.TIM6_DAC_IRQHandler  stm32f4xx_it.o
    0x08002f80   0x08002f80   0x000000d8   Code   RO         5649    i.TIM_Base_SetConfig  stm32f4xx_hal_tim.o
    0x08003058   0x08003058   0x00000010   Code   RO         6570    i.UART_DMAAbortOnError  stm32f4xx_hal_uart.o
    0x08003068   0x08003068   0x0000004a   Code   RO         6571    i.UART_DMAError     stm32f4xx_hal_uart.o
    0x080030b2   0x080030b2   0x00000086   Code   RO         6572    i.UART_DMAReceiveCplt  stm32f4xx_hal_uart.o
    0x08003138   0x08003138   0x0000001e   Code   RO         6574    i.UART_DMARxHalfCplt  stm32f4xx_hal_uart.o
    0x08003156   0x08003156   0x0000004e   Code   RO         6580    i.UART_EndRxTransfer  stm32f4xx_hal_uart.o
    0x080031a4   0x080031a4   0x0000001c   Code   RO         6581    i.UART_EndTxTransfer  stm32f4xx_hal_uart.o
    0x080031c0   0x080031c0   0x000000c2   Code   RO         6582    i.UART_Receive_IT   stm32f4xx_hal_uart.o
    0x08003282   0x08003282   0x00000002   PAD
    0x08003284   0x08003284   0x0000010c   Code   RO         6583    i.UART_SetConfig    stm32f4xx_hal_uart.o
    0x08003390   0x08003390   0x00000090   Code   RO         6584    i.UART_Start_Receive_DMA  stm32f4xx_hal_uart.o
    0x08003420   0x08003420   0x00000072   Code   RO         6586    i.UART_WaitOnFlagUntilTimeout  stm32f4xx_hal_uart.o
    0x08003492   0x08003492   0x00000002   PAD
    0x08003494   0x08003494   0x0000001c   Code   RO          553    i.USART3_IRQHandler  stm32f4xx_it.o
    0x080034b0   0x080034b0   0x00000002   Code   RO          554    i.UsageFault_Handler  stm32f4xx_it.o
    0x080034b2   0x080034b2   0x00000002   PAD
    0x080034b4   0x080034b4   0x00000064   Code   RO         2644    i._DoInit           segger_rtt.o
    0x08003518   0x08003518   0x00000026   Code   RO         2920    i._EncodeStr        segger_sysview.o
    0x0800353e   0x0800353e   0x00000002   PAD
    0x08003540   0x08003540   0x00000094   Code   RO         2921    i._HandleIncomingPacket  segger_sysview.o
    0x080035d4   0x080035d4   0x0000013c   Code   RO         2924    i._SendPacket       segger_sysview.o
    0x08003710   0x08003710   0x00000068   Code   RO         2926    i._TrySendOverflowPacket  segger_sysview.o
    0x08003778   0x08003778   0x00000020   Code   RO         6987    i.__0printf$1       mc_w.l(printf1.o)
    0x08003798   0x08003798   0x00000020   Code   RO         4485    i.__NVIC_SetPriority  stm32f4xx_hal_cortex.o
    0x080037b8   0x080037b8   0x0000000e   Code   RO         7245    i.__scatterload_copy  mc_w.l(handlers.o)
    0x080037c6   0x080037c6   0x00000002   Code   RO         7246    i.__scatterload_null  mc_w.l(handlers.o)
    0x080037c8   0x080037c8   0x0000000e   Code   RO         7247    i.__scatterload_zeroinit  mc_w.l(handlers.o)
    0x080037d6   0x080037d6   0x0000001e   Code   RO         3401    i._cbGetTime        segger_sysview_freertos.o
    0x080037f4   0x080037f4   0x00000058   Code   RO         3380    i._cbSendSystemDesc  segger_sysview_config_freertos.o
    0x0800384c   0x0800384c   0x0000003c   Code   RO         3402    i._cbSendTaskList   segger_sysview_freertos.o
    0x08003888   0x08003888   0x00000154   Code   RO         6994    i._printf_core      mc_w.l(printf1.o)
    0x080039dc   0x080039dc   0x00000018   Code   RO          728    i.fputc             drv_uart.o
    0x080039f4   0x080039f4   0x0000003a   Code   RO           16    i.main              main.o
    0x08003a2e   0x08003a2e   0x0000001a   Code   RO         1972    i.osDelay           cmsis_os2.o
    0x08003a48   0x08003a48   0x00000024   Code   RO         1986    i.osKernelInitialize  cmsis_os2.o
    0x08003a6c   0x08003a6c   0x00000038   Code   RO         1989    i.osKernelStart     cmsis_os2.o
    0x08003aa4   0x08003aa4   0x0000008a   Code   RO         2031    i.osThreadNew       cmsis_os2.o
    0x08003b2e   0x08003b2e   0x00000002   PAD
    0x08003b30   0x08003b30   0x0000005c   Code   RO         1431    i.prvAddCurrentTaskToDelayedList  tasks.o
    0x08003b8c   0x08003b8c   0x000000f0   Code   RO         1432    i.prvAddNewTaskToReadyList  tasks.o
    0x08003c7c   0x08003c7c   0x00000058   Code   RO         1796    i.prvCheckForValidListAndQueue  timers.o
    0x08003cd4   0x08003cd4   0x00000026   Code   RO         1028    i.prvCopyDataFromQueue  queue.o
    0x08003cfa   0x08003cfa   0x0000006c   Code   RO         1029    i.prvCopyDataToQueue  queue.o
    0x08003d66   0x08003d66   0x00000034   Code   RO         1433    i.prvDeleteTCB      tasks.o
    0x08003d9a   0x08003d9a   0x00000002   PAD
    0x08003d9c   0x08003d9c   0x0000004c   Code   RO         2480    i.prvHeapInit       heap_4.o
    0x08003de8   0x08003de8   0x00000060   Code   RO         1434    i.prvIdleTask       tasks.o
    0x08003e48   0x08003e48   0x00000034   Code   RO         1031    i.prvInitialiseNewQueue  queue.o
    0x08003e7c   0x08003e7c   0x000000b0   Code   RO         1435    i.prvInitialiseNewTask  tasks.o
    0x08003f2c   0x08003f2c   0x0000004c   Code   RO         2481    i.prvInsertBlockIntoFreeList  heap_4.o
    0x08003f78   0x08003f78   0x00000038   Code   RO         1798    i.prvInsertTimerInActiveList  timers.o
    0x08003fb0   0x08003fb0   0x0000001c   Code   RO         1032    i.prvIsQueueEmpty   queue.o
    0x08003fcc   0x08003fcc   0x000000fc   Code   RO         1799    i.prvProcessReceivedCommands  timers.o
    0x080040c8   0x080040c8   0x000000c0   Code   RO         1800    i.prvProcessTimerOrBlockTask  timers.o
    0x08004188   0x08004188   0x00000020   Code   RO         1437    i.prvResetNextTaskUnblockTime  tasks.o
    0x080041a8   0x080041a8   0x00000028   Code   RO         1801    i.prvSampleTimeNow  timers.o
    0x080041d0   0x080041d0   0x0000006c   Code   RO         1802    i.prvSwitchTimerLists  timers.o
    0x0800423c   0x0800423c   0x00000014   Code   RO         1438    i.prvTaskCheckFreeStackSpace  tasks.o
    0x08004250   0x08004250   0x00000028   Code   RO         2536    i.prvTaskExitError  port.o
    0x08004278   0x08004278   0x00000024   Code   RO         1803    i.prvTimerTask      timers.o
    0x0800429c   0x0800429c   0x0000006a   Code   RO         1033    i.prvUnlockQueue    queue.o
    0x08004306   0x08004306   0x00000002   PAD
    0x08004308   0x08004308   0x000000dc   Code   RO         2482    i.pvPortMalloc      heap_4.o
    0x080043e4   0x080043e4   0x0000002c   Code   RO         2537    i.pxPortInitialiseStack  port.o
    0x08004410   0x08004410   0x00000026   Code   RO          988    i.uxListRemove      list.o
    0x08004436   0x08004436   0x00000002   PAD
    0x08004438   0x08004438   0x00000010   Code   RO         1444    i.uxTaskGetStackHighWaterMark  tasks.o
    0x08004448   0x08004448   0x00000014   Code   RO         2043    i.vApplicationGetIdleTaskMemory  cmsis_os2.o
    0x0800445c   0x0800445c   0x00000018   Code   RO         2044    i.vApplicationGetTimerTaskMemory  cmsis_os2.o
    0x08004474   0x08004474   0x00000016   Code   RO          989    i.vListInitialise   list.o
    0x0800448a   0x0800448a   0x00000006   Code   RO          990    i.vListInitialiseItem  list.o
    0x08004490   0x08004490   0x00000030   Code   RO          991    i.vListInsert       list.o
    0x080044c0   0x080044c0   0x00000018   Code   RO          992    i.vListInsertEnd    list.o
    0x080044d8   0x080044d8   0x00000040   Code   RO         2539    i.vPortEnterCritical  port.o
    0x08004518   0x08004518   0x00000028   Code   RO         2540    i.vPortExitCritical  port.o
    0x08004540   0x08004540   0x00000064   Code   RO         2483    i.vPortFree         heap_4.o
    0x080045a4   0x080045a4   0x00000024   Code   RO         2541    i.vPortSetupTimerInterrupt  port.o
    0x080045c8   0x080045c8   0x00000054   Code   RO         2542    i.vPortValidateInterruptPriority  port.o
    0x0800461c   0x0800461c   0x00000038   Code   RO         1039    i.vQueueAddToRegistry  queue.o
    0x08004654   0x08004654   0x00000044   Code   RO         1043    i.vQueueWaitForMessageRestricted  queue.o
    0x08004698   0x08004698   0x00000054   Code   RO         1450    i.vTaskDelay        tasks.o
    0x080046ec   0x080046ec   0x00000010   Code   RO         1455    i.vTaskInternalSetTimeOutState  tasks.o
    0x080046fc   0x080046fc   0x0000000c   Code   RO         1456    i.vTaskMissedYield  tasks.o
    0x08004708   0x08004708   0x00000030   Code   RO         1458    i.vTaskPlaceOnEventList  tasks.o
    0x08004738   0x08004738   0x00000040   Code   RO         1459    i.vTaskPlaceOnEventListRestricted  tasks.o
    0x08004778   0x08004778   0x000000a0   Code   RO         1467    i.vTaskStartScheduler  tasks.o
    0x08004818   0x08004818   0x00000010   Code   RO         1469    i.vTaskSuspendAll   tasks.o
    0x08004828   0x08004828   0x00000088   Code   RO         1470    i.vTaskSwitchContext  tasks.o
    0x080048b0   0x080048b0   0x000000f4   Code   RO         2543    i.xPortStartScheduler  port.o
    0x080049a4   0x080049a4   0x0000002c   Code   RO         2544    i.xPortSysTickHandler  port.o
    0x080049d0   0x080049d0   0x00000066   Code   RO         1049    i.xQueueGenericCreateStatic  queue.o
    0x08004a36   0x08004a36   0x00000002   PAD
    0x08004a38   0x08004a38   0x00000088   Code   RO         1050    i.xQueueGenericReset  queue.o
    0x08004ac0   0x08004ac0   0x00000188   Code   RO         1051    i.xQueueGenericSend  queue.o
    0x08004c48   0x08004c48   0x000000de   Code   RO         1052    i.xQueueGenericSendFromISR  queue.o
    0x08004d26   0x08004d26   0x00000002   PAD
    0x08004d28   0x08004d28   0x00000174   Code   RO         1061    i.xQueueReceive     queue.o
    0x08004e9c   0x08004e9c   0x00000074   Code   RO         1472    i.xTaskCheckForTimeOut  tasks.o
    0x08004f10   0x08004f10   0x0000005a   Code   RO         1473    i.xTaskCreate       tasks.o
    0x08004f6a   0x08004f6a   0x00000056   Code   RO         1474    i.xTaskCreateStatic  tasks.o
    0x08004fc0   0x08004fc0   0x0000001c   Code   RO         1478    i.xTaskGetSchedulerState  tasks.o
    0x08004fdc   0x08004fdc   0x0000000c   Code   RO         1479    i.xTaskGetTickCount  tasks.o
    0x08004fe8   0x08004fe8   0x00000010   Code   RO         1480    i.xTaskGetTickCountFromISR  tasks.o
    0x08004ff8   0x08004ff8   0x000000d0   Code   RO         1481    i.xTaskIncrementTick  tasks.o
    0x080050c8   0x080050c8   0x0000008c   Code   RO         1484    i.xTaskPriorityDisinherit  tasks.o
    0x08005154   0x08005154   0x00000074   Code   RO         1486    i.xTaskRemoveFromEventList  tasks.o
    0x080051c8   0x080051c8   0x000000c8   Code   RO         1487    i.xTaskResumeAll    tasks.o
    0x08005290   0x08005290   0x00000060   Code   RO         1812    i.xTimerCreateTimerTask  timers.o
    0x080052f0   0x080052f0   0x00000068   Code   RO         1813    i.xTimerGenericCommand  timers.o
    0x08005358   0x08005358   0x0000006c   Data   RO          291    .constdata          freertos.o
    0x080053c4   0x080053c4   0x00000011   Data   RO         2650    .constdata          segger_rtt.o
    0x080053d5   0x080053d5   0x0000001a   Data   RO         2930    .constdata          segger_sysview.o
    0x080053ef   0x080053ef   0x00000001   PAD
    0x080053f0   0x080053f0   0x00000008   Data   RO         3404    .constdata          segger_sysview_freertos.o
    0x080053f8   0x080053f8   0x00000008   Data   RO         4201    .constdata          stm32f4xx_hal_dma.o
    0x08005400   0x08005400   0x00000010   Data   RO         6892    .constdata          system_stm32f4xx.o
    0x08005410   0x08005410   0x00000008   Data   RO         6893    .constdata          system_stm32f4xx.o
    0x08005418   0x08005418   0x00000012   Data   RO          292    .conststring        freertos.o
    0x0800542a   0x0800542a   0x00000002   PAD
    0x0800542c   0x0800542c   0x00000050   Data   RO         3405    .conststring        segger_sysview_freertos.o
    0x0800547c   0x0800547c   0x00000020   Data   RO         7243    Region$$Table       anon$$obj.o


    Execution Region RW_IRAM1 (Exec base: 0x20000000, Load base: 0x0800549c, Size: 0x00005ae8, Max: 0x0001c000, ABSOLUTE)

    Exec Addr    Load Addr    Size         Type   Attr      Idx    E Section Name        Object

    0x20000000   0x0800549c   0x0000000c   Data   RW          293    .data               freertos.o
    0x2000000c   0x080054a8   0x00000001   Data   RW          768    .data               prot_sbus.o
    0x2000000d   0x080054a9   0x00000003   PAD
    0x20000010   0x080054ac   0x0000003c   Data   RW         1490    .data               tasks.o
    0x2000004c   0x080054e8   0x00000014   Data   RW         1821    .data               timers.o
    0x20000060   0x080054fc   0x00000004   Data   RW         2046    .data               cmsis_os2.o
    0x20000064   0x08005500   0x00000020   Data   RW         2489    .data               heap_4.o
    0x20000084   0x08005520   0x0000000c   Data   RW         2545    .data               port.o
    0x20000090   0x0800552c   0x00000010   Data   RW         2933    .data               segger_sysview.o
    0x200000a0   0x0800553c   0x00000004   Data   RW         3406    .data               segger_sysview_freertos.o
    0x200000a4   0x08005540   0x0000000c   Data   RW         4634    .data               stm32f4xx_hal.o
    0x200000b0   0x0800554c   0x00000004   Data   RW         6894    .data               system_stm32f4xx.o
    0x200000b4   0x08005550   0x00000004   Data   RW         7219    .data               mc_w.l(stdout.o)
    0x200000b8        -       0x00000090   Zero   RW          336    .bss                adc.o
    0x20000148        -       0x00000028   Zero   RW          384    .bss                can.o
    0x20000170        -       0x00000054   Zero   RW          451    .bss                i2c.o
    0x200001c4        -       0x00000138   Zero   RW          495    .bss                usart.o
    0x200002fc        -       0x00000048   Zero   RW          654    .bss                stm32f4xx_hal_timebase_tim.o
    0x20000344        -       0x0000006c   Zero   RW          766    .bss                prot_sbus.o
    0x200003b0        -       0x00000040   Zero   RW         1065    .bss                queue.o
    0x200003f0        -       0x000004c4   Zero   RW         1489    .bss                tasks.o
    0x200008b4        -       0x00000118   Zero   RW         1820    .bss                timers.o
    0x200009cc        -       0x000006b8   Zero   RW         2045    .bss                cmsis_os2.o
    0x20001084        -       0x00003c00   Zero   RW         2488    .bss                heap_4.o
    0x20004c84        -       0x000004b8   Zero   RW         2649    .bss                segger_rtt.o
    0x2000513c        -       0x0000050b   Zero   RW         2929    .bss                segger_sysview.o
    0x20005647   0x08005554   0x00000001   PAD
    0x20005648        -       0x000000a0   Zero   RW         3403    .bss                segger_sysview_freertos.o
    0x200056e8        -       0x00000400   Zero   RW            1    STACK               startup_stm32f407xx.o


    Execution Region RW_IRAM2 (Exec base: 0x2001c000, Load base: 0x08005554, Size: 0x00000000, Max: 0x00004000, ABSOLUTE)

    **** No section assigned to this execution region ****


==============================================================================

Image component sizes


      Code (inc. data)   RO Data    RW Data    ZI Data      Debug   Object Name

       324         40          0          0        144       2406   adc.o
       172         22          0          0         40       1717   can.o
       326         22          0          4       1720      59767   cmsis_os2.o
        44          4          0          0          0        790   dma.o
         0          0          0          0          0       3736   drv_key.o
        24          6          0          0          0        552   drv_uart.o
         0          0          0          0          0      17728   event_groups.o
       104         28        126         12          0       1980   freertos.o
       268         16          0          0          0       1119   gpio.o
       472         24          0         32      15360       4911   heap_4.o
       200         32          0          0         84       1753   i2c.o
       138          0          0          0          0       3586   list.o
       230         14          0          0          0     743900   main.o
       786         82          0         12          0      11585   port.o
       412         32          0          1        108       3537   prot_sbus.o
      1680         22          0          0         64      17632   queue.o
       532         38         17          0       1208      10620   segger_rtt.o
      2330        180         26         16       1291      33097   segger_sysview.o
       128         82          0          0          0       1198   segger_sysview_config_freertos.o
       244         30         88          4        160       4277   segger_sysview_freertos.o
        36          8        392          0       1024        844   startup_stm32f407xx.o
        80         14          0         12          0       8122   stm32f4xx_hal.o
       712         28          0          0          0       2907   stm32f4xx_hal_adc.o
       282          0          0          0          0       1423   stm32f4xx_hal_can.o
       158         14          0          0          0      33062   stm32f4xx_hal_cortex.o
      1084         16          8          0          0       7410   stm32f4xx_hal_dma.o
       548         52          0          0          0       4061   stm32f4xx_hal_gpio.o
       392         16          0          0          0       3239   stm32f4xx_hal_i2c.o
        56          4          0          0          0        882   stm32f4xx_hal_msp.o
      1412         86          0          0          0       5945   stm32f4xx_hal_rcc.o
       748         74          0          0          0       7580   stm32f4xx_hal_tim.o
         4          0          0          0          0       1653   stm32f4xx_hal_tim_ex.o
       152         20          0          0         72       1499   stm32f4xx_hal_timebase_tim.o
      2114         30          0          0          0      16205   stm32f4xx_hal_uart.o
        70         22          0          0          0       4780   stm32f4xx_it.o
         0          0          0          0          0        400   stream_buffer.o
        16          4         24          4          0       1151   system_stm32f4xx.o
        32          6          0          0          0        522   task_index.o
        36         14          0          0          0        522   task_mixer.o
      2272        180          0         60       1220      29041   tasks.o
       972         80          0         20        280      30483   timers.o
       548         70          0          0        312       3323   usart.o

    ----------------------------------------------------------------------
     20178       1412        716        180      23088    1090945   Object Totals
         0          0         32          0          0          0   (incl. Generated)
        40          0          3          3          1          0   (incl. Padding)

    ----------------------------------------------------------------------

      Code (inc. data)   RO Data    RW Data    ZI Data      Debug   Library Member Name

         0          0          0          0          0          0   entry.o
         0          0          0          0          0          0   entry10a.o
         0          0          0          0          0          0   entry11a.o
         4          0          0          0          0          0   entry12b.o
         8          4          0          0          0          0   entry2.o
         4          0          0          0          0          0   entry5.o
         0          0          0          0          0          0   entry7b.o
         0          0          0          0          0          0   entry8b.o
         8          4          0          0          0          0   entry9a.o
        30          0          0          0          0          0   handlers.o
        36          8          0          0          0         68   init.o
        30          0          0          0          0         68   llshl.o
        32          0          0          0          0         68   llushr.o
        26          0          0          0          0         80   memcmp.o
        36          0          0          0          0         68   memcpya.o
        36          0          0          0          0        108   memseta.o
       372         14          0          0          0        184   printf1.o
         0          0          0          4          0          0   stdout.o
        44          0          0          0          0         80   uidiv.o
        98          0          0          0          0         92   uldiv.o

    ----------------------------------------------------------------------
       766         30          0          4          0        816   Library Totals
         2          0          0          0          0          0   (incl. Padding)

    ----------------------------------------------------------------------

      Code (inc. data)   RO Data    RW Data    ZI Data      Debug   Library Name

       764         30          0          4          0        816   mc_w.l

    ----------------------------------------------------------------------
       766         30          0          4          0        816   Library Totals

    ----------------------------------------------------------------------

==============================================================================


      Code (inc. data)   RO Data    RW Data    ZI Data      Debug   

     20944       1442        716        184      23088    1071301   Grand Totals
     20944       1442        716        184      23088    1071301   ELF Image Totals
     20944       1442        716        184          0          0   ROM Totals

==============================================================================

    Total RO  Size (Code + RO Data)                21660 (  21.15kB)
    Total RW  Size (RW Data + ZI Data)             23272 (  22.73kB)
    Total ROM Size (Code + RO Data + RW Data)      21844 (  21.33kB)

==============================================================================

